MemTotal:       28754832 kB
MemFree:        27226656 kB
MemAvailable:   28214720 kB
Buffers:          290432 kB
Cached:           886288 kB
SwapCached:            0 kB
Active:          1067856 kB
Inactive:         145304 kB
Active(anon):      39224 kB
Inactive(anon):     8372 kB
Active(file):    1028632 kB
Inactive(file):   136932 kB
Unevictable:        3652 kB
Mlocked:            3652 kB
SwapTotal:             0 kB
SwapFree:              0 kB
Dirty:                 0 kB
Writeback:             0 kB
AnonPages:         40160 kB
Mapped:            47524 kB
Shmem:              8736 kB
Slab:             232720 kB
SReclaimable:     209016 kB
SUnreclaim:        23704 kB
KernelStack:        2784 kB
PageTables:         2824 kB
NFS_Unstable:          0 kB
Bounce:                0 kB
WritebackTmp:          0 kB
CommitLimit:    14377416 kB
Committed_AS:     313308 kB
VmallocTotal:   34359738367 kB
VmallocUsed:           0 kB
VmallocChunk:          0 kB
HardwareCorrupted:     0 kB
AnonHugePages:      6144 kB
CmaTotal:              0 kB
CmaFree:               0 kB
HugePages_Total:       0
HugePages_Free:        0
HugePages_Rsvd:        0
HugePages_Surp:        0
Hugepagesize:       2048 kB
DirectMap4k:       66544 kB
DirectMap2M:    29231104 kB
