MemTotal:       16401808 kB
MemFree:        14118164 kB
MemAvailable:   15038308 kB
Buffers:           96232 kB
Cached:          1010336 kB
SwapCached:            0 kB
Active:          1220048 kB
Inactive:         464448 kB
Active(anon):     579248 kB
Inactive(anon):     7556 kB
Active(file):     640800 kB
Inactive(file):   456892 kB
Unevictable:          32 kB
Mlocked:              32 kB
SwapTotal:       2097148 kB
SwapFree:        2097148 kB
Dirty:                52 kB
Writeback:             0 kB
AnonPages:        577940 kB
Mapped:           241520 kB
Shmem:              8880 kB
Slab:             277640 kB
SReclaimable:     151004 kB
SUnreclaim:       126636 kB
KernelStack:       12896 kB
PageTables:        19320 kB
NFS_Unstable:          0 kB
Bounce:                0 kB
WritebackTmp:          0 kB
CommitLimit:    10298052 kB
Committed_AS:    4656904 kB
VmallocTotal:   34359738367 kB
VmallocUsed:           0 kB
VmallocChunk:          0 kB
HardwareCorrupted:     0 kB
AnonHugePages:     24576 kB
ShmemHugePages:        0 kB
ShmemPmdMapped:        0 kB
CmaTotal:              0 kB
CmaFree:               0 kB
HugePages_Total:       0
HugePages_Free:        0
HugePages_Rsvd:        0
HugePages_Surp:        0
Hugepagesize:       2048 kB
Hugetlb:               0 kB
DirectMap4k:      259904 kB
DirectMap2M:     4982784 kB
DirectMap1G:    13631488 kB
