MemTotal:       28754832 kB
MemFree:        27032192 kB
MemAvailable:   28212748 kB
Buffers:          268988 kB
Cached:          1055468 kB
SwapCached:            0 kB
Active:          1082408 kB
Inactive:         279424 kB
Active(anon):      40168 kB
Inactive(anon):     8356 kB
Active(file):    1042240 kB
Inactive(file):   271068 kB
Unevictable:        3652 kB
Mlocked:            3652 kB
SwapTotal:             0 kB
SwapFree:              0 kB
Dirty:                 0 kB
Writeback:             0 kB
AnonPages:         41052 kB
Mapped:            46836 kB
Shmem:              8728 kB
Slab:             277364 kB
SReclaimable:     253752 kB
SUnreclaim:        23612 kB
KernelStack:        2912 kB
PageTables:         3028 kB
NFS_Unstable:          0 kB
Bounce:                0 kB
WritebackTmp:          0 kB
CommitLimit:    14377416 kB
Committed_AS:     276548 kB
VmallocTotal:   34359738367 kB
VmallocUsed:           0 kB
VmallocChunk:          0 kB
HardwareCorrupted:     0 kB
AnonHugePages:      6144 kB
CmaTotal:              0 kB
CmaFree:               0 kB
HugePages_Total:       0
HugePages_Free:        0
HugePages_Rsvd:        0
HugePages_Surp:        0
Hugepagesize:       2048 kB
DirectMap4k:       74736 kB
DirectMap2M:    29222912 kB
