MemTotal:       30875568 kB
MemFree:        28035724 kB
MemAvailable:   29956212 kB
Buffers:          465236 kB
Cached:          1414432 kB
SwapCached:            0 kB
Active:          1725456 kB
Inactive:         356084 kB
Active(anon):     202688 kB
Inactive(anon):       68 kB
Active(file):    1522768 kB
Inactive(file):   356016 kB
Unevictable:           0 kB
Mlocked:               0 kB
SwapTotal:             0 kB
SwapFree:              0 kB
Dirty:               236 kB
Writeback:             0 kB
AnonPages:        201344 kB
Mapped:            68304 kB
Shmem:               880 kB
Slab:             573416 kB
SReclaimable:     492212 kB
SUnreclaim:        81204 kB
KernelStack:        3120 kB
PageTables:         5800 kB
NFS_Unstable:          0 kB
Bounce:                0 kB
WritebackTmp:          0 kB
CommitLimit:    15437784 kB
Committed_AS:     596088 kB
VmallocTotal:   34359738367 kB
VmallocUsed:           0 kB
VmallocChunk:          0 kB
HardwareCorrupted:     0 kB
AnonHugePages:      6144 kB
ShmemHugePages:        0 kB
ShmemPmdMapped:        0 kB
CmaTotal:              0 kB
CmaFree:               0 kB
HugePages_Total:       0
HugePages_Free:        0
HugePages_Rsvd:        0
HugePages_Surp:        0
Hugepagesize:       2048 kB
DirectMap4k:      153588 kB
DirectMap2M:     6137856 kB
DirectMap1G:    27262976 kB
