MemTotal:       28754832 kB
MemFree:        27223960 kB
MemAvailable:   28213452 kB
Buffers:          290448 kB
Cached:           887532 kB
SwapCached:            0 kB
Active:          1070020 kB
Inactive:         146268 kB
Active(anon):      40948 kB
Inactive(anon):     8372 kB
Active(file):    1029072 kB
Inactive(file):   137896 kB
Unevictable:        3652 kB
Mlocked:            3652 kB
SwapTotal:             0 kB
SwapFree:              0 kB
Dirty:                 0 kB
Writeback:             0 kB
AnonPages:         41704 kB
Mapped:            47356 kB
Shmem:              8736 kB
Slab:             232392 kB
SReclaimable:     209040 kB
SUnreclaim:        23352 kB
KernelStack:        2928 kB
PageTables:         2796 kB
NFS_Unstable:          0 kB
Bounce:                0 kB
WritebackTmp:          0 kB
CommitLimit:    14377416 kB
Committed_AS:     307156 kB
VmallocTotal:   34359738367 kB
VmallocUsed:           0 kB
VmallocChunk:          0 kB
HardwareCorrupted:     0 kB
AnonHugePages:      6144 kB
CmaTotal:              0 kB
CmaFree:               0 kB
HugePages_Total:       0
HugePages_Free:        0
HugePages_Rsvd:        0
HugePages_Surp:        0
Hugepagesize:       2048 kB
DirectMap4k:       72688 kB
DirectMap2M:    29224960 kB
