MemTotal:       30875568 kB
MemFree:        15421828 kB
MemAvailable:   29797268 kB
Buffers:          216628 kB
Cached:         14056480 kB
SwapCached:            0 kB
Active:          1598204 kB
Inactive:       12947016 kB
Active(anon):     281372 kB
Inactive(anon):    10292 kB
Active(file):    1316832 kB
Inactive(file): 12936724 kB
Unevictable:           0 kB
Mlocked:               0 kB
SwapTotal:             0 kB
SwapFree:              0 kB
Dirty:               120 kB
Writeback:             0 kB
AnonPages:        272184 kB
Mapped:           233592 kB
Shmem:             19404 kB
Slab:             728912 kB
SReclaimable:     572404 kB
SUnreclaim:       156508 kB
KernelStack:        5904 kB
PageTables:         9920 kB
NFS_Unstable:          0 kB
Bounce:                0 kB
WritebackTmp:          0 kB
CommitLimit:    15437784 kB
Committed_AS:    1783736 kB
VmallocTotal:   34359738367 kB
VmallocUsed:           0 kB
VmallocChunk:          0 kB
HardwareCorrupted:     0 kB
AnonHugePages:      8192 kB
ShmemHugePages:        0 kB
ShmemPmdMapped:        0 kB
CmaTotal:              0 kB
CmaFree:               0 kB
HugePages_Total:       0
HugePages_Free:        0
HugePages_Rsvd:        0
HugePages_Surp:        0
Hugepagesize:       2048 kB
DirectMap4k:      366580 kB
DirectMap2M:     6973440 kB
DirectMap1G:    26214400 kB
