MemTotal:       28754832 kB
MemFree:        27257656 kB
MemAvailable:   28223456 kB
Buffers:          288260 kB
Cached:           879992 kB
SwapCached:            0 kB
Active:          1059880 kB
Inactive:         143156 kB
Active(anon):      37820 kB
Inactive(anon):     8372 kB
Active(file):    1022060 kB
Inactive(file):   134784 kB
Unevictable:        3652 kB
Mlocked:            3652 kB
SwapTotal:             0 kB
SwapFree:              0 kB
Dirty:             15584 kB
Writeback:             0 kB
AnonPages:         38228 kB
Mapped:            47316 kB
Shmem:              8736 kB
Slab:             215684 kB
SReclaimable:     195472 kB
SUnreclaim:        20212 kB
KernelStack:        2912 kB
PageTables:         2908 kB
NFS_Unstable:          0 kB
Bounce:                0 kB
WritebackTmp:          0 kB
CommitLimit:    14377416 kB
Committed_AS:     264372 kB
VmallocTotal:   34359738367 kB
VmallocUsed:           0 kB
VmallocChunk:          0 kB
HardwareCorrupted:     0 kB
AnonHugePages:      6144 kB
CmaTotal:              0 kB
CmaFree:               0 kB
HugePages_Total:       0
HugePages_Free:        0
HugePages_Rsvd:        0
HugePages_Surp:        0
Hugepagesize:       2048 kB
DirectMap4k:       64496 kB
DirectMap2M:    29233152 kB
