MemTotal:       30875568 kB
MemFree:        27735596 kB
MemAvailable:   29966548 kB
Buffers:          101416 kB
Cached:          2353180 kB
SwapCached:            0 kB
Active:          2148992 kB
Inactive:         524472 kB
Active(anon):     219620 kB
Inactive(anon):      152 kB
Active(file):    1929372 kB
Inactive(file):   524320 kB
Unevictable:           0 kB
Mlocked:               0 kB
SwapTotal:             0 kB
SwapFree:              0 kB
Dirty:                72 kB
Writeback:             0 kB
AnonPages:        218888 kB
Mapped:            74608 kB
Shmem:               880 kB
Slab:             308852 kB
SReclaimable:     227768 kB
SUnreclaim:        81084 kB
KernelStack:        5328 kB
PageTables:         6824 kB
NFS_Unstable:          0 kB
Bounce:                0 kB
WritebackTmp:          0 kB
CommitLimit:    15437784 kB
Committed_AS:    1449944 kB
VmallocTotal:   34359738367 kB
VmallocUsed:           0 kB
VmallocChunk:          0 kB
HardwareCorrupted:     0 kB
AnonHugePages:     22528 kB
ShmemHugePages:        0 kB
ShmemPmdMapped:        0 kB
CmaTotal:              0 kB
CmaFree:               0 kB
HugePages_Total:       0
HugePages_Free:        0
HugePages_Rsvd:        0
HugePages_Surp:        0
Hugepagesize:       2048 kB
DirectMap4k:       96244 kB
DirectMap2M:     6195200 kB
DirectMap1G:    27262976 kB
