MemTotal:       30875568 kB
MemFree:        25144384 kB
MemAvailable:   27638316 kB
Buffers:          604012 kB
Cached:          1896400 kB
SwapCached:            0 kB
Active:          4191464 kB
Inactive:         751520 kB
Active(anon):    2473412 kB
Inactive(anon):    19396 kB
Active(file):    1718052 kB
Inactive(file):   732124 kB
Unevictable:           0 kB
Mlocked:               0 kB
SwapTotal:             0 kB
SwapFree:              0 kB
Dirty:             15400 kB
Writeback:             0 kB
AnonPages:       2442520 kB
Mapped:           250808 kB
Shmem:             50240 kB
Slab:             616024 kB
SReclaimable:     494276 kB
SUnreclaim:       121748 kB
KernelStack:        6160 kB
PageTables:        13092 kB
NFS_Unstable:          0 kB
Bounce:                0 kB
WritebackTmp:          0 kB
CommitLimit:    15437784 kB
Committed_AS:    3016060 kB
VmallocTotal:   34359738367 kB
VmallocUsed:           0 kB
VmallocChunk:          0 kB
HardwareCorrupted:     0 kB
AnonHugePages:     47104 kB
ShmemHugePages:        0 kB
ShmemPmdMapped:        0 kB
CmaTotal:              0 kB
CmaFree:               0 kB
HugePages_Total:       0
HugePages_Free:        0
HugePages_Rsvd:        0
HugePages_Surp:        0
Hugepagesize:       2048 kB
DirectMap4k:      364532 kB
DirectMap2M:    26898432 kB
DirectMap1G:     6291456 kB
