MemTotal:       30875568 kB
MemFree:        27693264 kB
MemAvailable:   29955172 kB
Buffers:          547088 kB
Cached:          1741260 kB
SwapCached:            0 kB
Active:          1879004 kB
Inactive:         591636 kB
Active(anon):     194288 kB
Inactive(anon):     9876 kB
Active(file):    1684716 kB
Inactive(file):   581760 kB
Unevictable:           0 kB
Mlocked:               0 kB
SwapTotal:             0 kB
SwapFree:              0 kB
Dirty:               112 kB
Writeback:             0 kB
AnonPages:        181796 kB
Mapped:           274688 kB
Shmem:             21872 kB
Slab:             548380 kB
SReclaimable:     445952 kB
SUnreclaim:       102428 kB
KernelStack:        4544 kB
PageTables:         6528 kB
NFS_Unstable:          0 kB
Bounce:                0 kB
WritebackTmp:          0 kB
CommitLimit:    15437784 kB
Committed_AS:    1484292 kB
VmallocTotal:   34359738367 kB
VmallocUsed:           0 kB
VmallocChunk:          0 kB
HardwareCorrupted:     0 kB
AnonHugePages:    137216 kB
ShmemHugePages:        0 kB
ShmemPmdMapped:        0 kB
CmaTotal:              0 kB
CmaFree:               0 kB
HugePages_Total:       0
HugePages_Free:        0
HugePages_Rsvd:        0
HugePages_Surp:        0
Hugepagesize:       2048 kB
DirectMap4k:      249844 kB
DirectMap2M:    24915968 kB
DirectMap1G:     8388608 kB
