MemTotal:       30875568 kB
MemFree:        27729804 kB
MemAvailable:   29967948 kB
Buffers:          107124 kB
Cached:          2354888 kB
SwapCached:            0 kB
Active:          2154996 kB
Inactive:         525700 kB
Active(anon):     219408 kB
Inactive(anon):      152 kB
Active(file):    1935588 kB
Inactive(file):   525548 kB
Unevictable:           0 kB
Mlocked:               0 kB
SwapTotal:             0 kB
SwapFree:              0 kB
Dirty:                 4 kB
Writeback:             0 kB
AnonPages:        218680 kB
Mapped:            74680 kB
Shmem:               880 kB
Slab:             309588 kB
SReclaimable:     227516 kB
SUnreclaim:        82072 kB
KernelStack:        5088 kB
PageTables:         6888 kB
NFS_Unstable:          0 kB
Bounce:                0 kB
WritebackTmp:          0 kB
CommitLimit:    15437784 kB
Committed_AS:    1498508 kB
VmallocTotal:   34359738367 kB
VmallocUsed:           0 kB
VmallocChunk:          0 kB
HardwareCorrupted:     0 kB
AnonHugePages:     22528 kB
ShmemHugePages:        0 kB
ShmemPmdMapped:        0 kB
CmaTotal:              0 kB
CmaFree:               0 kB
HugePages_Total:       0
HugePages_Free:        0
HugePages_Rsvd:        0
HugePages_Surp:        0
Hugepagesize:       2048 kB
DirectMap4k:      102388 kB
DirectMap2M:     7237632 kB
DirectMap1G:    26214400 kB
