MemTotal:       28754832 kB
MemFree:        27034080 kB
MemAvailable:   28215312 kB
Buffers:          269044 kB
Cached:          1055824 kB
SwapCached:            0 kB
Active:          1081148 kB
Inactive:         279272 kB
Active(anon):      38344 kB
Inactive(anon):     8356 kB
Active(file):    1042804 kB
Inactive(file):   270916 kB
Unevictable:        3652 kB
Mlocked:            3652 kB
SwapTotal:             0 kB
SwapFree:              0 kB
Dirty:                 0 kB
Writeback:             0 kB
AnonPages:         39272 kB
Mapped:            46668 kB
Shmem:              8728 kB
Slab:             277352 kB
SReclaimable:     254016 kB
SUnreclaim:        23336 kB
KernelStack:        2784 kB
PageTables:         2860 kB
NFS_Unstable:          0 kB
Bounce:                0 kB
WritebackTmp:          0 kB
CommitLimit:    14377416 kB
Committed_AS:     303080 kB
VmallocTotal:   34359738367 kB
VmallocUsed:           0 kB
VmallocChunk:          0 kB
HardwareCorrupted:     0 kB
AnonHugePages:      6144 kB
CmaTotal:              0 kB
CmaFree:               0 kB
HugePages_Total:       0
HugePages_Free:        0
HugePages_Rsvd:        0
HugePages_Surp:        0
Hugepagesize:       2048 kB
DirectMap4k:       74736 kB
DirectMap2M:    29222912 kB
