MemTotal:       30875568 kB
MemFree:        15489756 kB
MemAvailable:   29855912 kB
Buffers:          215248 kB
Cached:         14046084 kB
SwapCached:            0 kB
Active:          1541260 kB
Inactive:       12939072 kB
Active(anon):     228108 kB
Inactive(anon):     5480 kB
Active(file):    1313152 kB
Inactive(file): 12933592 kB
Unevictable:           0 kB
Mlocked:               0 kB
SwapTotal:             0 kB
SwapFree:              0 kB
Dirty:                92 kB
Writeback:             0 kB
AnonPages:        219104 kB
Mapped:           224924 kB
Shmem:             14444 kB
Slab:             724752 kB
SReclaimable:     569932 kB
SUnreclaim:       154820 kB
KernelStack:        5760 kB
PageTables:         9480 kB
NFS_Unstable:          0 kB
Bounce:                0 kB
WritebackTmp:          0 kB
CommitLimit:    15437784 kB
Committed_AS:    1624324 kB
VmallocTotal:   34359738367 kB
VmallocUsed:           0 kB
VmallocChunk:          0 kB
HardwareCorrupted:     0 kB
AnonHugePages:      4096 kB
ShmemHugePages:        0 kB
ShmemPmdMapped:        0 kB
CmaTotal:              0 kB
CmaFree:               0 kB
HugePages_Total:       0
HugePages_Free:        0
HugePages_Rsvd:        0
HugePages_Surp:        0
Hugepagesize:       2048 kB
DirectMap4k:      360436 kB
DirectMap2M:     6979584 kB
DirectMap1G:    26214400 kB
