MemTotal:       30875568 kB
MemFree:        27738616 kB
MemAvailable:   29970456 kB
Buffers:          101756 kB
Cached:          2353696 kB
SwapCached:            0 kB
Active:          2149408 kB
Inactive:         524812 kB
Active(anon):     219508 kB
Inactive(anon):      152 kB
Active(file):    1929900 kB
Inactive(file):   524660 kB
Unevictable:           0 kB
Mlocked:               0 kB
SwapTotal:             0 kB
SwapFree:              0 kB
Dirty:                44 kB
Writeback:             0 kB
AnonPages:        219068 kB
Mapped:            74840 kB
Shmem:               880 kB
Slab:             308904 kB
SReclaimable:     227788 kB
SUnreclaim:        81116 kB
KernelStack:        5248 kB
PageTables:         7596 kB
NFS_Unstable:          0 kB
Bounce:                0 kB
WritebackTmp:          0 kB
CommitLimit:    15437784 kB
Committed_AS:    1494496 kB
VmallocTotal:   34359738367 kB
VmallocUsed:           0 kB
VmallocChunk:          0 kB
HardwareCorrupted:     0 kB
AnonHugePages:     20480 kB
ShmemHugePages:        0 kB
ShmemPmdMapped:        0 kB
CmaTotal:              0 kB
CmaFree:               0 kB
HugePages_Total:       0
HugePages_Free:        0
HugePages_Rsvd:        0
HugePages_Surp:        0
Hugepagesize:       2048 kB
DirectMap4k:       96244 kB
DirectMap2M:     6195200 kB
DirectMap1G:    27262976 kB
