MemTotal:       30875568 kB
MemFree:        15535232 kB
MemAvailable:   29804584 kB
Buffers:          204712 kB
Cached:         13996248 kB
SwapCached:            0 kB
Active:          1490468 kB
Inactive:       12960608 kB
Active(anon):     259068 kB
Inactive(anon):    18824 kB
Active(file):    1231400 kB
Inactive(file): 12941784 kB
Unevictable:           0 kB
Mlocked:               0 kB
SwapTotal:             0 kB
SwapFree:              0 kB
Dirty:              2084 kB
Writeback:             0 kB
AnonPages:        249480 kB
Mapped:           315884 kB
Shmem:             27636 kB
Slab:             698508 kB
SReclaimable:     546688 kB
SUnreclaim:       151820 kB
KernelStack:        6036 kB
PageTables:         9576 kB
NFS_Unstable:          0 kB
Bounce:                0 kB
WritebackTmp:          0 kB
CommitLimit:    15437784 kB
Committed_AS:    2011364 kB
VmallocTotal:   34359738367 kB
VmallocUsed:           0 kB
VmallocChunk:          0 kB
HardwareCorrupted:     0 kB
AnonHugePages:     14336 kB
ShmemHugePages:        0 kB
ShmemPmdMapped:        0 kB
CmaTotal:              0 kB
CmaFree:               0 kB
HugePages_Total:       0
HugePages_Free:        0
HugePages_Rsvd:        0
HugePages_Surp:        0
Hugepagesize:       2048 kB
DirectMap4k:      348148 kB
DirectMap2M:     6991872 kB
DirectMap1G:    26214400 kB
