MemTotal:       30875568 kB
MemFree:        27296240 kB
MemAvailable:   30002272 kB
Buffers:           97172 kB
Cached:          2813616 kB
SwapCached:            0 kB
Active:          2488840 kB
Inactive:         607940 kB
Active(anon):     186740 kB
Inactive(anon):      156 kB
Active(file):    2302100 kB
Inactive(file):   607784 kB
Unevictable:           0 kB
Mlocked:               0 kB
SwapTotal:             0 kB
SwapFree:              0 kB
Dirty:                20 kB
Writeback:             0 kB
AnonPages:        185700 kB
Mapped:            67440 kB
Shmem:               880 kB
Slab:             325464 kB
SReclaimable:     246656 kB
SUnreclaim:        78808 kB
KernelStack:        5072 kB
PageTables:         6044 kB
NFS_Unstable:          0 kB
Bounce:                0 kB
WritebackTmp:          0 kB
CommitLimit:    15437784 kB
Committed_AS:    1447672 kB
VmallocTotal:   34359738367 kB
VmallocUsed:           0 kB
VmallocChunk:          0 kB
HardwareCorrupted:     0 kB
AnonHugePages:     14336 kB
ShmemHugePages:        0 kB
ShmemPmdMapped:        0 kB
CmaTotal:              0 kB
CmaFree:               0 kB
HugePages_Total:       0
HugePages_Free:        0
HugePages_Rsvd:        0
HugePages_Surp:        0
Hugepagesize:       2048 kB
DirectMap4k:       94196 kB
DirectMap2M:     5148672 kB
DirectMap1G:    28311552 kB
