MemTotal:       30875568 kB
MemFree:        27703920 kB
MemAvailable:   29939760 kB
Buffers:          545392 kB
Cached:          1716736 kB
SwapCached:            0 kB
Active:          1888668 kB
Inactive:         567288 kB
Active(anon):     205968 kB
Inactive(anon):     9960 kB
Active(file):    1682700 kB
Inactive(file):   557328 kB
Unevictable:           0 kB
Mlocked:               0 kB
SwapTotal:             0 kB
SwapFree:              0 kB
Dirty:                 0 kB
Writeback:             0 kB
AnonPages:        193972 kB
Mapped:           278844 kB
Shmem:             21956 kB
Slab:             548876 kB
SReclaimable:     446332 kB
SUnreclaim:       102544 kB
KernelStack:        4768 kB
PageTables:         7716 kB
NFS_Unstable:          0 kB
Bounce:                0 kB
WritebackTmp:          0 kB
CommitLimit:    15437784 kB
Committed_AS:    1721028 kB
VmallocTotal:   34359738367 kB
VmallocUsed:           0 kB
VmallocChunk:          0 kB
HardwareCorrupted:     0 kB
AnonHugePages:      8192 kB
ShmemHugePages:        0 kB
ShmemPmdMapped:        0 kB
CmaTotal:              0 kB
CmaFree:               0 kB
HugePages_Total:       0
HugePages_Free:        0
HugePages_Rsvd:        0
HugePages_Surp:        0
Hugepagesize:       2048 kB
DirectMap4k:      245748 kB
DirectMap2M:    24920064 kB
DirectMap1G:     8388608 kB
