MemTotal:       30875568 kB
MemFree:        28085844 kB
MemAvailable:   29955840 kB
Buffers:          461928 kB
Cached:          1368460 kB
SwapCached:            0 kB
Active:          1711292 kB
Inactive:         320628 kB
Active(anon):     202344 kB
Inactive(anon):       72 kB
Active(file):    1508948 kB
Inactive(file):   320556 kB
Unevictable:           0 kB
Mlocked:               0 kB
SwapTotal:             0 kB
SwapFree:              0 kB
Dirty:                28 kB
Writeback:             0 kB
AnonPages:        201596 kB
Mapped:            67868 kB
Shmem:               880 kB
Slab:             570592 kB
SReclaimable:     491000 kB
SUnreclaim:        79592 kB
KernelStack:        3168 kB
PageTables:         5736 kB
NFS_Unstable:          0 kB
Bounce:                0 kB
WritebackTmp:          0 kB
CommitLimit:    15437784 kB
Committed_AS:     623948 kB
VmallocTotal:   34359738367 kB
VmallocUsed:           0 kB
VmallocChunk:          0 kB
HardwareCorrupted:     0 kB
AnonHugePages:      8192 kB
ShmemHugePages:        0 kB
ShmemPmdMapped:        0 kB
CmaTotal:              0 kB
CmaFree:               0 kB
HugePages_Total:       0
HugePages_Free:        0
HugePages_Rsvd:        0
HugePages_Surp:        0
Hugepagesize:       2048 kB
DirectMap4k:      153588 kB
DirectMap2M:     6137856 kB
DirectMap1G:    27262976 kB
