MemTotal:       28754832 kB
MemFree:        27143892 kB
MemAvailable:   28217256 kB
Buffers:          298420 kB
Cached:           883880 kB
SwapCached:            0 kB
Active:          1074508 kB
Inactive:         144556 kB
Active(anon):      39548 kB
Inactive(anon):     8368 kB
Active(file):    1034960 kB
Inactive(file):   136188 kB
Unevictable:        3652 kB
Mlocked:            3652 kB
SwapTotal:             0 kB
SwapFree:              0 kB
Dirty:                36 kB
Writeback:             0 kB
AnonPages:         40676 kB
Mapped:            47288 kB
Shmem:              8732 kB
Slab:             308904 kB
SReclaimable:     288732 kB
SUnreclaim:        20172 kB
KernelStack:        2832 kB
PageTables:         3436 kB
NFS_Unstable:          0 kB
Bounce:                0 kB
WritebackTmp:          0 kB
CommitLimit:    14377416 kB
Committed_AS:     274012 kB
VmallocTotal:   34359738367 kB
VmallocUsed:           0 kB
VmallocChunk:          0 kB
HardwareCorrupted:     0 kB
AnonHugePages:      6144 kB
CmaTotal:              0 kB
CmaFree:               0 kB
HugePages_Total:       0
HugePages_Free:        0
HugePages_Rsvd:        0
HugePages_Surp:        0
Hugepagesize:       2048 kB
DirectMap4k:       68592 kB
DirectMap2M:    29229056 kB
