MemTotal:       16401808 kB
MemFree:        14118152 kB
MemAvailable:   15038760 kB
Buffers:           96356 kB
Cached:          1010680 kB
SwapCached:            0 kB
Active:          1220244 kB
Inactive:         464756 kB
Active(anon):     579288 kB
Inactive(anon):     7556 kB
Active(file):     640956 kB
Inactive(file):   457200 kB
Unevictable:          32 kB
Mlocked:              32 kB
SwapTotal:       2097148 kB
SwapFree:        2097148 kB
Dirty:                 0 kB
Writeback:             0 kB
AnonPages:        578160 kB
Mapped:           241496 kB
Shmem:              8880 kB
Slab:             277628 kB
SReclaimable:     151004 kB
SUnreclaim:       126624 kB
KernelStack:       12896 kB
PageTables:        19324 kB
NFS_Unstable:          0 kB
Bounce:                0 kB
WritebackTmp:          0 kB
CommitLimit:    10298052 kB
Committed_AS:    4658400 kB
VmallocTotal:   34359738367 kB
VmallocUsed:           0 kB
VmallocChunk:          0 kB
HardwareCorrupted:     0 kB
AnonHugePages:     24576 kB
ShmemHugePages:        0 kB
ShmemPmdMapped:        0 kB
CmaTotal:              0 kB
CmaFree:               0 kB
HugePages_Total:       0
HugePages_Free:        0
HugePages_Rsvd:        0
HugePages_Surp:        0
Hugepagesize:       2048 kB
Hugetlb:               0 kB
DirectMap4k:      259904 kB
DirectMap2M:     4982784 kB
DirectMap1G:    13631488 kB
