MemTotal:       30875568 kB
MemFree:        27977964 kB
MemAvailable:   29939360 kB
Buffers:          425008 kB
Cached:          1660788 kB
SwapCached:            0 kB
Active:          1762384 kB
Inactive:         517964 kB
Active(anon):     206296 kB
Inactive(anon):     9904 kB
Active(file):    1556088 kB
Inactive(file):   508060 kB
Unevictable:           0 kB
Mlocked:               0 kB
SwapTotal:             0 kB
SwapFree:              0 kB
Dirty:                44 kB
Writeback:             0 kB
AnonPages:        193848 kB
Mapped:           247900 kB
Shmem:             21652 kB
Slab:             447568 kB
SReclaimable:     347768 kB
SUnreclaim:        99800 kB
KernelStack:        4816 kB
PageTables:         8024 kB
NFS_Unstable:          0 kB
Bounce:                0 kB
WritebackTmp:          0 kB
CommitLimit:    15437784 kB
Committed_AS:    1692132 kB
VmallocTotal:   34359738367 kB
VmallocUsed:           0 kB
VmallocChunk:          0 kB
HardwareCorrupted:     0 kB
AnonHugePages:     14336 kB
ShmemHugePages:        0 kB
ShmemPmdMapped:        0 kB
CmaTotal:              0 kB
CmaFree:               0 kB
HugePages_Total:       0
HugePages_Free:        0
HugePages_Rsvd:        0
HugePages_Surp:        0
Hugepagesize:       2048 kB
DirectMap4k:      215028 kB
DirectMap2M:    18659328 kB
DirectMap1G:    14680064 kB
