MemTotal:       30875568 kB
MemFree:        15284868 kB
MemAvailable:   29699800 kB
Buffers:          226128 kB
Cached:         14086176 kB
SwapCached:            0 kB
Active:          1703932 kB
Inactive:       12968984 kB
Active(anon):     370652 kB
Inactive(anon):    17040 kB
Active(file):    1333280 kB
Inactive(file): 12951944 kB
Unevictable:           0 kB
Mlocked:               0 kB
SwapTotal:             0 kB
SwapFree:              0 kB
Dirty:              5000 kB
Writeback:             0 kB
AnonPages:        361312 kB
Mapped:           257848 kB
Shmem:             26780 kB
Slab:             736616 kB
SReclaimable:     580228 kB
SUnreclaim:       156388 kB
KernelStack:        6460 kB
PageTables:        11228 kB
NFS_Unstable:          0 kB
Bounce:                0 kB
WritebackTmp:          0 kB
CommitLimit:    15437784 kB
Committed_AS:    2278356 kB
VmallocTotal:   34359738367 kB
VmallocUsed:           0 kB
VmallocChunk:          0 kB
HardwareCorrupted:     0 kB
AnonHugePages:     12288 kB
ShmemHugePages:        0 kB
ShmemPmdMapped:        0 kB
CmaTotal:              0 kB
CmaFree:               0 kB
HugePages_Total:       0
HugePages_Free:        0
HugePages_Rsvd:        0
HugePages_Surp:        0
Hugepagesize:       2048 kB
DirectMap4k:      395252 kB
DirectMap2M:     6944768 kB
DirectMap1G:    26214400 kB
