MemTotal:       30875568 kB
MemFree:        28372988 kB
MemAvailable:   30022040 kB
Buffers:          438852 kB
Cached:          1185220 kB
SwapCached:            0 kB
Active:          1478040 kB
Inactive:         280664 kB
Active(anon):     135440 kB
Inactive(anon):       72 kB
Active(file):    1342600 kB
Inactive(file):   280592 kB
Unevictable:           0 kB
Mlocked:               0 kB
SwapTotal:             0 kB
SwapFree:              0 kB
Dirty:                24 kB
Writeback:             0 kB
AnonPages:        134444 kB
Mapped:            67172 kB
Shmem:               880 kB
Slab:             549208 kB
SReclaimable:     476368 kB
SUnreclaim:        72840 kB
KernelStack:        3104 kB
PageTables:         5840 kB
NFS_Unstable:          0 kB
Bounce:                0 kB
WritebackTmp:          0 kB
CommitLimit:    15437784 kB
Committed_AS:     515836 kB
VmallocTotal:   34359738367 kB
VmallocUsed:           0 kB
VmallocChunk:          0 kB
HardwareCorrupted:     0 kB
AnonHugePages:      6144 kB
ShmemHugePages:        0 kB
ShmemPmdMapped:        0 kB
CmaTotal:              0 kB
CmaFree:               0 kB
HugePages_Total:       0
HugePages_Free:        0
HugePages_Rsvd:        0
HugePages_Surp:        0
Hugepagesize:       2048 kB
DirectMap4k:      153588 kB
DirectMap2M:     6137856 kB
DirectMap1G:    27262976 kB
