MemTotal:       30875568 kB
MemFree:        27296768 kB
MemAvailable:   30003788 kB
Buffers:           97244 kB
Cached:          2814444 kB
SwapCached:            0 kB
Active:          2488484 kB
Inactive:         608428 kB
Active(anon):     185944 kB
Inactive(anon):      156 kB
Active(file):    2302540 kB
Inactive(file):   608272 kB
Unevictable:           0 kB
Mlocked:               0 kB
SwapTotal:             0 kB
SwapFree:              0 kB
Dirty:                44 kB
Writeback:             0 kB
AnonPages:        185420 kB
Mapped:            67492 kB
Shmem:               880 kB
Slab:             325348 kB
SReclaimable:     246716 kB
SUnreclaim:        78632 kB
KernelStack:        5088 kB
PageTables:         6072 kB
NFS_Unstable:          0 kB
Bounce:                0 kB
WritebackTmp:          0 kB
CommitLimit:    15437784 kB
Committed_AS:    1484340 kB
VmallocTotal:   34359738367 kB
VmallocUsed:           0 kB
VmallocChunk:          0 kB
HardwareCorrupted:     0 kB
AnonHugePages:     14336 kB
ShmemHugePages:        0 kB
ShmemPmdMapped:        0 kB
CmaTotal:              0 kB
CmaFree:               0 kB
HugePages_Total:       0
HugePages_Free:        0
HugePages_Rsvd:        0
HugePages_Surp:        0
Hugepagesize:       2048 kB
DirectMap4k:       94196 kB
DirectMap2M:     5148672 kB
DirectMap1G:    28311552 kB
