MemTotal:       30875568 kB
MemFree:        27729148 kB
MemAvailable:   29966740 kB
Buffers:          107056 kB
Cached:          2354524 kB
SwapCached:            0 kB
Active:          2155068 kB
Inactive:         525356 kB
Active(anon):     219576 kB
Inactive(anon):      152 kB
Active(file):    1935492 kB
Inactive(file):   525204 kB
Unevictable:           0 kB
Mlocked:               0 kB
SwapTotal:             0 kB
SwapFree:              0 kB
Dirty:                56 kB
Writeback:             0 kB
AnonPages:        218832 kB
Mapped:            74828 kB
Shmem:               880 kB
Slab:             309716 kB
SReclaimable:     227404 kB
SUnreclaim:        82312 kB
KernelStack:        5120 kB
PageTables:         7052 kB
NFS_Unstable:          0 kB
Bounce:                0 kB
WritebackTmp:          0 kB
CommitLimit:    15437784 kB
Committed_AS:    1514824 kB
VmallocTotal:   34359738367 kB
VmallocUsed:           0 kB
VmallocChunk:          0 kB
HardwareCorrupted:     0 kB
AnonHugePages:     20480 kB
ShmemHugePages:        0 kB
ShmemPmdMapped:        0 kB
CmaTotal:              0 kB
CmaFree:               0 kB
HugePages_Total:       0
HugePages_Free:        0
HugePages_Rsvd:        0
HugePages_Surp:        0
Hugepagesize:       2048 kB
DirectMap4k:      102388 kB
DirectMap2M:     7237632 kB
DirectMap1G:    26214400 kB
