MemTotal:       30875568 kB
MemFree:        15431348 kB
MemAvailable:   29789128 kB
Buffers:          213504 kB
Cached:         14044224 kB
SwapCached:            0 kB
Active:          1595076 kB
Inactive:       12949400 kB
Active(anon):     295888 kB
Inactive(anon):    10284 kB
Active(file):    1299188 kB
Inactive(file): 12939116 kB
Unevictable:           0 kB
Mlocked:               0 kB
SwapTotal:             0 kB
SwapFree:              0 kB
Dirty:              1940 kB
Writeback:             0 kB
AnonPages:        286764 kB
Mapped:           229420 kB
Shmem:             19284 kB
Slab:             723276 kB
SReclaimable:     569996 kB
SUnreclaim:       153280 kB
KernelStack:        6128 kB
PageTables:        10172 kB
NFS_Unstable:          0 kB
Bounce:                0 kB
WritebackTmp:          0 kB
CommitLimit:    15437784 kB
Committed_AS:    1920164 kB
VmallocTotal:   34359738367 kB
VmallocUsed:           0 kB
VmallocChunk:          0 kB
HardwareCorrupted:     0 kB
AnonHugePages:     38912 kB
ShmemHugePages:        0 kB
ShmemPmdMapped:        0 kB
CmaTotal:              0 kB
CmaFree:               0 kB
HugePages_Total:       0
HugePages_Free:        0
HugePages_Rsvd:        0
HugePages_Surp:        0
Hugepagesize:       2048 kB
DirectMap4k:      356340 kB
DirectMap2M:     6983680 kB
DirectMap1G:    26214400 kB
