MemTotal:       30875568 kB
MemFree:        15391176 kB
MemAvailable:   29794828 kB
Buffers:          221976 kB
Cached:         14074848 kB
SwapCached:            0 kB
Active:          1614052 kB
Inactive:       12960696 kB
Active(anon):     287604 kB
Inactive(anon):    10272 kB
Active(file):    1326448 kB
Inactive(file): 12950424 kB
Unevictable:           0 kB
Mlocked:               0 kB
SwapTotal:             0 kB
SwapFree:              0 kB
Dirty:              2932 kB
Writeback:             0 kB
AnonPages:        278276 kB
Mapped:           244900 kB
Shmem:             19812 kB
Slab:             732160 kB
SReclaimable:     577300 kB
SUnreclaim:       154860 kB
KernelStack:        5968 kB
PageTables:        10088 kB
NFS_Unstable:          0 kB
Bounce:                0 kB
WritebackTmp:          0 kB
CommitLimit:    15437784 kB
Committed_AS:    1801804 kB
VmallocTotal:   34359738367 kB
VmallocUsed:           0 kB
VmallocChunk:          0 kB
HardwareCorrupted:     0 kB
AnonHugePages:     36864 kB
ShmemHugePages:        0 kB
ShmemPmdMapped:        0 kB
CmaTotal:              0 kB
CmaFree:               0 kB
HugePages_Total:       0
HugePages_Free:        0
HugePages_Rsvd:        0
HugePages_Surp:        0
Hugepagesize:       2048 kB
DirectMap4k:      380916 kB
DirectMap2M:     6959104 kB
DirectMap1G:    26214400 kB
