MemTotal:       30875568 kB
MemFree:        15348336 kB
MemAvailable:   29789072 kB
Buffers:          230748 kB
Cached:         14095692 kB
SwapCached:            0 kB
Active:          1633352 kB
Inactive:       12977480 kB
Active(anon):     294160 kB
Inactive(anon):    10272 kB
Active(file):    1339192 kB
Inactive(file): 12967208 kB
Unevictable:           0 kB
Mlocked:               0 kB
SwapTotal:             0 kB
SwapFree:              0 kB
Dirty:              2264 kB
Writeback:             8 kB
AnonPages:        284584 kB
Mapped:           266580 kB
Shmem:             19900 kB
Slab:             742668 kB
SReclaimable:     584856 kB
SUnreclaim:       157812 kB
KernelStack:        6016 kB
PageTables:         9832 kB
NFS_Unstable:          0 kB
Bounce:                0 kB
WritebackTmp:          0 kB
CommitLimit:    15437784 kB
Committed_AS:    1830908 kB
VmallocTotal:   34359738367 kB
VmallocUsed:           0 kB
VmallocChunk:          0 kB
HardwareCorrupted:     0 kB
AnonHugePages:     22528 kB
ShmemHugePages:        0 kB
ShmemPmdMapped:        0 kB
CmaTotal:              0 kB
CmaFree:               0 kB
HugePages_Total:       0
HugePages_Free:        0
HugePages_Rsvd:        0
HugePages_Surp:        0
Hugepagesize:       2048 kB
DirectMap4k:      399348 kB
DirectMap2M:     6940672 kB
DirectMap1G:    26214400 kB
