MemTotal:       30875568 kB
MemFree:        28376196 kB
MemAvailable:   29964140 kB
Buffers:          377756 kB
Cached:          1419164 kB
SwapCached:            0 kB
Active:          1550072 kB
Inactive:         418916 kB
Active(anon):     183252 kB
Inactive(anon):     9940 kB
Active(file):    1366820 kB
Inactive(file):   408976 kB
Unevictable:           0 kB
Mlocked:               0 kB
SwapTotal:             0 kB
SwapFree:              0 kB
Dirty:               128 kB
Writeback:             0 kB
AnonPages:        172068 kB
Mapped:           201488 kB
Shmem:             21128 kB
Slab:             351432 kB
SReclaimable:     262668 kB
SUnreclaim:        88764 kB
KernelStack:        4240 kB
PageTables:         6664 kB
NFS_Unstable:          0 kB
Bounce:                0 kB
WritebackTmp:          0 kB
CommitLimit:    15437784 kB
Committed_AS:    1459856 kB
VmallocTotal:   34359738367 kB
VmallocUsed:           0 kB
VmallocChunk:          0 kB
HardwareCorrupted:     0 kB
AnonHugePages:      8192 kB
ShmemHugePages:        0 kB
ShmemPmdMapped:        0 kB
CmaTotal:              0 kB
CmaFree:               0 kB
HugePages_Total:       0
HugePages_Free:        0
HugePages_Rsvd:        0
HugePages_Surp:        0
Hugepagesize:       2048 kB
DirectMap4k:      180212 kB
DirectMap2M:     9256960 kB
DirectMap1G:    24117248 kB
