MemTotal:       28754832 kB
MemFree:        27962312 kB
MemAvailable:   28217040 kB
Buffers:          263768 kB
Cached:           132908 kB
SwapCached:            0 kB
Active:           352460 kB
Inactive:          81384 kB
Active(anon):      39500 kB
Inactive(anon):     8360 kB
Active(file):     312960 kB
Inactive(file):    73024 kB
Unevictable:        3652 kB
Mlocked:            3652 kB
SwapTotal:             0 kB
SwapFree:              0 kB
Dirty:            146392 kB
Writeback:             0 kB
AnonPages:         40360 kB
Mapped:            46520 kB
Shmem:              8728 kB
Slab:             279004 kB
SReclaimable:     255248 kB
SUnreclaim:        23756 kB
KernelStack:        2720 kB
PageTables:         2820 kB
NFS_Unstable:          0 kB
Bounce:                0 kB
WritebackTmp:          0 kB
CommitLimit:    14377416 kB
Committed_AS:     245856 kB
VmallocTotal:   34359738367 kB
VmallocUsed:           0 kB
VmallocChunk:          0 kB
HardwareCorrupted:     0 kB
AnonHugePages:      6144 kB
CmaTotal:              0 kB
CmaFree:               0 kB
HugePages_Total:       0
HugePages_Free:        0
HugePages_Rsvd:        0
HugePages_Surp:        0
Hugepagesize:       2048 kB
DirectMap4k:       56304 kB
DirectMap2M:    29241344 kB
