MemTotal:       30875568 kB
MemFree:        27603888 kB
MemAvailable:   30073356 kB
Buffers:           68720 kB
Cached:          2629448 kB
SwapCached:            0 kB
Active:          2249248 kB
Inactive:         566228 kB
Active(anon):     118032 kB
Inactive(anon):      156 kB
Active(file):    2131216 kB
Inactive(file):   566072 kB
Unevictable:           0 kB
Mlocked:               0 kB
SwapTotal:             0 kB
SwapFree:              0 kB
Dirty:                 8 kB
Writeback:             0 kB
AnonPages:        117308 kB
Mapped:            66784 kB
Shmem:               880 kB
Slab:             293800 kB
SReclaimable:     222688 kB
SUnreclaim:        71112 kB
KernelStack:        4784 kB
PageTables:         6120 kB
NFS_Unstable:          0 kB
Bounce:                0 kB
WritebackTmp:          0 kB
CommitLimit:    15437784 kB
Committed_AS:    1277916 kB
VmallocTotal:   34359738367 kB
VmallocUsed:           0 kB
VmallocChunk:          0 kB
HardwareCorrupted:     0 kB
AnonHugePages:     14336 kB
ShmemHugePages:        0 kB
ShmemPmdMapped:        0 kB
CmaTotal:              0 kB
CmaFree:               0 kB
HugePages_Total:       0
HugePages_Free:        0
HugePages_Rsvd:        0
HugePages_Surp:        0
Hugepagesize:       2048 kB
DirectMap4k:       94196 kB
DirectMap2M:     5148672 kB
DirectMap1G:    28311552 kB
