MemTotal:       28754832 kB
MemFree:        27027084 kB
MemAvailable:   28209896 kB
Buffers:          269888 kB
Cached:          1056836 kB
SwapCached:            0 kB
Active:          1086960 kB
Inactive:         279916 kB
Active(anon):      43232 kB
Inactive(anon):     8356 kB
Active(file):    1043728 kB
Inactive(file):   271560 kB
Unevictable:        3652 kB
Mlocked:            3652 kB
SwapTotal:             0 kB
SwapFree:              0 kB
Dirty:               896 kB
Writeback:             0 kB
AnonPages:         43676 kB
Mapped:            46644 kB
Shmem:              8728 kB
Slab:             278400 kB
SReclaimable:     254028 kB
SUnreclaim:        24372 kB
KernelStack:       11504 kB
PageTables:         3360 kB
NFS_Unstable:          0 kB
Bounce:                0 kB
WritebackTmp:          0 kB
CommitLimit:    14377416 kB
Committed_AS:     302264 kB
VmallocTotal:   34359738367 kB
VmallocUsed:           0 kB
VmallocChunk:          0 kB
HardwareCorrupted:     0 kB
AnonHugePages:      6144 kB
CmaTotal:              0 kB
CmaFree:               0 kB
HugePages_Total:       0
HugePages_Free:        0
HugePages_Rsvd:        0
HugePages_Surp:        0
Hugepagesize:       2048 kB
DirectMap4k:       74736 kB
DirectMap2M:    29222912 kB
