MemTotal:       30875568 kB
MemFree:        27602192 kB
MemAvailable:   30070924 kB
Buffers:           68556 kB
Cached:          2628936 kB
SwapCached:            0 kB
Active:          2249392 kB
Inactive:         566032 kB
Active(anon):     118652 kB
Inactive(anon):      156 kB
Active(file):    2130740 kB
Inactive(file):   565876 kB
Unevictable:           0 kB
Mlocked:               0 kB
SwapTotal:             0 kB
SwapFree:              0 kB
Dirty:                56 kB
Writeback:             0 kB
AnonPages:        117388 kB
Mapped:            66768 kB
Shmem:               880 kB
Slab:             293744 kB
SReclaimable:     222624 kB
SUnreclaim:        71120 kB
KernelStack:        4896 kB
PageTables:         5888 kB
NFS_Unstable:          0 kB
Bounce:                0 kB
WritebackTmp:          0 kB
CommitLimit:    15437784 kB
Committed_AS:    1354920 kB
VmallocTotal:   34359738367 kB
VmallocUsed:           0 kB
VmallocChunk:          0 kB
HardwareCorrupted:     0 kB
AnonHugePages:     14336 kB
ShmemHugePages:        0 kB
ShmemPmdMapped:        0 kB
CmaTotal:              0 kB
CmaFree:               0 kB
HugePages_Total:       0
HugePages_Free:        0
HugePages_Rsvd:        0
HugePages_Surp:        0
Hugepagesize:       2048 kB
DirectMap4k:       94196 kB
DirectMap2M:     5148672 kB
DirectMap1G:    28311552 kB
