MemTotal:       30875568 kB
MemFree:        27302784 kB
MemAvailable:   30001932 kB
Buffers:           92656 kB
Cached:          2811972 kB
SwapCached:            0 kB
Active:          2482868 kB
Inactive:         606876 kB
Active(anon):     185844 kB
Inactive(anon):      156 kB
Active(file):    2297024 kB
Inactive(file):   606720 kB
Unevictable:           0 kB
Mlocked:               0 kB
SwapTotal:             0 kB
SwapFree:              0 kB
Dirty:                88 kB
Writeback:             0 kB
AnonPages:        185292 kB
Mapped:            67096 kB
Shmem:               880 kB
Slab:             323100 kB
SReclaimable:     245912 kB
SUnreclaim:        77188 kB
KernelStack:        4960 kB
PageTables:         6156 kB
NFS_Unstable:          0 kB
Bounce:                0 kB
WritebackTmp:          0 kB
CommitLimit:    15437784 kB
Committed_AS:    1449872 kB
VmallocTotal:   34359738367 kB
VmallocUsed:           0 kB
VmallocChunk:          0 kB
HardwareCorrupted:     0 kB
AnonHugePages:     14336 kB
ShmemHugePages:        0 kB
ShmemPmdMapped:        0 kB
CmaTotal:              0 kB
CmaFree:               0 kB
HugePages_Total:       0
HugePages_Free:        0
HugePages_Rsvd:        0
HugePages_Surp:        0
Hugepagesize:       2048 kB
DirectMap4k:       94196 kB
DirectMap2M:     5148672 kB
DirectMap1G:    28311552 kB
