MemTotal:       30875568 kB
MemFree:        15292760 kB
MemAvailable:   29710204 kB
Buffers:          226140 kB
Cached:         14091256 kB
SwapCached:            0 kB
Active:          1692328 kB
Inactive:       12974180 kB
Active(anon):     359008 kB
Inactive(anon):    19688 kB
Active(file):    1333320 kB
Inactive(file): 12954492 kB
Unevictable:           0 kB
Mlocked:               0 kB
SwapTotal:             0 kB
SwapFree:              0 kB
Dirty:             12288 kB
Writeback:             0 kB
AnonPages:        349372 kB
Mapped:           262592 kB
Shmem:             29428 kB
Slab:             735908 kB
SReclaimable:     580152 kB
SUnreclaim:       155756 kB
KernelStack:        6496 kB
PageTables:        10772 kB
NFS_Unstable:          0 kB
Bounce:                0 kB
WritebackTmp:          0 kB
CommitLimit:    15437784 kB
Committed_AS:    2259568 kB
VmallocTotal:   34359738367 kB
VmallocUsed:           0 kB
VmallocChunk:          0 kB
HardwareCorrupted:     0 kB
AnonHugePages:     75776 kB
ShmemHugePages:        0 kB
ShmemPmdMapped:        0 kB
CmaTotal:              0 kB
CmaFree:               0 kB
HugePages_Total:       0
HugePages_Free:        0
HugePages_Rsvd:        0
HugePages_Surp:        0
Hugepagesize:       2048 kB
DirectMap4k:      395252 kB
DirectMap2M:     6944768 kB
DirectMap1G:    26214400 kB
