MemTotal:       30875568 kB
MemFree:        15358156 kB
MemAvailable:   29626884 kB
Buffers:          204684 kB
Cached:         13996636 kB
SwapCached:            0 kB
Active:          1661384 kB
Inactive:       12961008 kB
Active(anon):     430024 kB
Inactive(anon):    19824 kB
Active(file):    1231360 kB
Inactive(file): 12941184 kB
Unevictable:           0 kB
Mlocked:               0 kB
SwapTotal:             0 kB
SwapFree:              0 kB
Dirty:                24 kB
Writeback:             0 kB
AnonPages:        421056 kB
Mapped:           303068 kB
Shmem:             28636 kB
Slab:             698744 kB
SReclaimable:     546704 kB
SUnreclaim:       152040 kB
KernelStack:        5996 kB
PageTables:         9864 kB
NFS_Unstable:          0 kB
Bounce:                0 kB
WritebackTmp:          0 kB
CommitLimit:    15437784 kB
Committed_AS:    2153980 kB
VmallocTotal:   34359738367 kB
VmallocUsed:           0 kB
VmallocChunk:          0 kB
HardwareCorrupted:     0 kB
AnonHugePages:     16384 kB
ShmemHugePages:        0 kB
ShmemPmdMapped:        0 kB
CmaTotal:              0 kB
CmaFree:               0 kB
HugePages_Total:       0
HugePages_Free:        0
HugePages_Rsvd:        0
HugePages_Surp:        0
Hugepagesize:       2048 kB
DirectMap4k:      348148 kB
DirectMap2M:     6991872 kB
DirectMap1G:    26214400 kB
