MemTotal:       30875568 kB
MemFree:        27728256 kB
MemAvailable:   29966044 kB
Buffers:          107112 kB
Cached:          2354660 kB
SwapCached:            0 kB
Active:          2155220 kB
Inactive:         525476 kB
Active(anon):     219652 kB
Inactive(anon):      152 kB
Active(file):    1935568 kB
Inactive(file):   525324 kB
Unevictable:           0 kB
Mlocked:               0 kB
SwapTotal:             0 kB
SwapFree:              0 kB
Dirty:                40 kB
Writeback:             0 kB
AnonPages:        218752 kB
Mapped:            74796 kB
Shmem:               880 kB
Slab:             310072 kB
SReclaimable:     227404 kB
SUnreclaim:        82668 kB
KernelStack:        5248 kB
PageTables:         7200 kB
NFS_Unstable:          0 kB
Bounce:                0 kB
WritebackTmp:          0 kB
CommitLimit:    15437784 kB
Committed_AS:    1532068 kB
VmallocTotal:   34359738367 kB
VmallocUsed:           0 kB
VmallocChunk:          0 kB
HardwareCorrupted:     0 kB
AnonHugePages:     20480 kB
ShmemHugePages:        0 kB
ShmemPmdMapped:        0 kB
CmaTotal:              0 kB
CmaFree:               0 kB
HugePages_Total:       0
HugePages_Free:        0
HugePages_Rsvd:        0
HugePages_Surp:        0
Hugepagesize:       2048 kB
DirectMap4k:      102388 kB
DirectMap2M:     7237632 kB
DirectMap1G:    26214400 kB
