MemTotal:       30875568 kB
MemFree:        27708728 kB
MemAvailable:   29955484 kB
Buffers:          546108 kB
Cached:          1727372 kB
SwapCached:            0 kB
Active:          1876836 kB
Inactive:         577800 kB
Active(anon):     193148 kB
Inactive(anon):     9840 kB
Active(file):    1683688 kB
Inactive(file):   567960 kB
Unevictable:           0 kB
Mlocked:               0 kB
SwapTotal:             0 kB
SwapFree:              0 kB
Dirty:             15408 kB
Writeback:             0 kB
AnonPages:        181156 kB
Mapped:           263272 kB
Shmem:             21836 kB
Slab:             548004 kB
SReclaimable:     445628 kB
SUnreclaim:       102376 kB
KernelStack:        4384 kB
PageTables:         6388 kB
NFS_Unstable:          0 kB
Bounce:                0 kB
WritebackTmp:          0 kB
CommitLimit:    15437784 kB
Committed_AS:    1463152 kB
VmallocTotal:   34359738367 kB
VmallocUsed:           0 kB
VmallocChunk:          0 kB
HardwareCorrupted:     0 kB
AnonHugePages:      8192 kB
ShmemHugePages:        0 kB
ShmemPmdMapped:        0 kB
CmaTotal:              0 kB
CmaFree:               0 kB
HugePages_Total:       0
HugePages_Free:        0
HugePages_Rsvd:        0
HugePages_Surp:        0
Hugepagesize:       2048 kB
DirectMap4k:      245748 kB
DirectMap2M:    24920064 kB
DirectMap1G:     8388608 kB
