MemTotal:       28754832 kB
MemFree:        27020336 kB
MemAvailable:   28216788 kB
Buffers:          271092 kB
Cached:          1068512 kB
SwapCached:            0 kB
Active:          1093320 kB
Inactive:         282140 kB
Active(anon):      38644 kB
Inactive(anon):     8356 kB
Active(file):    1054676 kB
Inactive(file):   273784 kB
Unevictable:        3652 kB
Mlocked:            3652 kB
SwapTotal:             0 kB
SwapFree:              0 kB
Dirty:              3516 kB
Writeback:             0 kB
AnonPages:         39136 kB
Mapped:            46760 kB
Shmem:              8728 kB
Slab:             277936 kB
SReclaimable:     254496 kB
SUnreclaim:        23440 kB
KernelStack:        2896 kB
PageTables:         2448 kB
NFS_Unstable:          0 kB
Bounce:                0 kB
WritebackTmp:          0 kB
CommitLimit:    14377416 kB
Committed_AS:     251560 kB
VmallocTotal:   34359738367 kB
VmallocUsed:           0 kB
VmallocChunk:          0 kB
HardwareCorrupted:     0 kB
AnonHugePages:      6144 kB
CmaTotal:              0 kB
CmaFree:               0 kB
HugePages_Total:       0
HugePages_Free:        0
HugePages_Rsvd:        0
HugePages_Surp:        0
Hugepagesize:       2048 kB
DirectMap4k:       74736 kB
DirectMap2M:    29222912 kB
