MemTotal:       30875568 kB
MemFree:        28911864 kB
MemAvailable:   30023584 kB
Buffers:          438740 kB
Cached:           648036 kB
SwapCached:            0 kB
Active:           940248 kB
Inactive:         280492 kB
Active(anon):     134772 kB
Inactive(anon):       72 kB
Active(file):     805476 kB
Inactive(file):   280420 kB
Unevictable:           0 kB
Mlocked:               0 kB
SwapTotal:             0 kB
SwapFree:              0 kB
Dirty:                 4 kB
Writeback:             0 kB
AnonPages:        134000 kB
Mapped:            67128 kB
Shmem:               880 kB
Slab:             549384 kB
SReclaimable:     476332 kB
SUnreclaim:        73052 kB
KernelStack:        2992 kB
PageTables:         5348 kB
NFS_Unstable:          0 kB
Bounce:                0 kB
WritebackTmp:          0 kB
CommitLimit:    15437784 kB
Committed_AS:     450172 kB
VmallocTotal:   34359738367 kB
VmallocUsed:           0 kB
VmallocChunk:          0 kB
HardwareCorrupted:     0 kB
AnonHugePages:      6144 kB
ShmemHugePages:        0 kB
ShmemPmdMapped:        0 kB
CmaTotal:              0 kB
CmaFree:               0 kB
HugePages_Total:       0
HugePages_Free:        0
HugePages_Rsvd:        0
HugePages_Surp:        0
Hugepagesize:       2048 kB
DirectMap4k:      153588 kB
DirectMap2M:     6137856 kB
DirectMap1G:    27262976 kB
