MemTotal:       28754832 kB
MemFree:        27029476 kB
MemAvailable:   28213728 kB
Buffers:          270504 kB
Cached:          1057084 kB
SwapCached:            0 kB
Active:          1084016 kB
Inactive:         280244 kB
Active(anon):      39340 kB
Inactive(anon):     8356 kB
Active(file):    1044676 kB
Inactive(file):   271888 kB
Unevictable:        3652 kB
Mlocked:            3652 kB
SwapTotal:             0 kB
SwapFree:              0 kB
Dirty:               116 kB
Writeback:             0 kB
AnonPages:         40144 kB
Mapped:            46600 kB
Shmem:              8728 kB
Slab:             277716 kB
SReclaimable:     254192 kB
SUnreclaim:        23524 kB
KernelStack:        2928 kB
PageTables:         2844 kB
NFS_Unstable:          0 kB
Bounce:                0 kB
WritebackTmp:          0 kB
CommitLimit:    14377416 kB
Committed_AS:     278836 kB
VmallocTotal:   34359738367 kB
VmallocUsed:           0 kB
VmallocChunk:          0 kB
HardwareCorrupted:     0 kB
AnonHugePages:      6144 kB
CmaTotal:              0 kB
CmaFree:               0 kB
HugePages_Total:       0
HugePages_Free:        0
HugePages_Rsvd:        0
HugePages_Surp:        0
Hugepagesize:       2048 kB
DirectMap4k:       74736 kB
DirectMap2M:    29222912 kB
