MemTotal:       30875568 kB
MemFree:        27730612 kB
MemAvailable:   29966248 kB
Buffers:          104428 kB
Cached:          2354572 kB
SwapCached:            0 kB
Active:          2153004 kB
Inactive:         525976 kB
Active(anon):     220704 kB
Inactive(anon):      152 kB
Active(file):    1932300 kB
Inactive(file):   525824 kB
Unevictable:           0 kB
Mlocked:               0 kB
SwapTotal:             0 kB
SwapFree:              0 kB
Dirty:               356 kB
Writeback:             0 kB
AnonPages:        219224 kB
Mapped:            76044 kB
Shmem:               880 kB
Slab:             309124 kB
SReclaimable:     228020 kB
SUnreclaim:        81104 kB
KernelStack:        5448 kB
PageTables:         6116 kB
NFS_Unstable:          0 kB
Bounce:                0 kB
WritebackTmp:          0 kB
CommitLimit:    15437784 kB
Committed_AS:    1500624 kB
VmallocTotal:   34359738367 kB
VmallocUsed:           0 kB
VmallocChunk:          0 kB
HardwareCorrupted:     0 kB
AnonHugePages:     22528 kB
ShmemHugePages:        0 kB
ShmemPmdMapped:        0 kB
CmaTotal:              0 kB
CmaFree:               0 kB
HugePages_Total:       0
HugePages_Free:        0
HugePages_Rsvd:        0
HugePages_Surp:        0
Hugepagesize:       2048 kB
DirectMap4k:      102388 kB
DirectMap2M:     7237632 kB
DirectMap1G:    26214400 kB
