MemTotal:       16401808 kB
MemFree:        14586048 kB
MemAvailable:   15096944 kB
Buffers:           78872 kB
Cached:           637116 kB
SwapCached:            0 kB
Active:           920128 kB
Inactive:         342632 kB
Active(anon):     548100 kB
Inactive(anon):     7556 kB
Active(file):     372028 kB
Inactive(file):   335076 kB
Unevictable:          32 kB
Mlocked:              32 kB
SwapTotal:       2097148 kB
SwapFree:        2097148 kB
Dirty:                24 kB
Writeback:             0 kB
AnonPages:        546880 kB
Mapped:           240876 kB
Shmem:              8880 kB
Slab:             237132 kB
SReclaimable:     113764 kB
SUnreclaim:       123368 kB
KernelStack:        9904 kB
PageTables:        17592 kB
NFS_Unstable:          0 kB
Bounce:                0 kB
WritebackTmp:          0 kB
CommitLimit:    10298052 kB
Committed_AS:    3163736 kB
VmallocTotal:   34359738367 kB
VmallocUsed:           0 kB
VmallocChunk:          0 kB
HardwareCorrupted:     0 kB
AnonHugePages:     12288 kB
ShmemHugePages:        0 kB
ShmemPmdMapped:        0 kB
CmaTotal:              0 kB
CmaFree:               0 kB
HugePages_Total:       0
HugePages_Free:        0
HugePages_Rsvd:        0
HugePages_Surp:        0
Hugepagesize:       2048 kB
Hugetlb:               0 kB
DirectMap4k:      239424 kB
DirectMap2M:     5003264 kB
DirectMap1G:    13631488 kB
