MemTotal:       28754832 kB
MemFree:        27035156 kB
MemAvailable:   28215100 kB
Buffers:          268820 kB
Cached:          1055044 kB
SwapCached:            0 kB
Active:          1080668 kB
Inactive:         279204 kB
Active(anon):      38808 kB
Inactive(anon):     8356 kB
Active(file):    1041860 kB
Inactive(file):   270848 kB
Unevictable:        3652 kB
Mlocked:            3652 kB
SwapTotal:             0 kB
SwapFree:              0 kB
Dirty:                24 kB
Writeback:             0 kB
AnonPages:         39760 kB
Mapped:            46736 kB
Shmem:              8728 kB
Slab:             277012 kB
SReclaimable:     253740 kB
SUnreclaim:        23272 kB
KernelStack:        2784 kB
PageTables:         2940 kB
NFS_Unstable:          0 kB
Bounce:                0 kB
WritebackTmp:          0 kB
CommitLimit:    14377416 kB
Committed_AS:     283952 kB
VmallocTotal:   34359738367 kB
VmallocUsed:           0 kB
VmallocChunk:          0 kB
HardwareCorrupted:     0 kB
AnonHugePages:      6144 kB
CmaTotal:              0 kB
CmaFree:               0 kB
HugePages_Total:       0
HugePages_Free:        0
HugePages_Rsvd:        0
HugePages_Surp:        0
Hugepagesize:       2048 kB
DirectMap4k:       70640 kB
DirectMap2M:    29227008 kB
