MemTotal:       30875568 kB
MemFree:        28557004 kB
MemAvailable:   30074332 kB
Buffers:           55656 kB
Cached:          1700596 kB
SwapCached:            0 kB
Active:          1403392 kB
Inactive:         470496 kB
Active(anon):     118372 kB
Inactive(anon):      156 kB
Active(file):    1285020 kB
Inactive(file):   470340 kB
Unevictable:           0 kB
Mlocked:               0 kB
SwapTotal:             0 kB
SwapFree:              0 kB
Dirty:                32 kB
Writeback:             0 kB
AnonPages:        117464 kB
Mapped:            66688 kB
Shmem:               880 kB
Slab:             280876 kB
SReclaimable:     212476 kB
SUnreclaim:        68400 kB
KernelStack:        4784 kB
PageTables:         5840 kB
NFS_Unstable:          0 kB
Bounce:                0 kB
WritebackTmp:          0 kB
CommitLimit:    15437784 kB
Committed_AS:    1291168 kB
VmallocTotal:   34359738367 kB
VmallocUsed:           0 kB
VmallocChunk:          0 kB
HardwareCorrupted:     0 kB
AnonHugePages:     14336 kB
ShmemHugePages:        0 kB
ShmemPmdMapped:        0 kB
CmaTotal:              0 kB
CmaFree:               0 kB
HugePages_Total:       0
HugePages_Free:        0
HugePages_Rsvd:        0
HugePages_Surp:        0
Hugepagesize:       2048 kB
DirectMap4k:       94196 kB
DirectMap2M:     5148672 kB
DirectMap1G:    28311552 kB
