MemTotal:       30875568 kB
MemFree:        28159628 kB
MemAvailable:   29960236 kB
Buffers:          381304 kB
Cached:          1588860 kB
SwapCached:            0 kB
Active:          1680080 kB
Inactive:         462312 kB
Active(anon):     183444 kB
Inactive(anon):     9860 kB
Active(file):    1496636 kB
Inactive(file):   452452 kB
Unevictable:           0 kB
Mlocked:               0 kB
SwapTotal:             0 kB
SwapFree:              0 kB
Dirty:                84 kB
Writeback:             0 kB
AnonPages:        172260 kB
Mapped:           207100 kB
Shmem:             21080 kB
Slab:             396696 kB
SReclaimable:     302040 kB
SUnreclaim:        94656 kB
KernelStack:        4240 kB
PageTables:         6688 kB
NFS_Unstable:          0 kB
Bounce:                0 kB
WritebackTmp:          0 kB
CommitLimit:    15437784 kB
Committed_AS:    1466060 kB
VmallocTotal:   34359738367 kB
VmallocUsed:           0 kB
VmallocChunk:          0 kB
HardwareCorrupted:     0 kB
AnonHugePages:      8192 kB
ShmemHugePages:        0 kB
ShmemPmdMapped:        0 kB
CmaTotal:              0 kB
CmaFree:               0 kB
HugePages_Total:       0
HugePages_Free:        0
HugePages_Rsvd:        0
HugePages_Surp:        0
Hugepagesize:       2048 kB
DirectMap4k:      180212 kB
DirectMap2M:     9256960 kB
DirectMap1G:    24117248 kB
