MemTotal:       30875568 kB
MemFree:        15494868 kB
MemAvailable:   29853860 kB
Buffers:          213612 kB
Cached:         14040404 kB
SwapCached:            0 kB
Active:          1541660 kB
Inactive:       12938132 kB
Active(anon):     234864 kB
Inactive(anon):     5488 kB
Active(file):    1306796 kB
Inactive(file): 12932644 kB
Unevictable:           0 kB
Mlocked:               0 kB
SwapTotal:             0 kB
SwapFree:              0 kB
Dirty:              3772 kB
Writeback:             0 kB
AnonPages:        225916 kB
Mapped:           223976 kB
Shmem:             14436 kB
Slab:             723532 kB
SReclaimable:     570072 kB
SUnreclaim:       153460 kB
KernelStack:        6000 kB
PageTables:         9676 kB
NFS_Unstable:          0 kB
Bounce:                0 kB
WritebackTmp:          0 kB
CommitLimit:    15437784 kB
Committed_AS:    1716036 kB
VmallocTotal:   34359738367 kB
VmallocUsed:           0 kB
VmallocChunk:          0 kB
HardwareCorrupted:     0 kB
AnonHugePages:      4096 kB
ShmemHugePages:        0 kB
ShmemPmdMapped:        0 kB
CmaTotal:              0 kB
CmaFree:               0 kB
HugePages_Total:       0
HugePages_Free:        0
HugePages_Rsvd:        0
HugePages_Surp:        0
Hugepagesize:       2048 kB
DirectMap4k:      356340 kB
DirectMap2M:     6983680 kB
DirectMap1G:    26214400 kB
