MemTotal:       30875568 kB
MemFree:        15289096 kB
MemAvailable:   29708776 kB
Buffers:          226220 kB
Cached:         14088556 kB
SwapCached:            0 kB
Active:          1700724 kB
Inactive:       12970916 kB
Active(anon):     366680 kB
Inactive(anon):    15064 kB
Active(file):    1334044 kB
Inactive(file): 12955852 kB
Unevictable:           0 kB
Mlocked:               0 kB
SwapTotal:             0 kB
SwapFree:              0 kB
Dirty:              1148 kB
Writeback:            12 kB
AnonPages:        357072 kB
Mapped:           259196 kB
Shmem:             24740 kB
Slab:             735048 kB
SReclaimable:     580304 kB
SUnreclaim:       154744 kB
KernelStack:        6400 kB
PageTables:        10808 kB
NFS_Unstable:          0 kB
Bounce:                0 kB
WritebackTmp:          0 kB
CommitLimit:    15437784 kB
Committed_AS:    2183816 kB
VmallocTotal:   34359738367 kB
VmallocUsed:           0 kB
VmallocChunk:          0 kB
HardwareCorrupted:     0 kB
AnonHugePages:     40960 kB
ShmemHugePages:        0 kB
ShmemPmdMapped:        0 kB
CmaTotal:              0 kB
CmaFree:               0 kB
HugePages_Total:       0
HugePages_Free:        0
HugePages_Rsvd:        0
HugePages_Surp:        0
Hugepagesize:       2048 kB
DirectMap4k:      395252 kB
DirectMap2M:     6944768 kB
DirectMap1G:    26214400 kB
