MemTotal:       30875568 kB
MemFree:        15266104 kB
MemAvailable:   29668060 kB
Buffers:          221932 kB
Cached:         14083152 kB
SwapCached:            0 kB
Active:          1726504 kB
Inactive:       12972476 kB
Active(anon):     403704 kB
Inactive(anon):    19856 kB
Active(file):    1322800 kB
Inactive(file): 12952620 kB
Unevictable:           0 kB
Mlocked:               0 kB
SwapTotal:             0 kB
SwapFree:              0 kB
Dirty:                 8 kB
Writeback:             0 kB
AnonPages:        394188 kB
Mapped:           255164 kB
Shmem:             29524 kB
Slab:             731600 kB
SReclaimable:     577056 kB
SUnreclaim:       154544 kB
KernelStack:        6416 kB
PageTables:        10916 kB
NFS_Unstable:          0 kB
Bounce:                0 kB
WritebackTmp:          0 kB
CommitLimit:    15437784 kB
Committed_AS:    2353500 kB
VmallocTotal:   34359738367 kB
VmallocUsed:           0 kB
VmallocChunk:          0 kB
HardwareCorrupted:     0 kB
AnonHugePages:     63488 kB
ShmemHugePages:        0 kB
ShmemPmdMapped:        0 kB
CmaTotal:              0 kB
CmaFree:               0 kB
HugePages_Total:       0
HugePages_Free:        0
HugePages_Rsvd:        0
HugePages_Surp:        0
Hugepagesize:       2048 kB
DirectMap4k:      380916 kB
DirectMap2M:     6959104 kB
DirectMap1G:    26214400 kB
