MemTotal:       30875568 kB
MemFree:        15409748 kB
MemAvailable:   29852404 kB
Buffers:          230788 kB
Cached:         14092560 kB
SwapCached:            0 kB
Active:          1578976 kB
Inactive:       12971612 kB
Active(anon):     236960 kB
Inactive(anon):     5480 kB
Active(file):    1342016 kB
Inactive(file): 12966132 kB
Unevictable:           0 kB
Mlocked:               0 kB
SwapTotal:             0 kB
SwapFree:              0 kB
Dirty:              3648 kB
Writeback:             0 kB
AnonPages:        227368 kB
Mapped:           257800 kB
Shmem:             15048 kB
Slab:             742752 kB
SReclaimable:     585028 kB
SUnreclaim:       157724 kB
KernelStack:        5856 kB
PageTables:         9408 kB
NFS_Unstable:          0 kB
Bounce:                0 kB
WritebackTmp:          0 kB
CommitLimit:    15437784 kB
Committed_AS:    1600356 kB
VmallocTotal:   34359738367 kB
VmallocUsed:           0 kB
VmallocChunk:          0 kB
HardwareCorrupted:     0 kB
AnonHugePages:     20480 kB
ShmemHugePages:        0 kB
ShmemPmdMapped:        0 kB
CmaTotal:              0 kB
CmaFree:               0 kB
HugePages_Total:       0
HugePages_Free:        0
HugePages_Rsvd:        0
HugePages_Surp:        0
Hugepagesize:       2048 kB
DirectMap4k:      399348 kB
DirectMap2M:     6940672 kB
DirectMap1G:    26214400 kB
