MemTotal:       30875568 kB
MemFree:        29312028 kB
MemAvailable:   30027504 kB
Buffers:          433120 kB
Cached:           256588 kB
SwapCached:            0 kB
Active:           638536 kB
Inactive:         185424 kB
Active(anon):     135064 kB
Inactive(anon):       72 kB
Active(file):     503472 kB
Inactive(file):   185352 kB
Unevictable:           0 kB
Mlocked:               0 kB
SwapTotal:             0 kB
SwapFree:              0 kB
Dirty:                32 kB
Writeback:             0 kB
AnonPages:        134048 kB
Mapped:            66996 kB
Shmem:               880 kB
Slab:             547180 kB
SReclaimable:     477160 kB
SUnreclaim:        70020 kB
KernelStack:        2992 kB
PageTables:         5428 kB
NFS_Unstable:          0 kB
Bounce:                0 kB
WritebackTmp:          0 kB
CommitLimit:    15437784 kB
Committed_AS:     464540 kB
VmallocTotal:   34359738367 kB
VmallocUsed:           0 kB
VmallocChunk:          0 kB
HardwareCorrupted:     0 kB
AnonHugePages:      8192 kB
ShmemHugePages:        0 kB
ShmemPmdMapped:        0 kB
CmaTotal:              0 kB
CmaFree:               0 kB
HugePages_Total:       0
HugePages_Free:        0
HugePages_Rsvd:        0
HugePages_Surp:        0
Hugepagesize:       2048 kB
DirectMap4k:      153588 kB
DirectMap2M:     6137856 kB
DirectMap1G:    27262976 kB
