MemTotal:       30875568 kB
MemFree:        27509060 kB
MemAvailable:   29968956 kB
Buffers:          218396 kB
Cached:          2408008 kB
SwapCached:            0 kB
Active:          2306684 kB
Inactive:         539708 kB
Active(anon):     220716 kB
Inactive(anon):      152 kB
Active(file):    2085968 kB
Inactive(file):   539556 kB
Unevictable:           0 kB
Mlocked:               0 kB
SwapTotal:             0 kB
SwapFree:              0 kB
Dirty:                32 kB
Writeback:             0 kB
AnonPages:        219900 kB
Mapped:            74684 kB
Shmem:               880 kB
Slab:             368848 kB
SReclaimable:     284880 kB
SUnreclaim:        83968 kB
KernelStack:        5152 kB
PageTables:         7216 kB
NFS_Unstable:          0 kB
Bounce:                0 kB
WritebackTmp:          0 kB
CommitLimit:    15437784 kB
Committed_AS:    1527136 kB
VmallocTotal:   34359738367 kB
VmallocUsed:           0 kB
VmallocChunk:          0 kB
HardwareCorrupted:     0 kB
AnonHugePages:     20480 kB
ShmemHugePages:        0 kB
ShmemPmdMapped:        0 kB
CmaTotal:              0 kB
CmaFree:               0 kB
HugePages_Total:       0
HugePages_Free:        0
HugePages_Rsvd:        0
HugePages_Surp:        0
Hugepagesize:       2048 kB
DirectMap4k:      102388 kB
DirectMap2M:     7237632 kB
DirectMap1G:    26214400 kB
