MemTotal:       30875568 kB
MemFree:        27739696 kB
MemAvailable:   29970588 kB
Buffers:           98348 kB
Cached:          2352820 kB
SwapCached:            0 kB
Active:          2145836 kB
Inactive:         524036 kB
Active(anon):     219432 kB
Inactive(anon):      152 kB
Active(file):    1926404 kB
Inactive(file):   523884 kB
Unevictable:           0 kB
Mlocked:               0 kB
SwapTotal:             0 kB
SwapFree:              0 kB
Dirty:                 4 kB
Writeback:             0 kB
AnonPages:        218744 kB
Mapped:            74608 kB
Shmem:               880 kB
Slab:             310296 kB
SReclaimable:     231112 kB
SUnreclaim:        79184 kB
KernelStack:        5120 kB
PageTables:         6936 kB
NFS_Unstable:          0 kB
Bounce:                0 kB
WritebackTmp:          0 kB
CommitLimit:    15437784 kB
Committed_AS:    1511700 kB
VmallocTotal:   34359738367 kB
VmallocUsed:           0 kB
VmallocChunk:          0 kB
HardwareCorrupted:     0 kB
AnonHugePages:     20480 kB
ShmemHugePages:        0 kB
ShmemPmdMapped:        0 kB
CmaTotal:              0 kB
CmaFree:               0 kB
HugePages_Total:       0
HugePages_Free:        0
HugePages_Rsvd:        0
HugePages_Surp:        0
Hugepagesize:       2048 kB
DirectMap4k:       96244 kB
DirectMap2M:     6195200 kB
DirectMap1G:    27262976 kB
