MemTotal:       28754832 kB
MemFree:        27157452 kB
MemAvailable:   28223992 kB
Buffers:          296952 kB
Cached:           878868 kB
SwapCached:            0 kB
Active:          1067812 kB
Inactive:         143512 kB
Active(anon):      38252 kB
Inactive(anon):     8368 kB
Active(file):    1029560 kB
Inactive(file):   135144 kB
Unevictable:        3652 kB
Mlocked:            3652 kB
SwapTotal:             0 kB
SwapFree:              0 kB
Dirty:             15584 kB
Writeback:             0 kB
AnonPages:         38768 kB
Mapped:            46952 kB
Shmem:              8732 kB
Slab:             309020 kB
SReclaimable:     288352 kB
SUnreclaim:        20668 kB
KernelStack:        2864 kB
PageTables:         2884 kB
NFS_Unstable:          0 kB
Bounce:                0 kB
WritebackTmp:          0 kB
CommitLimit:    14377416 kB
Committed_AS:     284992 kB
VmallocTotal:   34359738367 kB
VmallocUsed:           0 kB
VmallocChunk:          0 kB
HardwareCorrupted:     0 kB
AnonHugePages:      6144 kB
CmaTotal:              0 kB
CmaFree:               0 kB
HugePages_Total:       0
HugePages_Free:        0
HugePages_Rsvd:        0
HugePages_Surp:        0
Hugepagesize:       2048 kB
DirectMap4k:       66544 kB
DirectMap2M:    29231104 kB
