MemTotal:       30875568 kB
MemFree:        27302224 kB
MemAvailable:   30002540 kB
Buffers:           92876 kB
Cached:          2812652 kB
SwapCached:            0 kB
Active:          2483424 kB
Inactive:         607304 kB
Active(anon):     185924 kB
Inactive(anon):      156 kB
Active(file):    2297500 kB
Inactive(file):   607148 kB
Unevictable:           0 kB
Mlocked:               0 kB
SwapTotal:             0 kB
SwapFree:              0 kB
Dirty:               184 kB
Writeback:             0 kB
AnonPages:        185224 kB
Mapped:            67264 kB
Shmem:               880 kB
Slab:             323468 kB
SReclaimable:     246176 kB
SUnreclaim:        77292 kB
KernelStack:        4944 kB
PageTables:         6064 kB
NFS_Unstable:          0 kB
Bounce:                0 kB
WritebackTmp:          0 kB
CommitLimit:    15437784 kB
Committed_AS:    1448264 kB
VmallocTotal:   34359738367 kB
VmallocUsed:           0 kB
VmallocChunk:          0 kB
HardwareCorrupted:     0 kB
AnonHugePages:     14336 kB
ShmemHugePages:        0 kB
ShmemPmdMapped:        0 kB
CmaTotal:              0 kB
CmaFree:               0 kB
HugePages_Total:       0
HugePages_Free:        0
HugePages_Rsvd:        0
HugePages_Surp:        0
Hugepagesize:       2048 kB
DirectMap4k:       94196 kB
DirectMap2M:     5148672 kB
DirectMap1G:    28311552 kB
