MemTotal:       30875568 kB
MemFree:        27290948 kB
MemAvailable:   30003028 kB
Buffers:           97360 kB
Cached:          2819236 kB
SwapCached:            0 kB
Active:          2492140 kB
Inactive:         609612 kB
Active(anon):     185880 kB
Inactive(anon):      152 kB
Active(file):    2306260 kB
Inactive(file):   609460 kB
Unevictable:           0 kB
Mlocked:               0 kB
SwapTotal:             0 kB
SwapFree:              0 kB
Dirty:                88 kB
Writeback:             0 kB
AnonPages:        184876 kB
Mapped:            67508 kB
Shmem:               880 kB
Slab:             325372 kB
SReclaimable:     246868 kB
SUnreclaim:        78504 kB
KernelStack:        4928 kB
PageTables:         5948 kB
NFS_Unstable:          0 kB
Bounce:                0 kB
WritebackTmp:          0 kB
CommitLimit:    15437784 kB
Committed_AS:    1442728 kB
VmallocTotal:   34359738367 kB
VmallocUsed:           0 kB
VmallocChunk:          0 kB
HardwareCorrupted:     0 kB
AnonHugePages:     14336 kB
ShmemHugePages:        0 kB
ShmemPmdMapped:        0 kB
CmaTotal:              0 kB
CmaFree:               0 kB
HugePages_Total:       0
HugePages_Free:        0
HugePages_Rsvd:        0
HugePages_Surp:        0
Hugepagesize:       2048 kB
DirectMap4k:       94196 kB
DirectMap2M:     5148672 kB
DirectMap1G:    28311552 kB
