MemTotal:       30875568 kB
MemFree:        27518304 kB
MemAvailable:   30005988 kB
Buffers:           70784 kB
Cached:          2644724 kB
SwapCached:            0 kB
Active:          2332768 kB
Inactive:         567916 kB
Active(anon):     185896 kB
Inactive(anon):      156 kB
Active(file):    2146872 kB
Inactive(file):   567760 kB
Unevictable:           0 kB
Mlocked:               0 kB
SwapTotal:             0 kB
SwapFree:              0 kB
Dirty:                44 kB
Writeback:             0 kB
AnonPages:        185180 kB
Mapped:            67232 kB
Shmem:               880 kB
Slab:             296332 kB
SReclaimable:     223560 kB
SUnreclaim:        72772 kB
KernelStack:        4928 kB
PageTables:         5704 kB
NFS_Unstable:          0 kB
Bounce:                0 kB
WritebackTmp:          0 kB
CommitLimit:    15437784 kB
Committed_AS:    1443096 kB
VmallocTotal:   34359738367 kB
VmallocUsed:           0 kB
VmallocChunk:          0 kB
HardwareCorrupted:     0 kB
AnonHugePages:     14336 kB
ShmemHugePages:        0 kB
ShmemPmdMapped:        0 kB
CmaTotal:              0 kB
CmaFree:               0 kB
HugePages_Total:       0
HugePages_Free:        0
HugePages_Rsvd:        0
HugePages_Surp:        0
Hugepagesize:       2048 kB
DirectMap4k:       94196 kB
DirectMap2M:     5148672 kB
DirectMap1G:    28311552 kB
