MemTotal:       30875568 kB
MemFree:        15424440 kB
MemAvailable:   29802156 kB
Buffers:          216732 kB
Cached:         14058716 kB
SwapCached:            0 kB
Active:          1593512 kB
Inactive:       12949252 kB
Active(anon):     276568 kB
Inactive(anon):    10292 kB
Active(file):    1316944 kB
Inactive(file): 12938960 kB
Unevictable:           0 kB
Mlocked:               0 kB
SwapTotal:             0 kB
SwapFree:              0 kB
Dirty:               140 kB
Writeback:             0 kB
AnonPages:        267452 kB
Mapped:           236148 kB
Shmem:             19404 kB
Slab:             728764 kB
SReclaimable:     572332 kB
SUnreclaim:       156432 kB
KernelStack:        5888 kB
PageTables:         9792 kB
NFS_Unstable:          0 kB
Bounce:                0 kB
WritebackTmp:          0 kB
CommitLimit:    15437784 kB
Committed_AS:    1793684 kB
VmallocTotal:   34359738367 kB
VmallocUsed:           0 kB
VmallocChunk:          0 kB
HardwareCorrupted:     0 kB
AnonHugePages:     38912 kB
ShmemHugePages:        0 kB
ShmemPmdMapped:        0 kB
CmaTotal:              0 kB
CmaFree:               0 kB
HugePages_Total:       0
HugePages_Free:        0
HugePages_Rsvd:        0
HugePages_Surp:        0
Hugepagesize:       2048 kB
DirectMap4k:      366580 kB
DirectMap2M:     6973440 kB
DirectMap1G:    26214400 kB
