MemTotal:       30875568 kB
MemFree:        15264256 kB
MemAvailable:   29703448 kB
Buffers:          230720 kB
Cached:         14103920 kB
SwapCached:            0 kB
Active:          1705208 kB
Inactive:       12988416 kB
Active(anon):     368876 kB
Inactive(anon):    19856 kB
Active(file):    1336332 kB
Inactive(file): 12968560 kB
Unevictable:           0 kB
Mlocked:               0 kB
SwapTotal:             0 kB
SwapFree:              0 kB
Dirty:                68 kB
Writeback:             0 kB
AnonPages:        358988 kB
Mapped:           272848 kB
Shmem:             29608 kB
Slab:             743384 kB
SReclaimable:     584820 kB
SUnreclaim:       158564 kB
KernelStack:        6144 kB
PageTables:        10260 kB
NFS_Unstable:          0 kB
Bounce:                0 kB
WritebackTmp:          0 kB
CommitLimit:    15437784 kB
Committed_AS:    2142912 kB
VmallocTotal:   34359738367 kB
VmallocUsed:           0 kB
VmallocChunk:          0 kB
HardwareCorrupted:     0 kB
AnonHugePages:     65536 kB
ShmemHugePages:        0 kB
ShmemPmdMapped:        0 kB
CmaTotal:              0 kB
CmaFree:               0 kB
HugePages_Total:       0
HugePages_Free:        0
HugePages_Rsvd:        0
HugePages_Surp:        0
Hugepagesize:       2048 kB
DirectMap4k:      399348 kB
DirectMap2M:     6940672 kB
DirectMap1G:    26214400 kB
