MemTotal:       30875568 kB
MemFree:        15323276 kB
MemAvailable:   29725720 kB
Buffers:          221932 kB
Cached:         14078688 kB
SwapCached:            0 kB
Active:          1675204 kB
Inactive:       12966608 kB
Active(anon):     350936 kB
Inactive(anon):    15064 kB
Active(file):    1324268 kB
Inactive(file): 12951544 kB
Unevictable:           0 kB
Mlocked:               0 kB
SwapTotal:             0 kB
SwapFree:              0 kB
Dirty:              1176 kB
Writeback:             0 kB
AnonPages:        341392 kB
Mapped:           249780 kB
Shmem:             24668 kB
Slab:             731812 kB
SReclaimable:     577152 kB
SUnreclaim:       154660 kB
KernelStack:        6064 kB
PageTables:        10308 kB
NFS_Unstable:          0 kB
Bounce:                0 kB
WritebackTmp:          0 kB
CommitLimit:    15437784 kB
Committed_AS:    2005744 kB
VmallocTotal:   34359738367 kB
VmallocUsed:           0 kB
VmallocChunk:          0 kB
HardwareCorrupted:     0 kB
AnonHugePages:     57344 kB
ShmemHugePages:        0 kB
ShmemPmdMapped:        0 kB
CmaTotal:              0 kB
CmaFree:               0 kB
HugePages_Total:       0
HugePages_Free:        0
HugePages_Rsvd:        0
HugePages_Surp:        0
Hugepagesize:       2048 kB
DirectMap4k:      380916 kB
DirectMap2M:     6959104 kB
DirectMap1G:    26214400 kB
