MemTotal:       30875568 kB
MemFree:        15330012 kB
MemAvailable:   29685836 kB
Buffers:          213384 kB
Cached:         14052228 kB
SwapCached:            0 kB
Active:          1681936 kB
Inactive:       12963616 kB
Active(anon):     389196 kB
Inactive(anon):    19864 kB
Active(file):    1292740 kB
Inactive(file): 12943752 kB
Unevictable:           0 kB
Mlocked:               0 kB
SwapTotal:             0 kB
SwapFree:              0 kB
Dirty:               108 kB
Writeback:             0 kB
AnonPages:        380240 kB
Mapped:           239184 kB
Shmem:             28980 kB
Slab:             722480 kB
SReclaimable:     569852 kB
SUnreclaim:       152628 kB
KernelStack:        6304 kB
PageTables:        10696 kB
NFS_Unstable:          0 kB
Bounce:                0 kB
WritebackTmp:          0 kB
CommitLimit:    15437784 kB
Committed_AS:    2313652 kB
VmallocTotal:   34359738367 kB
VmallocUsed:           0 kB
VmallocChunk:          0 kB
HardwareCorrupted:     0 kB
AnonHugePages:     75776 kB
ShmemHugePages:        0 kB
ShmemPmdMapped:        0 kB
CmaTotal:              0 kB
CmaFree:               0 kB
HugePages_Total:       0
HugePages_Free:        0
HugePages_Rsvd:        0
HugePages_Surp:        0
Hugepagesize:       2048 kB
DirectMap4k:      356340 kB
DirectMap2M:     6983680 kB
DirectMap1G:    26214400 kB
