MemTotal:       28754832 kB
MemFree:        26960376 kB
MemAvailable:   28213168 kB
Buffers:          300372 kB
Cached:          1060860 kB
SwapCached:            0 kB
Active:          1222452 kB
Inactive:         178192 kB
Active(anon):      42488 kB
Inactive(anon):     8364 kB
Active(file):    1179964 kB
Inactive(file):   169828 kB
Unevictable:        3652 kB
Mlocked:            3652 kB
SwapTotal:             0 kB
SwapFree:              0 kB
Dirty:               872 kB
Writeback:             0 kB
AnonPages:         43472 kB
Mapped:            47096 kB
Shmem:              8732 kB
Slab:             310260 kB
SReclaimable:     289516 kB
SUnreclaim:        20744 kB
KernelStack:        2880 kB
PageTables:         2788 kB
NFS_Unstable:          0 kB
Bounce:                0 kB
WritebackTmp:          0 kB
CommitLimit:    14377416 kB
Committed_AS:     312644 kB
VmallocTotal:   34359738367 kB
VmallocUsed:           0 kB
VmallocChunk:          0 kB
HardwareCorrupted:     0 kB
AnonHugePages:      6144 kB
CmaTotal:              0 kB
CmaFree:               0 kB
HugePages_Total:       0
HugePages_Free:        0
HugePages_Rsvd:        0
HugePages_Surp:        0
Hugepagesize:       2048 kB
DirectMap4k:       72688 kB
DirectMap2M:    29224960 kB
