MemTotal:       28754832 kB
MemFree:        27308908 kB
MemAvailable:   28215816 kB
Buffers:          295104 kB
Cached:           720912 kB
SwapCached:            0 kB
Active:           943816 kB
Inactive:         108856 kB
Active(anon):      39440 kB
Inactive(anon):     8368 kB
Active(file):     904376 kB
Inactive(file):   100488 kB
Unevictable:        3652 kB
Mlocked:            3652 kB
SwapTotal:             0 kB
SwapFree:              0 kB
Dirty:                32 kB
Writeback:             0 kB
AnonPages:         40500 kB
Mapped:            47036 kB
Shmem:              8732 kB
Slab:             309028 kB
SReclaimable:     288560 kB
SUnreclaim:        20468 kB
KernelStack:        2912 kB
PageTables:         3028 kB
NFS_Unstable:          0 kB
Bounce:                0 kB
WritebackTmp:          0 kB
CommitLimit:    14377416 kB
Committed_AS:     306192 kB
VmallocTotal:   34359738367 kB
VmallocUsed:           0 kB
VmallocChunk:          0 kB
HardwareCorrupted:     0 kB
AnonHugePages:      6144 kB
CmaTotal:              0 kB
CmaFree:               0 kB
HugePages_Total:       0
HugePages_Free:        0
HugePages_Rsvd:        0
HugePages_Surp:        0
Hugepagesize:       2048 kB
DirectMap4k:       62448 kB
DirectMap2M:    29235200 kB
