MemTotal:       30875568 kB
MemFree:        28085648 kB
MemAvailable:   29956204 kB
Buffers:          462088 kB
Cached:          1368840 kB
SwapCached:            0 kB
Active:          1711876 kB
Inactive:         320792 kB
Active(anon):     202548 kB
Inactive(anon):       72 kB
Active(file):    1509328 kB
Inactive(file):   320720 kB
Unevictable:           0 kB
Mlocked:               0 kB
SwapTotal:             0 kB
SwapFree:              0 kB
Dirty:                 0 kB
Writeback:             0 kB
AnonPages:        201656 kB
Mapped:            68032 kB
Shmem:               880 kB
Slab:             570572 kB
SReclaimable:     491016 kB
SUnreclaim:        79556 kB
KernelStack:        3184 kB
PageTables:         5836 kB
NFS_Unstable:          0 kB
Bounce:                0 kB
WritebackTmp:          0 kB
CommitLimit:    15437784 kB
Committed_AS:     599396 kB
VmallocTotal:   34359738367 kB
VmallocUsed:           0 kB
VmallocChunk:          0 kB
HardwareCorrupted:     0 kB
AnonHugePages:      6144 kB
ShmemHugePages:        0 kB
ShmemPmdMapped:        0 kB
CmaTotal:              0 kB
CmaFree:               0 kB
HugePages_Total:       0
HugePages_Free:        0
HugePages_Rsvd:        0
HugePages_Surp:        0
Hugepagesize:       2048 kB
DirectMap4k:      153588 kB
DirectMap2M:     6137856 kB
DirectMap1G:    27262976 kB
