MemTotal:       30875568 kB
MemFree:        28291688 kB
MemAvailable:   29959624 kB
Buffers:          441108 kB
Cached:          1201204 kB
SwapCached:            0 kB
Active:          1561884 kB
Inactive:         282232 kB
Active(anon):     202612 kB
Inactive(anon):       72 kB
Active(file):    1359272 kB
Inactive(file):   282160 kB
Unevictable:           0 kB
Mlocked:               0 kB
SwapTotal:             0 kB
SwapFree:              0 kB
Dirty:                40 kB
Writeback:             0 kB
AnonPages:        201776 kB
Mapped:            67788 kB
Shmem:               880 kB
Slab:             551612 kB
SReclaimable:     477012 kB
SUnreclaim:        74600 kB
KernelStack:        3136 kB
PageTables:         5776 kB
NFS_Unstable:          0 kB
Bounce:                0 kB
WritebackTmp:          0 kB
CommitLimit:    15437784 kB
Committed_AS:     579528 kB
VmallocTotal:   34359738367 kB
VmallocUsed:           0 kB
VmallocChunk:          0 kB
HardwareCorrupted:     0 kB
AnonHugePages:      8192 kB
ShmemHugePages:        0 kB
ShmemPmdMapped:        0 kB
CmaTotal:              0 kB
CmaFree:               0 kB
HugePages_Total:       0
HugePages_Free:        0
HugePages_Rsvd:        0
HugePages_Surp:        0
Hugepagesize:       2048 kB
DirectMap4k:      153588 kB
DirectMap2M:     6137856 kB
DirectMap1G:    27262976 kB
