MemTotal:       16401808 kB
MemFree:        14585840 kB
MemAvailable:   15096212 kB
Buffers:           78708 kB
Cached:           636764 kB
SwapCached:            0 kB
Active:           919996 kB
Inactive:         342416 kB
Active(anon):     548260 kB
Inactive(anon):     7556 kB
Active(file):     371736 kB
Inactive(file):   334860 kB
Unevictable:          32 kB
Mlocked:              32 kB
SwapTotal:       2097148 kB
SwapFree:        2097148 kB
Dirty:                48 kB
Writeback:             0 kB
AnonPages:        546680 kB
Mapped:           241040 kB
Shmem:              8880 kB
Slab:             237056 kB
SReclaimable:     113732 kB
SUnreclaim:       123324 kB
KernelStack:        9920 kB
PageTables:        17572 kB
NFS_Unstable:          0 kB
Bounce:                0 kB
WritebackTmp:          0 kB
CommitLimit:    10298052 kB
Committed_AS:    3170740 kB
VmallocTotal:   34359738367 kB
VmallocUsed:           0 kB
VmallocChunk:          0 kB
HardwareCorrupted:     0 kB
AnonHugePages:     12288 kB
ShmemHugePages:        0 kB
ShmemPmdMapped:        0 kB
CmaTotal:              0 kB
CmaFree:               0 kB
HugePages_Total:       0
HugePages_Free:        0
HugePages_Rsvd:        0
HugePages_Surp:        0
Hugepagesize:       2048 kB
Hugetlb:               0 kB
DirectMap4k:      239424 kB
DirectMap2M:     5003264 kB
DirectMap1G:    13631488 kB
