MemTotal:       28754832 kB
MemFree:        27939252 kB
MemAvailable:   28215972 kB
Buffers:          263872 kB
Cached:           157552 kB
SwapCached:            0 kB
Active:           354892 kB
Inactive:         103108 kB
Active(anon):      39540 kB
Inactive(anon):     8360 kB
Active(file):     315352 kB
Inactive(file):    94748 kB
Unevictable:        3652 kB
Mlocked:            3652 kB
SwapTotal:             0 kB
SwapFree:              0 kB
Dirty:                 8 kB
Writeback:             0 kB
AnonPages:         40412 kB
Mapped:            46692 kB
Shmem:              8728 kB
Slab:             276408 kB
SReclaimable:     253124 kB
SUnreclaim:        23284 kB
KernelStack:        2736 kB
PageTables:         2720 kB
NFS_Unstable:          0 kB
Bounce:                0 kB
WritebackTmp:          0 kB
CommitLimit:    14377416 kB
Committed_AS:     250984 kB
VmallocTotal:   34359738367 kB
VmallocUsed:           0 kB
VmallocChunk:          0 kB
HardwareCorrupted:     0 kB
AnonHugePages:      6144 kB
CmaTotal:              0 kB
CmaFree:               0 kB
HugePages_Total:       0
HugePages_Free:        0
HugePages_Rsvd:        0
HugePages_Surp:        0
Hugepagesize:       2048 kB
DirectMap4k:       58352 kB
DirectMap2M:    29239296 kB
