MemTotal:       30875568 kB
MemFree:        27295032 kB
MemAvailable:   29999616 kB
Buffers:           96276 kB
Cached:          2813224 kB
SwapCached:            0 kB
Active:          2489452 kB
Inactive:         607696 kB
Active(anon):     188512 kB
Inactive(anon):      156 kB
Active(file):    2300940 kB
Inactive(file):   607540 kB
Unevictable:           0 kB
Mlocked:               0 kB
SwapTotal:             0 kB
SwapFree:              0 kB
Dirty:               320 kB
Writeback:             0 kB
AnonPages:        187464 kB
Mapped:            67356 kB
Shmem:               880 kB
Slab:             326068 kB
SReclaimable:     246612 kB
SUnreclaim:        79456 kB
KernelStack:        5024 kB
PageTables:         5572 kB
NFS_Unstable:          0 kB
Bounce:                0 kB
WritebackTmp:          0 kB
CommitLimit:    15437784 kB
Committed_AS:    1469260 kB
VmallocTotal:   34359738367 kB
VmallocUsed:           0 kB
VmallocChunk:          0 kB
HardwareCorrupted:     0 kB
AnonHugePages:     16384 kB
ShmemHugePages:        0 kB
ShmemPmdMapped:        0 kB
CmaTotal:              0 kB
CmaFree:               0 kB
HugePages_Total:       0
HugePages_Free:        0
HugePages_Rsvd:        0
HugePages_Surp:        0
Hugepagesize:       2048 kB
DirectMap4k:       94196 kB
DirectMap2M:     5148672 kB
DirectMap1G:    28311552 kB
