Linux version 4.15.0-1024-gcp (buildd@lcy01-amd64-030) (gcc version 7.3.0 (Ubuntu 7.3.0-16ubuntu3)) #25-Ubuntu SMP Wed Oct 24 13:09:45 UTC 2018 (Ubuntu 4.15.0-1024.25-gcp 4.15.18)
Command line: BOOT_IMAGE=/boot/vmlinuz-4.15.0-1024-gcp root=UUID=21b294f1-25bd-4265-9c4e-d6e4aeb57e97 ro scsi_mod.use_blk_mq=Y console=ttyS0
KERNEL supported cpus:
  Intel GenuineIntel
  AMD AuthenticAMD
  Centaur CentaurHauls
x86/fpu: Supporting XSAVE feature 0x001: 'x87 floating point registers'
x86/fpu: Supporting XSAVE feature 0x002: 'SSE registers'
x86/fpu: Supporting XSAVE feature 0x004: 'AVX registers'
x86/fpu: xstate_offset[2]:  576, xstate_sizes[2]:  256
x86/fpu: Enabled xstate features 0x7, context size is 832 bytes, using 'standard' format.
e820: BIOS-provided physical RAM map:
BIOS-e820: [mem 0x0000000000000000-0x000000000009fbff] usable
BIOS-e820: [mem 0x000000000009fc00-0x000000000009ffff] reserved
BIOS-e820: [mem 0x00000000000f0000-0x00000000000fffff] reserved
BIOS-e820: [mem 0x0000000000100000-0x00000000bfffcfff] usable
BIOS-e820: [mem 0x00000000bfffd000-0x00000000bfffffff] reserved
BIOS-e820: [mem 0x00000000fffbc000-0x00000000ffffffff] reserved
BIOS-e820: [mem 0x0000000100000000-0x00000007bfffffff] usable
NX (Execute Disable) protection: active
SMBIOS 2.4 present.
DMI: Google Google Compute Engine/Google Compute Engine, BIOS Google 01/01/2011
Hypervisor detected: KVM
e820: update [mem 0x00000000-0x00000fff] usable ==> reserved
e820: remove [mem 0x000a0000-0x000fffff] usable
e820: last_pfn = 0x7c0000 max_arch_pfn = 0x400000000
MTRR default type: write-back
MTRR fixed ranges enabled:
  00000-9FFFF write-back
  A0000-BFFFF uncachable
  C0000-FFFFF write-protect
MTRR variable ranges enabled:
  0 base 0000C0000000 mask 3FFFC0000000 uncachable
  1 disabled
  2 disabled
  3 disabled
  4 disabled
  5 disabled
  6 disabled
  7 disabled
x86/PAT: Configuration [0-7]: WB  WC  UC- UC  WB  WP  UC- WT  
e820: last_pfn = 0xbfffd max_arch_pfn = 0x400000000
found SMP MP-table at [mem 0x000f2c80-0x000f2c8f] mapped at [        (ptrval)]
Scanning 1 areas for low memory corruption
Base memory trampoline at [        (ptrval)] 99000 size 24576
Using GB pages for direct mapping
BRK [0x74133d000, 0x74133dfff] PGTABLE
BRK [0x74133e000, 0x74133efff] PGTABLE
BRK [0x74133f000, 0x74133ffff] PGTABLE
BRK [0x741340000, 0x741340fff] PGTABLE
BRK [0x741341000, 0x741341fff] PGTABLE
BRK [0x741342000, 0x741342fff] PGTABLE
RAMDISK: [mem 0x359ab000-0x36cccfff]
ACPI: Early table checksum verification disabled
ACPI: RSDP 0x00000000000F2C40 000014 (v00 Google)
ACPI: RSDT 0x00000000BFFFD580 000038 (v01 Google GOOGRSDT 00000001 GOOG 00000001)
ACPI: FACP 0x00000000BFFFFBC0 0000F4 (v02 Google GOOGFACP 00000001 GOOG 00000001)
ACPI: DSDT 0x00000000BFFFD5C0 0017B2 (v01 Google GOOGDSDT 00000001 GOOG 00000001)
ACPI: FACS 0x00000000BFFFFB80 000040
ACPI: FACS 0x00000000BFFFFB80 000040
ACPI: SSDT 0x00000000BFFFF000 000B76 (v01 Google GOOGSSDT 00000001 GOOG 00000001)
ACPI: APIC 0x00000000BFFFEEE0 0000A6 (v01 Google GOOGAPIC 00000001 GOOG 00000001)
ACPI: WAET 0x00000000BFFFEEB0 000028 (v01 Google GOOGWAET 00000001 GOOG 00000001)
ACPI: SRAT 0x00000000BFFFED80 000128 (v01 Google GOOGSRAT 00000001 GOOG 00000001)
ACPI: Local APIC address 0xfee00000
SRAT: PXM 0 -> APIC 0x00 -> Node 0
SRAT: PXM 0 -> APIC 0x01 -> Node 0
SRAT: PXM 0 -> APIC 0x02 -> Node 0
SRAT: PXM 0 -> APIC 0x03 -> Node 0
SRAT: PXM 0 -> APIC 0x04 -> Node 0
SRAT: PXM 0 -> APIC 0x05 -> Node 0
SRAT: PXM 0 -> APIC 0x06 -> Node 0
SRAT: PXM 0 -> APIC 0x07 -> Node 0
ACPI: SRAT: Node 0 PXM 0 [mem 0x00000000-0x0009ffff]
ACPI: SRAT: Node 0 PXM 0 [mem 0x00100000-0xbfffffff]
ACPI: SRAT: Node 0 PXM 0 [mem 0x100000000-0x7bfffffff]
NUMA: Node 0 [mem 0x00000000-0x0009ffff] + [mem 0x00100000-0xbfffffff] -> [mem 0x00000000-0xbfffffff]
NUMA: Node 0 [mem 0x00000000-0xbfffffff] + [mem 0x100000000-0x7bfffffff] -> [mem 0x00000000-0x7bfffffff]
NODE_DATA(0) allocated [mem 0x7bffd5000-0x7bfffffff]
kvm-clock: cpu 0, msr 7:bff54001, primary cpu clock
kvm-clock: Using msrs 4b564d01 and 4b564d00
kvm-clock: using sched offset of 2259097351 cycles
clocksource: kvm-clock: mask: 0xffffffffffffffff max_cycles: 0x1cd42e4dffb, max_idle_ns: 881590591483 ns
Zone ranges:
  DMA      [mem 0x0000000000001000-0x0000000000ffffff]
  DMA32    [mem 0x0000000001000000-0x00000000ffffffff]
  Normal   [mem 0x0000000100000000-0x00000007bfffffff]
  Device   empty
Movable zone start for each node
Early memory node ranges
  node   0: [mem 0x0000000000001000-0x000000000009efff]
  node   0: [mem 0x0000000000100000-0x00000000bfffcfff]
  node   0: [mem 0x0000000100000000-0x00000007bfffffff]
Initmem setup node 0 [mem 0x0000000000001000-0x00000007bfffffff]
On node 0 totalpages: 7864219
  DMA zone: 64 pages used for memmap
  DMA zone: 21 pages reserved
  DMA zone: 3998 pages, LIFO batch:0
  DMA32 zone: 12224 pages used for memmap
  DMA32 zone: 782333 pages, LIFO batch:31
  Normal zone: 110592 pages used for memmap
  Normal zone: 7077888 pages, LIFO batch:31
Reserved but unavailable: 98 pages
ACPI: PM-Timer IO Port: 0xb008
ACPI: Local APIC address 0xfee00000
ACPI: LAPIC_NMI (acpi_id[0xff] dfl dfl lint[0x1])
IOAPIC[0]: apic_id 0, version 17, address 0xfec00000, GSI 0-23
ACPI: INT_SRC_OVR (bus 0 bus_irq 5 global_irq 5 high level)
ACPI: INT_SRC_OVR (bus 0 bus_irq 9 global_irq 9 high level)
ACPI: INT_SRC_OVR (bus 0 bus_irq 10 global_irq 10 high level)
ACPI: INT_SRC_OVR (bus 0 bus_irq 11 global_irq 11 high level)
ACPI: IRQ5 used by override.
ACPI: IRQ9 used by override.
ACPI: IRQ10 used by override.
ACPI: IRQ11 used by override.
Using ACPI (MADT) for SMP configuration information
smpboot: Allowing 8 CPUs, 0 hotplug CPUs
PM: Registered nosave memory: [mem 0x00000000-0x00000fff]
PM: Registered nosave memory: [mem 0x0009f000-0x0009ffff]
PM: Registered nosave memory: [mem 0x000a0000-0x000effff]
PM: Registered nosave memory: [mem 0x000f0000-0x000fffff]
PM: Registered nosave memory: [mem 0xbfffd000-0xbfffffff]
PM: Registered nosave memory: [mem 0xc0000000-0xfffbbfff]
PM: Registered nosave memory: [mem 0xfffbc000-0xffffffff]
e820: [mem 0xc0000000-0xfffbbfff] available for PCI devices
Booting paravirtualized kernel on KVM
clocksource: refined-jiffies: mask: 0xffffffff max_cycles: 0xffffffff, max_idle_ns: 7645519600211568 ns
random: get_random_bytes called from start_kernel+0x9e/0x50c with crng_init=0
setup_percpu: NR_CPUS:8192 nr_cpumask_bits:8 nr_cpu_ids:8 nr_node_ids:1
percpu: Embedded 46 pages/cpu @        (ptrval) s151552 r8192 d28672 u262144
pcpu-alloc: s151552 r8192 d28672 u262144 alloc=1*2097152
pcpu-alloc: [0] 0 1 2 3 4 5 6 7 
Built 1 zonelists, mobility grouping on.  Total pages: 7741318
Policy zone: Normal
Kernel command line: BOOT_IMAGE=/boot/vmlinuz-4.15.0-1024-gcp root=UUID=21b294f1-25bd-4265-9c4e-d6e4aeb57e97 ro scsi_mod.use_blk_mq=Y console=ttyS0
Calgary: detecting Calgary via BIOS EBDA area
Calgary: Unable to locate Rio Grande table in EBDA - bailing!
Memory: 30849568K/31456876K available (12300K kernel code, 2474K rwdata, 4188K rodata, 2408K init, 2404K bss, 607308K reserved, 0K cma-reserved)
SLUB: HWalign=64, Order=0-3, MinObjects=0, CPUs=8, Nodes=1
Kernel/User page tables isolation: enabled
ftrace: allocating 39338 entries in 154 pages
Hierarchical RCU implementation.
	RCU restricting CPUs from NR_CPUS=8192 to nr_cpu_ids=8.
	Tasks RCU enabled.
RCU: Adjusting geometry for rcu_fanout_leaf=16, nr_cpu_ids=8
NR_IRQS: 524544, nr_irqs: 488, preallocated irqs: 16
Console: colour VGA+ 80x25
console [ttyS0] enabled
ACPI: Core revision 20170831
ACPI: 2 ACPI AML tables successfully acquired and loaded
APIC: Switch to symmetric I/O mode setup
x2apic enabled
Switched APIC routing to physical x2apic.
..TIMER: vector=0x30 apic1=0 pin1=0 apic2=-1 pin2=-1
tsc: Detected 2200.000 MHz processor
Calibrating delay loop (skipped) preset value.. 4400.00 BogoMIPS (lpj=8800000)
pid_max: default: 32768 minimum: 301
Security Framework initialized
Yama: becoming mindful.
AppArmor: AppArmor initialized
Dentry cache hash table entries: 4194304 (order: 13, 33554432 bytes)
Inode-cache hash table entries: 2097152 (order: 12, 16777216 bytes)
Mount-cache hash table entries: 65536 (order: 7, 524288 bytes)
Mountpoint-cache hash table entries: 65536 (order: 7, 524288 bytes)
mce: CPU supports 32 MCE banks
Last level iTLB entries: 4KB 64, 2MB 8, 4MB 8
Last level dTLB entries: 4KB 64, 2MB 0, 4MB 0, 1GB 4
Spectre V2 : Mitigation: Full generic retpoline
Spectre V2 : Spectre v2 / SpectreRSB mitigation: Filling RSB on context switch
Speculative Store Bypass: Vulnerable
Freeing SMP alternatives memory: 36K
smpboot: CPU0: Intel(R) Xeon(R) CPU @ 2.20GHz (family: 0x6, model: 0x4f, stepping: 0x0)
Performance Events: unsupported p6 CPU model 79 no PMU driver, software events only.
Hierarchical SRCU implementation.
NMI watchdog: Perf event create on CPU 0 failed with -2
NMI watchdog: Perf NMI watchdog permanently disabled
smp: Bringing up secondary CPUs ...
x86: Booting SMP configuration:
.... node  #0, CPUs:      #1
kvm-clock: cpu 1, msr 7:bff54041, secondary cpu clock
 #2
kvm-clock: cpu 2, msr 7:bff54081, secondary cpu clock
 #3
kvm-clock: cpu 3, msr 7:bff540c1, secondary cpu clock
 #4
kvm-clock: cpu 4, msr 7:bff54101, secondary cpu clock
 #5
kvm-clock: cpu 5, msr 7:bff54141, secondary cpu clock
 #6
kvm-clock: cpu 6, msr 7:bff54181, secondary cpu clock
 #7
kvm-clock: cpu 7, msr 7:bff541c1, secondary cpu clock
smp: Brought up 1 node, 8 CPUs
smpboot: Max logical packages: 1
smpboot: Total of 8 processors activated (35200.00 BogoMIPS)
devtmpfs: initialized
x86/mm: Memory block size: 128MB
evm: security.selinux
evm: security.SMACK64
evm: security.SMACK64EXEC
evm: security.SMACK64TRANSMUTE
evm: security.SMACK64MMAP
evm: security.apparmor
evm: security.ima
evm: security.capability
clocksource: jiffies: mask: 0xffffffff max_cycles: 0xffffffff, max_idle_ns: 7645041785100000 ns
futex hash table entries: 2048 (order: 5, 131072 bytes)
pinctrl core: initialized pinctrl subsystem
RTC time:  4:31:19, date: 12/02/18
NET: Registered protocol family 16
audit: initializing netlink subsys (disabled)
audit: type=2000 audit(1543725078.760:1): state=initialized audit_enabled=0 res=1
cpuidle: using governor ladder
cpuidle: using governor menu
ACPI: bus type PCI registered
acpiphp: ACPI Hot Plug PCI Controller Driver version: 0.5
PCI: Using configuration type 1 for base access
HugeTLB registered 1.00 GiB page size, pre-allocated 0 pages
HugeTLB registered 2.00 MiB page size, pre-allocated 0 pages
ACPI: Added _OSI(Module Device)
ACPI: Added _OSI(Processor Device)
ACPI: Added _OSI(3.0 _SCP Extensions)
ACPI: Added _OSI(Processor Aggregator Device)
ACPI: Added _OSI(Linux-Dell-Video)
ACPI: Added _OSI(Linux-Lenovo-NV-HDMI-Audio)
ACPI: Executed 2 blocks of module-level executable AML code
ACPI: Interpreter enabled
ACPI: (supports S0 S3 S4 S5)
ACPI: Using IOAPIC for interrupt routing
PCI: Using host bridge windows from ACPI; if necessary, use "pci=nocrs" and report a bug
ACPI: Enabled 16 GPEs in block 00 to 0F
ACPI: PCI Root Bridge [PCI0] (domain 0000 [bus 00-ff])
acpi PNP0A03:00: _OSC: OS supports [ASPM ClockPM Segments MSI]
acpi PNP0A03:00: _OSC failed (AE_NOT_FOUND); disabling ASPM
acpi PNP0A03:00: fail to add MMCONFIG information, can't access extended PCI configuration space under this bridge.
PCI host bridge to bus 0000:00
pci_bus 0000:00: root bus resource [io  0x0000-0x0cf7 window]
pci_bus 0000:00: root bus resource [io  0x0d00-0xffff window]
pci_bus 0000:00: root bus resource [mem 0x000a0000-0x000bffff window]
pci_bus 0000:00: root bus resource [mem 0xc0000000-0xfebfffff window]
pci_bus 0000:00: root bus resource [bus 00-ff]
pci 0000:00:00.0: [8086:1237] type 00 class 0x060000
pci 0000:00:01.0: [8086:7110] type 00 class 0x060100
pci 0000:00:01.3: [8086:7113] type 00 class 0x068000
pci 0000:00:01.3: quirk: [io  0xb000-0xb03f] claimed by PIIX4 ACPI
pci 0000:00:03.0: [1af4:1004] type 00 class 0x000000
pci 0000:00:03.0: reg 0x10: [io  0xc000-0xc03f]
pci 0000:00:03.0: reg 0x14: [mem 0xfebfe000-0xfebfe07f]
pci 0000:00:04.0: [1af4:1000] type 00 class 0x020000
pci 0000:00:04.0: reg 0x10: [io  0xc040-0xc07f]
pci 0000:00:04.0: reg 0x14: [mem 0xfebff000-0xfebff1ff]
ACPI: PCI Interrupt Link [LNKA] (IRQs 5 *10 11)
ACPI: PCI Interrupt Link [LNKB] (IRQs 5 *10 11)
ACPI: PCI Interrupt Link [LNKC] (IRQs 5 10 *11)
ACPI: PCI Interrupt Link [LNKD] (IRQs 5 10 *11)
ACPI: PCI Interrupt Link [LNKS] (IRQs *9)
SCSI subsystem initialized
libata version 3.00 loaded.
vgaarb: loaded
ACPI: bus type USB registered
usbcore: registered new interface driver usbfs
usbcore: registered new interface driver hub
usbcore: registered new device driver usb
EDAC MC: Ver: 3.0.0
PCI: Using ACPI for IRQ routing
PCI: pci_cache_line_size set to 64 bytes
e820: reserve RAM buffer [mem 0x0009fc00-0x0009ffff]
e820: reserve RAM buffer [mem 0xbfffd000-0xbfffffff]
NetLabel: Initializing
NetLabel:  domain hash size = 128
NetLabel:  protocols = UNLABELED CIPSOv4 CALIPSO
NetLabel:  unlabeled traffic allowed by default
clocksource: Switched to clocksource kvm-clock
VFS: Disk quotas dquot_6.6.0
VFS: Dquot-cache hash table entries: 512 (order 0, 4096 bytes)
AppArmor: AppArmor Filesystem Enabled
pnp: PnP ACPI init
pnp 00:00: Plug and Play ACPI device, IDs PNP0b00 (active)
pnp 00:01: Plug and Play ACPI device, IDs PNP0303 (active)
pnp 00:02: Plug and Play ACPI device, IDs PNP0f13 (active)
pnp 00:03: Plug and Play ACPI device, IDs PNP0501 (active)
pnp 00:04: Plug and Play ACPI device, IDs PNP0501 (active)
pnp 00:05: Plug and Play ACPI device, IDs PNP0501 (active)
pnp 00:06: Plug and Play ACPI device, IDs PNP0501 (active)
pnp: PnP ACPI: found 7 devices
clocksource: acpi_pm: mask: 0xffffff max_cycles: 0xffffff, max_idle_ns: 2085701024 ns
pci_bus 0000:00: resource 4 [io  0x0000-0x0cf7 window]
pci_bus 0000:00: resource 5 [io  0x0d00-0xffff window]
pci_bus 0000:00: resource 6 [mem 0x000a0000-0x000bffff window]
pci_bus 0000:00: resource 7 [mem 0xc0000000-0xfebfffff window]
NET: Registered protocol family 2
TCP established hash table entries: 262144 (order: 9, 2097152 bytes)
TCP bind hash table entries: 65536 (order: 8, 1048576 bytes)
TCP: Hash tables configured (established 262144 bind 65536)
UDP hash table entries: 16384 (order: 7, 524288 bytes)
UDP-Lite hash table entries: 16384 (order: 7, 524288 bytes)
NET: Registered protocol family 1
pci 0000:00:00.0: Limiting direct PCI/PCI transfers
PCI: CLS 0 bytes, default 64
Unpacking initramfs...
Freeing initrd memory: 19592K
PCI-DMA: Using software bounce buffering for IO (SWIOTLB)
software IO TLB [mem 0xbbffd000-0xbfffd000] (64MB) mapped at [        (ptrval)-        (ptrval)]
Scanning for low memory corruption every 60 seconds
Initialise system trusted keyrings
Key type blacklist registered
workingset: timestamp_bits=36 max_order=23 bucket_order=0
zbud: loaded
squashfs: version 4.0 (2009/01/31) Phillip Lougher
fuse init (API version 7.26)
Key type asymmetric registered
Asymmetric key parser 'x509' registered
Block layer SCSI generic (bsg) driver version 0.4 loaded (major 246)
io scheduler noop registered
io scheduler deadline registered
io scheduler cfq registered (default)
intel_idle: Please enable MWAIT in BIOS SETUP
input: Power Button as /devices/LNXSYSTM:00/LNXPWRBN:00/input/input0
ACPI: Power Button [PWRF]
input: Sleep Button as /devices/LNXSYSTM:00/LNXSLPBN:00/input/input1
ACPI: Sleep Button [SLPF]
ACPI: PCI Interrupt Link [LNKC] enabled at IRQ 11
virtio-pci 0000:00:03.0: virtio_pci: leaving for legacy driver
ACPI: PCI Interrupt Link [LNKD] enabled at IRQ 10
virtio-pci 0000:00:04.0: virtio_pci: leaving for legacy driver
00:03: ttyS0 at I/O 0x3f8 (irq = 4, base_baud = 115200) is a 16550A
00:04: ttyS1 at I/O 0x2f8 (irq = 3, base_baud = 115200) is a 16550A
00:05: ttyS2 at I/O 0x3e8 (irq = 6, base_baud = 115200) is a 16550A
00:06: ttyS3 at I/O 0x2e8 (irq = 7, base_baud = 115200) is a 16550A
Linux agpgart interface v0.103
loop: module loaded
scsi host0: Virtio SCSI HBA
libphy: Fixed MDIO Bus: probed
tun: Universal TUN/TAP device driver, 1.6
PPP generic driver version 2.4.2
scsi 0:0:1:0: Direct-Access     Google   PersistentDisk   1    PQ: 0 ANSI: 6
ehci_hcd: USB 2.0 'Enhanced' Host Controller (EHCI) Driver
ehci-pci: EHCI PCI platform driver
ehci-platform: EHCI generic platform driver
ohci_hcd: USB 1.1 'Open' Host Controller (OHCI) Driver
ohci-pci: OHCI PCI platform driver
ohci-platform: OHCI generic platform driver
uhci_hcd: USB Universal Host Controller Interface driver
i8042: PNP: PS/2 Controller [PNP0303:KBD,PNP0f13:MOU] at 0x60,0x64 irq 1,12
i8042: Warning: Keylock active
serio: i8042 KBD port at 0x60,0x64 irq 1
serio: i8042 AUX port at 0x60,0x64 irq 12
mousedev: PS/2 mouse device common for all mice
rtc_cmos 00:00: RTC can wake from S4
rtc_cmos 00:00: rtc core: registered rtc_cmos as rtc0
rtc_cmos 00:00: alarms up to one day, 114 bytes nvram
i2c /dev entries driver
device-mapper: uevent: version 1.0.3
device-mapper: ioctl: 4.37.0-ioctl (2017-09-20) initialised: dm-devel@redhat.com
ledtrig-cpu: registered to indicate activity on CPUs
Netfilter messages via NETLINK v0.30.
nf_conntrack version 0.5.0 (65536 buckets, 262144 max)
ctnetlink v0.93: registering with nfnetlink.
NET: Registered protocol family 10
Segment Routing with IPv6
NET: Registered protocol family 17
Key type dns_resolver registered
RAS: Correctable Errors collector initialized.
sched_clock: Marking stable (1020983495, 0)->(1762341024, -741357529)
registered taskstats version 1
Loading compiled-in X.509 certificates
Loaded X.509 cert 'Build time autogenerated kernel key: b7601344e2cea43d2d6036c81b0fae6029e0b0f2'
zswap: loaded using pool lzo/zbud
Key type big_key registered
Key type trusted registered
Key type encrypted registered
AppArmor: AppArmor sha1 policy hashing enabled
ima: No TPM chip found, activating TPM-bypass! (rc=-19)
ima: Allocated hash algorithm: sha1
evm: HMAC attrs: 0x1
  Magic number: 14:86:514
rtc_cmos 00:00: setting system clock to 2018-12-02 04:31:19 UTC (1543725079)
BIOS EDD facility v0.16 2004-Jun-25, 0 devices found
EDD information not available.
random: fast init done
sd 0:0:1:0: Attached scsi generic sg0 type 0
sd 0:0:1:0: [sda] 2097152000 512-byte logical blocks: (1.07 TB/1000 GiB)
sd 0:0:1:0: [sda] 4096-byte physical blocks
sd 0:0:1:0: [sda] Write Protect is off
sd 0:0:1:0: [sda] Mode Sense: 1f 00 00 08
sd 0:0:1:0: [sda] Write cache: enabled, read cache: enabled, doesn't support DPO or FUA
 sda: sda1 sda14 sda15
sd 0:0:1:0: [sda] Attached SCSI disk
input: AT Translated Set 2 keyboard as /devices/platform/i8042/serio0/input/input2
Freeing unused kernel memory: 2408K
Write protecting the kernel read-only data: 20480k
Freeing unused kernel memory: 2008K
Freeing unused kernel memory: 1956K
x86/mm: Checked W+X mappings: passed, no W+X pages found.
x86/mm: Checking user space page tables
x86/mm: Checked W+X mappings: passed, no W+X pages found.
random: systemd-udevd: uninitialized urandom read (16 bytes read)
random: udevadm: uninitialized urandom read (16 bytes read)
random: udevadm: uninitialized urandom read (16 bytes read)
tsc: Refined TSC clocksource calibration: 2199.820 MHz
clocksource: tsc: mask: 0xffffffffffffffff max_cycles: 0x1fb588dfa15, max_idle_ns: 440795250100 ns
AVX2 version of gcm_enc/dec engaged.
AES CTR mode by8 optimization enabled
virtio_net virtio1 ens4: renamed from eth0
input: ImExPS/2 Generic Explorer Mouse as /devices/platform/i8042/serio1/input/input4
raid6: sse2x1   gen()  9148 MB/s
raid6: sse2x1   xor()  6647 MB/s
raid6: sse2x2   gen() 11069 MB/s
raid6: sse2x2   xor()  7135 MB/s
raid6: sse2x4   gen() 12730 MB/s
raid6: sse2x4   xor()  7921 MB/s
raid6: avx2x1   gen() 16633 MB/s
raid6: avx2x1   xor() 12343 MB/s
raid6: avx2x2   gen() 21268 MB/s
raid6: avx2x2   xor() 13304 MB/s
raid6: avx2x4   gen() 24327 MB/s
raid6: avx2x4   xor() 14045 MB/s
raid6: using algorithm avx2x4 gen() 24327 MB/s
raid6: .... xor() 14045 MB/s, rmw enabled
raid6: using avx2x2 recovery algorithm
xor: automatically using best checksumming function   avx       
async_tx: api initialized (async)
Btrfs loaded, crc32c=crc32c-intel
EXT4-fs (sda1): mounted filesystem with ordered data mode. Opts: (null)
ip_tables: (C) 2000-2006 Netfilter Core Team
systemd[1]: systemd 237 running in system mode. (+PAM +AUDIT +SELINUX +IMA +APPARMOR +SMACK +SYSVINIT +UTMP +LIBCRYPTSETUP +GCRYPT +GNUTLS +ACL +XZ +LZ4 +SECCOMP +BLKID +ELFUTILS +KMOD -IDN2 +IDN -PCRE2 default-hierarchy=hybrid)
systemd[1]: Detected virtualization kvm.
systemd[1]: Detected architecture x86-64.
systemd[1]: Set hostname to <instance-3>.
systemd[1]: Reached target Libvirt guests shutdown.
systemd[1]: Started Forward Password Requests to Wall Directory Watch.
systemd[1]: Reached target Swap.
systemd[1]: Reached target System Time Synchronized.
systemd[1]: Set up automount Arbitrary Executable File Formats File System Automount Point.
systemd[1]: Created slice User and Session Slice.
Loading iSCSI transport class v2.0-870.
iscsi: registered transport (tcp)
iscsi: registered transport (iser)
arp_tables: arp_tables: (C) 2002 David S. Miller
EXT4-fs (sda1): re-mounted. Opts: (null)
bridge: filtering via arp/ip/ip6tables is no longer available by default. Update your scripts to load br_netfilter if you need this.
systemd-journald[464]: Received request to flush runtime journal from PID 1
Bridge firewalling registered
ip6_tables: (C) 2000-2006 Netfilter Core Team
VPID CAP should not exist if not support 1-setting enable VPID VM-execution control
FAT-fs (sda15): Volume was not properly unmounted. Some data may be corrupt. Please run fsck.
audit: type=1400 audit(1543725089.172:2): apparmor="STATUS" operation="profile_load" profile="unconfined" name="/usr/bin/lxc-start" pid=803 comm="apparmor_parser"
audit: type=1400 audit(1543725089.172:3): apparmor="STATUS" operation="profile_load" profile="unconfined" name="/usr/sbin/libvirtd" pid=808 comm="apparmor_parser"
audit: type=1400 audit(1543725089.172:4): apparmor="STATUS" operation="profile_load" profile="unconfined" name="/usr/sbin/libvirtd//qemu_bridge_helper" pid=808 comm="apparmor_parser"
audit: type=1400 audit(1543725089.176:5): apparmor="STATUS" operation="profile_load" profile="unconfined" name="/usr/sbin/tcpdump" pid=810 comm="apparmor_parser"
audit: type=1400 audit(1543725089.184:6): apparmor="STATUS" operation="profile_load" profile="unconfined" name="/usr/lib/snapd/snap-confine" pid=806 comm="apparmor_parser"
audit: type=1400 audit(1543725089.184:7): apparmor="STATUS" operation="profile_load" profile="unconfined" name="/usr/lib/snapd/snap-confine//mount-namespace-capture-helper" pid=806 comm="apparmor_parser"
audit: type=1400 audit(1543725089.184:8): apparmor="STATUS" operation="profile_load" profile="unconfined" name="/usr/bin/man" pid=804 comm="apparmor_parser"
audit: type=1400 audit(1543725089.184:9): apparmor="STATUS" operation="profile_load" profile="unconfined" name="man_filter" pid=804 comm="apparmor_parser"
audit: type=1400 audit(1543725089.184:10): apparmor="STATUS" operation="profile_load" profile="unconfined" name="man_groff" pid=804 comm="apparmor_parser"
audit: type=1400 audit(1543725089.188:11): apparmor="STATUS" operation="profile_load" profile="unconfined" name="/sbin/dhclient" pid=802 comm="apparmor_parser"
random: crng init done
random: 7 urandom warning(s) missed due to ratelimiting
new mount options do not match the existing superblock, will be ignored
aufs 4.15-20180219
aufs aufs_fill_super:912:mount[1565]: no arg
overlayfs: missing 'lowerdir'
Ebtables v2.0 registered
virbr0: port 1(virbr0-nic) entered blocking state
virbr0: port 1(virbr0-nic) entered disabled state
device virbr0-nic entered promiscuous mode
virbr0: port 1(virbr0-nic) entered blocking state
virbr0: port 1(virbr0-nic) entered listening state
virbr0: port 1(virbr0-nic) entered disabled state
kauditd_printk_skb: 25 callbacks suppressed
audit: type=1400 audit(1543725101.094:37): apparmor="DENIED" operation="exec" profile="snap.docker.dockerd" name="/bin/kmod" pid=1785 comm="docker-containe" requested_mask="x" denied_mask="x" fsuid=0 ouid=0
audit: type=1400 audit(1543725101.354:38): apparmor="STATUS" operation="profile_load" profile="snap.docker.dockerd" name="docker-default" pid=1790 comm="apparmor_parser"
audit: type=1400 audit(1543725101.359:39): apparmor="DENIED" operation="exec" profile="snap.docker.dockerd" name="/bin/kmod" pid=1797 comm="dockerd" requested_mask="x" denied_mask="x" fsuid=0 ouid=0
audit: type=1400 audit(1543725102.121:40): apparmor="DENIED" operation="exec" profile="snap.docker.dockerd" name="/bin/kmod" pid=1808 comm="dockerd" requested_mask="x" denied_mask="x" fsuid=0 ouid=0
audit: type=1400 audit(1543725102.121:41): apparmor="DENIED" operation="exec" profile="snap.docker.dockerd" name="/bin/kmod" pid=1809 comm="dockerd" requested_mask="x" denied_mask="x" fsuid=0 ouid=0
audit: type=1400 audit(1543725102.260:42): apparmor="DENIED" operation="exec" profile="snap.docker.dockerd" name="/bin/kmod" pid=1842 comm="dockerd" requested_mask="x" denied_mask="x" fsuid=0 ouid=0
Initializing XFRM netlink socket
audit: type=1400 audit(1543725102.303:43): apparmor="DENIED" operation="exec" profile="snap.docker.dockerd" name="/bin/kmod" pid=1846 comm="dockerd" requested_mask="x" denied_mask="x" fsuid=0 ouid=0
IPv6: ADDRCONF(NETDEV_UP): docker0: link is not ready
aufs au_opts_verify:1623:dockerd[1796]: dirperm1 breaks the protection by the permission bits on the lower branch
audit: type=1400 audit(1543728529.966:44): apparmor="DENIED" operation="open" profile="snap.docker.docker" name="/etc/init.d/" pid=2951 comm="bash" requested_mask="r" denied_mask="r" fsuid=1004 ouid=0
audit: type=1400 audit(1543728629.594:45): apparmor="DENIED" operation="open" profile="snap.docker.docker" name="/etc/init.d/" pid=3215 comm="bash" requested_mask="r" denied_mask="r" fsuid=1004 ouid=0
docker0: port 1(veth213c26d) entered blocking state
docker0: port 1(veth213c26d) entered disabled state
device veth213c26d entered promiscuous mode
IPv6: ADDRCONF(NETDEV_UP): veth213c26d: link is not ready
eth0: renamed from veth2659843
IPv6: ADDRCONF(NETDEV_CHANGE): veth213c26d: link becomes ready
docker0: port 1(veth213c26d) entered blocking state
docker0: port 1(veth213c26d) entered forwarding state
IPv6: ADDRCONF(NETDEV_CHANGE): docker0: link becomes ready
docker0: port 1(veth213c26d) entered disabled state
veth2659843: renamed from eth0
docker0: port 1(veth213c26d) entered disabled state
device veth213c26d left promiscuous mode
docker0: port 1(veth213c26d) entered disabled state
docker0: port 1(vethc2db88c) entered blocking state
docker0: port 1(vethc2db88c) entered disabled state
device vethc2db88c entered promiscuous mode
IPv6: ADDRCONF(NETDEV_UP): vethc2db88c: link is not ready
eth0: renamed from vethd80c6fb
IPv6: ADDRCONF(NETDEV_CHANGE): vethc2db88c: link becomes ready
docker0: port 1(vethc2db88c) entered blocking state
docker0: port 1(vethc2db88c) entered forwarding state
docker0: port 1(vethc2db88c) entered disabled state
vethd80c6fb: renamed from eth0
docker0: port 1(vethc2db88c) entered disabled state
device vethc2db88c left promiscuous mode
docker0: port 1(vethc2db88c) entered disabled state
docker0: port 1(vethb30fd04) entered blocking state
docker0: port 1(vethb30fd04) entered disabled state
device vethb30fd04 entered promiscuous mode
IPv6: ADDRCONF(NETDEV_UP): vethb30fd04: link is not ready
docker0: port 1(vethb30fd04) entered blocking state
docker0: port 1(vethb30fd04) entered forwarding state
docker0: port 1(vethb30fd04) entered disabled state
eth0: renamed from vethfb37b02
IPv6: ADDRCONF(NETDEV_CHANGE): vethb30fd04: link becomes ready
docker0: port 1(vethb30fd04) entered blocking state
docker0: port 1(vethb30fd04) entered forwarding state
docker0: port 1(vethb30fd04) entered disabled state
vethfb37b02: renamed from eth0
docker0: port 1(vethb30fd04) entered disabled state
device vethb30fd04 left promiscuous mode
docker0: port 1(vethb30fd04) entered disabled state
docker0: port 1(veth27841fd) entered blocking state
docker0: port 1(veth27841fd) entered disabled state
device veth27841fd entered promiscuous mode
IPv6: ADDRCONF(NETDEV_UP): veth27841fd: link is not ready
docker0: port 1(veth27841fd) entered blocking state
docker0: port 1(veth27841fd) entered forwarding state
docker0: port 1(veth27841fd) entered disabled state
eth0: renamed from veth54b4754
IPv6: ADDRCONF(NETDEV_CHANGE): veth27841fd: link becomes ready
docker0: port 1(veth27841fd) entered blocking state
docker0: port 1(veth27841fd) entered forwarding state
docker0: port 1(veth27841fd) entered disabled state
veth54b4754: renamed from eth0
docker0: port 1(veth27841fd) entered disabled state
device veth27841fd left promiscuous mode
docker0: port 1(veth27841fd) entered disabled state
docker0: port 1(vethef727c8) entered blocking state
docker0: port 1(vethef727c8) entered disabled state
device vethef727c8 entered promiscuous mode
IPv6: ADDRCONF(NETDEV_UP): vethef727c8: link is not ready
docker0: port 1(vethef727c8) entered blocking state
docker0: port 1(vethef727c8) entered forwarding state
docker0: port 1(vethef727c8) entered disabled state
eth0: renamed from vethc3f2b62
IPv6: ADDRCONF(NETDEV_CHANGE): vethef727c8: link becomes ready
docker0: port 1(vethef727c8) entered blocking state
docker0: port 1(vethef727c8) entered forwarding state
docker0: port 1(vethef727c8) entered disabled state
vethc3f2b62: renamed from eth0
docker0: port 1(vethef727c8) entered disabled state
device vethef727c8 left promiscuous mode
docker0: port 1(vethef727c8) entered disabled state
docker0: port 1(vethd1c9df9) entered blocking state
docker0: port 1(vethd1c9df9) entered disabled state
device vethd1c9df9 entered promiscuous mode
IPv6: ADDRCONF(NETDEV_UP): vethd1c9df9: link is not ready
docker0: port 1(vethd1c9df9) entered blocking state
docker0: port 1(vethd1c9df9) entered forwarding state
docker0: port 1(vethd1c9df9) entered disabled state
eth0: renamed from vetha5dc2ae
IPv6: ADDRCONF(NETDEV_CHANGE): vethd1c9df9: link becomes ready
docker0: port 1(vethd1c9df9) entered blocking state
docker0: port 1(vethd1c9df9) entered forwarding state
docker0: port 1(vethd1c9df9) entered disabled state
vetha5dc2ae: renamed from eth0
docker0: port 1(vethd1c9df9) entered disabled state
device vethd1c9df9 left promiscuous mode
docker0: port 1(vethd1c9df9) entered disabled state
docker0: port 1(veth0978d46) entered blocking state
docker0: port 1(veth0978d46) entered disabled state
device veth0978d46 entered promiscuous mode
IPv6: ADDRCONF(NETDEV_UP): veth0978d46: link is not ready
eth0: renamed from veth2aef3cf
IPv6: ADDRCONF(NETDEV_CHANGE): veth0978d46: link becomes ready
docker0: port 1(veth0978d46) entered blocking state
docker0: port 1(veth0978d46) entered forwarding state
docker0: port 1(veth0978d46) entered disabled state
veth2aef3cf: renamed from eth0
docker0: port 1(veth0978d46) entered disabled state
device veth0978d46 left promiscuous mode
docker0: port 1(veth0978d46) entered disabled state
docker0: port 1(veth1195ff5) entered blocking state
docker0: port 1(veth1195ff5) entered disabled state
device veth1195ff5 entered promiscuous mode
IPv6: ADDRCONF(NETDEV_UP): veth1195ff5: link is not ready
eth0: renamed from vethbed79d3
IPv6: ADDRCONF(NETDEV_CHANGE): veth1195ff5: link becomes ready
docker0: port 1(veth1195ff5) entered blocking state
docker0: port 1(veth1195ff5) entered forwarding state
docker0: port 1(veth1195ff5) entered disabled state
vethbed79d3: renamed from eth0
docker0: port 1(veth1195ff5) entered disabled state
device veth1195ff5 left promiscuous mode
docker0: port 1(veth1195ff5) entered disabled state
docker0: port 1(veth477c239) entered blocking state
docker0: port 1(veth477c239) entered disabled state
device veth477c239 entered promiscuous mode
IPv6: ADDRCONF(NETDEV_UP): veth477c239: link is not ready
docker0: port 1(veth477c239) entered blocking state
docker0: port 1(veth477c239) entered forwarding state
docker0: port 1(veth477c239) entered disabled state
eth0: renamed from vethbe8c3ae
IPv6: ADDRCONF(NETDEV_CHANGE): veth477c239: link becomes ready
docker0: port 1(veth477c239) entered blocking state
docker0: port 1(veth477c239) entered forwarding state
docker0: port 1(veth477c239) entered disabled state
vethbe8c3ae: renamed from eth0
docker0: port 1(veth477c239) entered disabled state
device veth477c239 left promiscuous mode
docker0: port 1(veth477c239) entered disabled state
docker0: port 1(vethd748361) entered blocking state
docker0: port 1(vethd748361) entered disabled state
device vethd748361 entered promiscuous mode
IPv6: ADDRCONF(NETDEV_UP): vethd748361: link is not ready
docker0: port 1(vethd748361) entered blocking state
docker0: port 1(vethd748361) entered forwarding state
docker0: port 1(vethd748361) entered disabled state
eth0: renamed from vethb9eed12
IPv6: ADDRCONF(NETDEV_CHANGE): vethd748361: link becomes ready
docker0: port 1(vethd748361) entered blocking state
docker0: port 1(vethd748361) entered forwarding state
docker0: port 1(vethd748361) entered disabled state
vethb9eed12: renamed from eth0
docker0: port 1(vethd748361) entered disabled state
device vethd748361 left promiscuous mode
docker0: port 1(vethd748361) entered disabled state
docker0: port 1(vethf79d3b2) entered blocking state
docker0: port 1(vethf79d3b2) entered disabled state
device vethf79d3b2 entered promiscuous mode
IPv6: ADDRCONF(NETDEV_UP): vethf79d3b2: link is not ready
eth0: renamed from veth8f515e9
IPv6: ADDRCONF(NETDEV_CHANGE): vethf79d3b2: link becomes ready
docker0: port 1(vethf79d3b2) entered blocking state
docker0: port 1(vethf79d3b2) entered forwarding state
docker0: port 1(vethf79d3b2) entered disabled state
veth8f515e9: renamed from eth0
docker0: port 1(vethf79d3b2) entered disabled state
device vethf79d3b2 left promiscuous mode
docker0: port 1(vethf79d3b2) entered disabled state
docker0: port 1(veth90c4f9a) entered blocking state
docker0: port 1(veth90c4f9a) entered disabled state
device veth90c4f9a entered promiscuous mode
IPv6: ADDRCONF(NETDEV_UP): veth90c4f9a: link is not ready
docker0: port 1(veth90c4f9a) entered blocking state
docker0: port 1(veth90c4f9a) entered forwarding state
docker0: port 1(veth90c4f9a) entered disabled state
eth0: renamed from vethc1b188c
IPv6: ADDRCONF(NETDEV_CHANGE): veth90c4f9a: link becomes ready
docker0: port 1(veth90c4f9a) entered blocking state
docker0: port 1(veth90c4f9a) entered forwarding state
docker0: port 2(vethe9658a7) entered blocking state
docker0: port 2(vethe9658a7) entered disabled state
device vethe9658a7 entered promiscuous mode
IPv6: ADDRCONF(NETDEV_UP): vethe9658a7: link is not ready
eth0: renamed from veth2126a70
IPv6: ADDRCONF(NETDEV_CHANGE): vethe9658a7: link becomes ready
docker0: port 2(vethe9658a7) entered blocking state
docker0: port 2(vethe9658a7) entered forwarding state
docker0: port 3(veth466f727) entered blocking state
docker0: port 3(veth466f727) entered disabled state
device veth466f727 entered promiscuous mode
IPv6: ADDRCONF(NETDEV_UP): veth466f727: link is not ready
docker0: port 3(veth466f727) entered blocking state
docker0: port 3(veth466f727) entered forwarding state
docker0: port 3(veth466f727) entered disabled state
eth0: renamed from vethc2de083
IPv6: ADDRCONF(NETDEV_CHANGE): veth466f727: link becomes ready
docker0: port 3(veth466f727) entered blocking state
docker0: port 3(veth466f727) entered forwarding state
docker0: port 4(vethc1c3822) entered blocking state
docker0: port 4(vethc1c3822) entered disabled state
device vethc1c3822 entered promiscuous mode
IPv6: ADDRCONF(NETDEV_UP): vethc1c3822: link is not ready
docker0: port 4(vethc1c3822) entered blocking state
docker0: port 4(vethc1c3822) entered forwarding state
docker0: port 4(vethc1c3822) entered disabled state
eth0: renamed from veth7976d50
IPv6: ADDRCONF(NETDEV_CHANGE): vethc1c3822: link becomes ready
docker0: port 4(vethc1c3822) entered blocking state
docker0: port 4(vethc1c3822) entered forwarding state
audit: type=1400 audit(1543729138.497:46): apparmor="DENIED" operation="open" profile="snap.docker.docker" name="/etc/init.d/" pid=7413 comm="bash" requested_mask="r" denied_mask="r" fsuid=1004 ouid=0
audit: type=1400 audit(1543729288.626:47): apparmor="DENIED" operation="ptrace" profile="docker-default" pid=7664 comm="ps" requested_mask="tracedby" denied_mask="tracedby" peer="docker-default"
audit: type=1400 audit(1543729288.626:48): apparmor="DENIED" operation="ptrace" profile="docker-default" pid=7664 comm="ps" requested_mask="tracedby" denied_mask="tracedby" peer="docker-default"
audit: type=1400 audit(1543729288.626:49): apparmor="DENIED" operation="ptrace" profile="docker-default" pid=7664 comm="ps" requested_mask="tracedby" denied_mask="tracedby" peer="docker-default"
audit: type=1400 audit(1543729288.626:50): apparmor="DENIED" operation="ptrace" profile="docker-default" pid=7664 comm="ps" requested_mask="tracedby" denied_mask="tracedby" peer="docker-default"
audit: type=1400 audit(1543729288.626:51): apparmor="DENIED" operation="ptrace" profile="docker-default" pid=7664 comm="ps" requested_mask="tracedby" denied_mask="tracedby" peer="docker-default"
audit: type=1400 audit(1543729288.630:52): apparmor="DENIED" operation="ptrace" profile="docker-default" pid=7666 comm="ps" requested_mask="tracedby" denied_mask="tracedby" peer="docker-default"
audit: type=1400 audit(1543729288.630:53): apparmor="DENIED" operation="ptrace" profile="docker-default" pid=7666 comm="ps" requested_mask="tracedby" denied_mask="tracedby" peer="docker-default"
audit: type=1400 audit(1543729288.630:54): apparmor="DENIED" operation="ptrace" profile="docker-default" pid=7666 comm="ps" requested_mask="tracedby" denied_mask="tracedby" peer="docker-default"
audit: type=1400 audit(1543729288.630:55): apparmor="DENIED" operation="ptrace" profile="docker-default" pid=7666 comm="ps" requested_mask="tracedby" denied_mask="tracedby" peer="docker-default"
audit: type=1400 audit(1543729288.630:56): apparmor="DENIED" operation="ptrace" profile="docker-default" pid=7666 comm="ps" requested_mask="tracedby" denied_mask="tracedby" peer="docker-default"
kauditd_printk_skb: 133 callbacks suppressed
audit: type=1400 audit(1543729294.742:190): apparmor="DENIED" operation="ptrace" profile="docker-default" pid=7763 comm="systemd-detect-" requested_mask="tracedby" denied_mask="tracedby" peer="docker-default"
audit: type=1400 audit(1543729294.754:191): apparmor="DENIED" operation="ptrace" profile="docker-default" pid=7765 comm="ps" requested_mask="tracedby" denied_mask="tracedby" peer="docker-default"
audit: type=1400 audit(1543729294.754:192): apparmor="DENIED" operation="ptrace" profile="docker-default" pid=7765 comm="ps" requested_mask="tracedby" denied_mask="tracedby" peer="docker-default"
audit: type=1400 audit(1543729294.754:193): apparmor="DENIED" operation="ptrace" profile="docker-default" pid=7765 comm="ps" requested_mask="tracedby" denied_mask="tracedby" peer="docker-default"
audit: type=1400 audit(1543729294.754:194): apparmor="DENIED" operation="ptrace" profile="docker-default" pid=7765 comm="ps" requested_mask="tracedby" denied_mask="tracedby" peer="docker-default"
audit: type=1400 audit(1543729294.754:195): apparmor="DENIED" operation="ptrace" profile="docker-default" pid=7765 comm="ps" requested_mask="tracedby" denied_mask="tracedby" peer="docker-default"
audit: type=1400 audit(1543729294.758:196): apparmor="DENIED" operation="ptrace" profile="docker-default" pid=7767 comm="ps" requested_mask="tracedby" denied_mask="tracedby" peer="docker-default"
audit: type=1400 audit(1543729294.758:197): apparmor="DENIED" operation="ptrace" profile="docker-default" pid=7767 comm="ps" requested_mask="tracedby" denied_mask="tracedby" peer="docker-default"
audit: type=1400 audit(1543729294.758:198): apparmor="DENIED" operation="ptrace" profile="docker-default" pid=7767 comm="ps" requested_mask="tracedby" denied_mask="tracedby" peer="docker-default"
audit: type=1400 audit(1543729294.758:199): apparmor="DENIED" operation="ptrace" profile="docker-default" pid=7767 comm="ps" requested_mask="tracedby" denied_mask="tracedby" peer="docker-default"
docker0: port 1(veth90c4f9a) entered disabled state
vethc1b188c: renamed from eth0
docker0: port 1(veth90c4f9a) entered disabled state
device veth90c4f9a left promiscuous mode
docker0: port 1(veth90c4f9a) entered disabled state
docker0: port 2(vethe9658a7) entered disabled state
veth2126a70: renamed from eth0
docker0: port 2(vethe9658a7) entered disabled state
device vethe9658a7 left promiscuous mode
docker0: port 2(vethe9658a7) entered disabled state
docker0: port 3(veth466f727) entered disabled state
vethc2de083: renamed from eth0
docker0: port 3(veth466f727) entered disabled state
device veth466f727 left promiscuous mode
docker0: port 3(veth466f727) entered disabled state
docker0: port 4(vethc1c3822) entered disabled state
veth7976d50: renamed from eth0
docker0: port 4(vethc1c3822) entered disabled state
device vethc1c3822 left promiscuous mode
docker0: port 4(vethc1c3822) entered disabled state
kauditd_printk_skb: 566 callbacks suppressed
audit: type=1400 audit(1543729372.161:766): apparmor="DENIED" operation="open" profile="snap.docker.docker" name="/etc/init.d/" pid=8733 comm="bash" requested_mask="r" denied_mask="r" fsuid=1004 ouid=0
docker0: port 1(vethfd74db8) entered blocking state
docker0: port 1(vethfd74db8) entered disabled state
device vethfd74db8 entered promiscuous mode
IPv6: ADDRCONF(NETDEV_UP): vethfd74db8: link is not ready
docker0: port 1(vethfd74db8) entered blocking state
docker0: port 1(vethfd74db8) entered forwarding state
docker0: port 1(vethfd74db8) entered disabled state
eth0: renamed from veth702d701
IPv6: ADDRCONF(NETDEV_CHANGE): vethfd74db8: link becomes ready
docker0: port 1(vethfd74db8) entered blocking state
docker0: port 1(vethfd74db8) entered forwarding state
audit: type=1400 audit(1543729531.762:767): apparmor="DENIED" operation="ptrace" profile="docker-default" pid=9246 comm="ps" requested_mask="tracedby" denied_mask="tracedby" peer="docker-default"
audit: type=1400 audit(1543729531.762:768): apparmor="DENIED" operation="ptrace" profile="docker-default" pid=9246 comm="ps" requested_mask="tracedby" denied_mask="tracedby" peer="docker-default"
audit: type=1400 audit(1543729531.762:769): apparmor="DENIED" operation="ptrace" profile="docker-default" pid=9246 comm="ps" requested_mask="tracedby" denied_mask="tracedby" peer="docker-default"
audit: type=1400 audit(1543729531.762:770): apparmor="DENIED" operation="ptrace" profile="docker-default" pid=9246 comm="ps" requested_mask="tracedby" denied_mask="tracedby" peer="docker-default"
audit: type=1400 audit(1543729531.762:771): apparmor="DENIED" operation="ptrace" profile="docker-default" pid=9246 comm="ps" requested_mask="tracedby" denied_mask="tracedby" peer="docker-default"
audit: type=1400 audit(1543729531.766:772): apparmor="DENIED" operation="ptrace" profile="docker-default" pid=9248 comm="ps" requested_mask="tracedby" denied_mask="tracedby" peer="docker-default"
audit: type=1400 audit(1543729531.766:773): apparmor="DENIED" operation="ptrace" profile="docker-default" pid=9248 comm="ps" requested_mask="tracedby" denied_mask="tracedby" peer="docker-default"
audit: type=1400 audit(1543729531.766:774): apparmor="DENIED" operation="ptrace" profile="docker-default" pid=9248 comm="ps" requested_mask="tracedby" denied_mask="tracedby" peer="docker-default"
audit: type=1400 audit(1543729531.766:775): apparmor="DENIED" operation="ptrace" profile="docker-default" pid=9248 comm="ps" requested_mask="tracedby" denied_mask="tracedby" peer="docker-default"
audit: type=1400 audit(1543729531.766:776): apparmor="DENIED" operation="ptrace" profile="docker-default" pid=9248 comm="ps" requested_mask="tracedby" denied_mask="tracedby" peer="docker-default"
docker0: port 2(veth5b7ac45) entered blocking state
docker0: port 2(veth5b7ac45) entered disabled state
device veth5b7ac45 entered promiscuous mode
IPv6: ADDRCONF(NETDEV_UP): veth5b7ac45: link is not ready
eth0: renamed from veth09ec0c0
IPv6: ADDRCONF(NETDEV_CHANGE): veth5b7ac45: link becomes ready
docker0: port 2(veth5b7ac45) entered blocking state
docker0: port 2(veth5b7ac45) entered forwarding state
docker0: port 3(veth04349a6) entered blocking state
docker0: port 3(veth04349a6) entered disabled state
device veth04349a6 entered promiscuous mode
IPv6: ADDRCONF(NETDEV_UP): veth04349a6: link is not ready
docker0: port 3(veth04349a6) entered blocking state
docker0: port 3(veth04349a6) entered forwarding state
docker0: port 3(veth04349a6) entered disabled state
eth0: renamed from veth6161599
IPv6: ADDRCONF(NETDEV_CHANGE): veth04349a6: link becomes ready
docker0: port 3(veth04349a6) entered blocking state
docker0: port 3(veth04349a6) entered forwarding state
docker0: port 4(veth5ada81e) entered blocking state
docker0: port 4(veth5ada81e) entered disabled state
device veth5ada81e entered promiscuous mode
IPv6: ADDRCONF(NETDEV_UP): veth5ada81e: link is not ready
docker0: port 4(veth5ada81e) entered blocking state
docker0: port 4(veth5ada81e) entered forwarding state
docker0: port 4(veth5ada81e) entered disabled state
eth0: renamed from vethedfdfa6
IPv6: ADDRCONF(NETDEV_CHANGE): veth5ada81e: link becomes ready
docker0: port 4(veth5ada81e) entered blocking state
docker0: port 4(veth5ada81e) entered forwarding state
kauditd_printk_skb: 709 callbacks suppressed
audit: type=1400 audit(1543729857.378:1486): apparmor="DENIED" operation="open" profile="snap.docker.docker" name="/etc/init.d/" pid=10483 comm="bash" requested_mask="r" denied_mask="r" fsuid=1004 ouid=0
audit: type=1400 audit(1543730048.474:1487): apparmor="DENIED" operation="ptrace" profile="docker-default" pid=10751 comm="ps" requested_mask="tracedby" denied_mask="tracedby" peer="docker-default"
audit: type=1400 audit(1543730048.474:1488): apparmor="DENIED" operation="ptrace" profile="docker-default" pid=10751 comm="ps" requested_mask="tracedby" denied_mask="tracedby" peer="docker-default"
audit: type=1400 audit(1543730048.474:1489): apparmor="DENIED" operation="ptrace" profile="docker-default" pid=10751 comm="ps" requested_mask="tracedby" denied_mask="tracedby" peer="docker-default"
audit: type=1400 audit(1543730048.474:1490): apparmor="DENIED" operation="ptrace" profile="docker-default" pid=10751 comm="ps" requested_mask="tracedby" denied_mask="tracedby" peer="docker-default"
audit: type=1400 audit(1543730048.474:1491): apparmor="DENIED" operation="ptrace" profile="docker-default" pid=10751 comm="ps" requested_mask="tracedby" denied_mask="tracedby" peer="docker-default"
audit: type=1400 audit(1543730048.482:1492): apparmor="DENIED" operation="ptrace" profile="docker-default" pid=10754 comm="ps" requested_mask="tracedby" denied_mask="tracedby" peer="docker-default"
audit: type=1400 audit(1543730048.482:1493): apparmor="DENIED" operation="ptrace" profile="docker-default" pid=10754 comm="ps" requested_mask="tracedby" denied_mask="tracedby" peer="docker-default"
audit: type=1400 audit(1543730048.482:1494): apparmor="DENIED" operation="ptrace" profile="docker-default" pid=10754 comm="ps" requested_mask="tracedby" denied_mask="tracedby" peer="docker-default"
audit: type=1400 audit(1543730048.482:1495): apparmor="DENIED" operation="ptrace" profile="docker-default" pid=10754 comm="ps" requested_mask="tracedby" denied_mask="tracedby" peer="docker-default"
audit: type=1400 audit(1543730048.482:1496): apparmor="DENIED" operation="ptrace" profile="docker-default" pid=10754 comm="ps" requested_mask="tracedby" denied_mask="tracedby" peer="docker-default"
kauditd_printk_skb: 2837 callbacks suppressed
audit: type=1400 audit(1543730268.749:4334): apparmor="DENIED" operation="ptrace" profile="docker-default" pid=12975 comm="ps" requested_mask="tracedby" denied_mask="tracedby" peer="docker-default"
audit: type=1400 audit(1543730268.941:4335): apparmor="DENIED" operation="ptrace" profile="docker-default" pid=12975 comm="ps" requested_mask="tracedby" denied_mask="tracedby" peer="docker-default"
audit: type=1400 audit(1543730268.941:4336): apparmor="DENIED" operation="ptrace" profile="docker-default" pid=12975 comm="ps" requested_mask="tracedby" denied_mask="tracedby" peer="docker-default"
audit: type=1400 audit(1543730268.941:4337): apparmor="DENIED" operation="ptrace" profile="docker-default" pid=12975 comm="ps" requested_mask="tracedby" denied_mask="tracedby" peer="docker-default"
audit: type=1400 audit(1543730268.941:4338): apparmor="DENIED" operation="ptrace" profile="docker-default" pid=12975 comm="ps" requested_mask="tracedby" denied_mask="tracedby" peer="docker-default"
audit: type=1400 audit(1543730268.941:4339): apparmor="DENIED" operation="ptrace" profile="docker-default" pid=12975 comm="ps" requested_mask="tracedby" denied_mask="tracedby" peer="docker-default"
audit: type=1400 audit(1543730268.941:4340): apparmor="DENIED" operation="ptrace" profile="docker-default" pid=12975 comm="ps" requested_mask="tracedby" denied_mask="tracedby" peer="docker-default"
audit: type=1400 audit(1543730268.941:4341): apparmor="DENIED" operation="ptrace" profile="docker-default" pid=12975 comm="ps" requested_mask="tracedby" denied_mask="tracedby" peer="docker-default"
audit: type=1400 audit(1543730268.941:4342): apparmor="DENIED" operation="ptrace" profile="docker-default" pid=12975 comm="ps" requested_mask="tracedby" denied_mask="tracedby" peer="docker-default"
audit: type=1400 audit(1543730268.941:4343): apparmor="DENIED" operation="ptrace" profile="docker-default" pid=12975 comm="ps" requested_mask="tracedby" denied_mask="tracedby" peer="docker-default"
kauditd_printk_skb: 166 callbacks suppressed
audit: type=1400 audit(1543730273.781:4510): apparmor="DENIED" operation="ptrace" profile="docker-default" pid=13007 comm="ps" requested_mask="tracedby" denied_mask="tracedby" peer="docker-default"
audit: type=1400 audit(1543730273.781:4511): apparmor="DENIED" operation="ptrace" profile="docker-default" pid=13007 comm="ps" requested_mask="tracedby" denied_mask="tracedby" peer="docker-default"
audit: type=1400 audit(1543730273.781:4512): apparmor="DENIED" operation="ptrace" profile="docker-default" pid=13007 comm="ps" requested_mask="tracedby" denied_mask="tracedby" peer="docker-default"
audit: type=1400 audit(1543730273.781:4513): apparmor="DENIED" operation="ptrace" profile="docker-default" pid=13007 comm="ps" requested_mask="tracedby" denied_mask="tracedby" peer="docker-default"
audit: type=1400 audit(1543730273.781:4514): apparmor="DENIED" operation="ptrace" profile="docker-default" pid=13007 comm="ps" requested_mask="tracedby" denied_mask="tracedby" peer="docker-default"
audit: type=1400 audit(1543730273.781:4515): apparmor="DENIED" operation="ptrace" profile="docker-default" pid=13007 comm="ps" requested_mask="tracedby" denied_mask="tracedby" peer="docker-default"
audit: type=1400 audit(1543730273.781:4516): apparmor="DENIED" operation="ptrace" profile="docker-default" pid=13007 comm="ps" requested_mask="tracedby" denied_mask="tracedby" peer="docker-default"
audit: type=1400 audit(1543730273.781:4517): apparmor="DENIED" operation="ptrace" profile="docker-default" pid=13007 comm="ps" requested_mask="tracedby" denied_mask="tracedby" peer="docker-default"
audit: type=1400 audit(1543730273.781:4518): apparmor="DENIED" operation="ptrace" profile="docker-default" pid=13007 comm="ps" requested_mask="tracedby" denied_mask="tracedby" peer="docker-default"
audit: type=1400 audit(1543730273.781:4519): apparmor="DENIED" operation="ptrace" profile="docker-default" pid=13007 comm="ps" requested_mask="tracedby" denied_mask="tracedby" peer="docker-default"
kauditd_printk_skb: 67 callbacks suppressed
audit: type=1400 audit(1543730280.026:4587): apparmor="DENIED" operation="ptrace" profile="docker-default" pid=13030 comm="ps" requested_mask="tracedby" denied_mask="tracedby" peer="docker-default"
audit: type=1400 audit(1543730280.026:4588): apparmor="DENIED" operation="ptrace" profile="docker-default" pid=13030 comm="ps" requested_mask="tracedby" denied_mask="tracedby" peer="docker-default"
audit: type=1400 audit(1543730280.026:4589): apparmor="DENIED" operation="ptrace" profile="docker-default" pid=13030 comm="ps" requested_mask="tracedby" denied_mask="tracedby" peer="docker-default"
audit: type=1400 audit(1543730280.026:4590): apparmor="DENIED" operation="ptrace" profile="docker-default" pid=13030 comm="ps" requested_mask="tracedby" denied_mask="tracedby" peer="docker-default"
audit: type=1400 audit(1543730280.026:4591): apparmor="DENIED" operation="ptrace" profile="docker-default" pid=13030 comm="ps" requested_mask="tracedby" denied_mask="tracedby" peer="docker-default"
audit: type=1400 audit(1543730280.026:4592): apparmor="DENIED" operation="ptrace" profile="docker-default" pid=13030 comm="ps" requested_mask="tracedby" denied_mask="tracedby" peer="docker-default"
audit: type=1400 audit(1543730280.026:4593): apparmor="DENIED" operation="ptrace" profile="docker-default" pid=13030 comm="ps" requested_mask="tracedby" denied_mask="tracedby" peer="docker-default"
audit: type=1400 audit(1543730280.026:4594): apparmor="DENIED" operation="ptrace" profile="docker-default" pid=13030 comm="ps" requested_mask="tracedby" denied_mask="tracedby" peer="docker-default"
audit: type=1400 audit(1543730280.026:4595): apparmor="DENIED" operation="ptrace" profile="docker-default" pid=13030 comm="ps" requested_mask="tracedby" denied_mask="tracedby" peer="docker-default"
audit: type=1400 audit(1543730280.026:4596): apparmor="DENIED" operation="ptrace" profile="docker-default" pid=13030 comm="ps" requested_mask="tracedby" denied_mask="tracedby" peer="docker-default"
kauditd_printk_skb: 210 callbacks suppressed
audit: type=1400 audit(1543730285.222:4807): apparmor="DENIED" operation="ptrace" profile="docker-default" pid=13070 comm="ps" requested_mask="tracedby" denied_mask="tracedby" peer="docker-default"
audit: type=1400 audit(1543730285.222:4808): apparmor="DENIED" operation="ptrace" profile="docker-default" pid=13070 comm="ps" requested_mask="tracedby" denied_mask="tracedby" peer="docker-default"
audit: type=1400 audit(1543730285.222:4809): apparmor="DENIED" operation="ptrace" profile="docker-default" pid=13070 comm="ps" requested_mask="tracedby" denied_mask="tracedby" peer="docker-default"
audit: type=1400 audit(1543730285.222:4810): apparmor="DENIED" operation="ptrace" profile="docker-default" pid=13070 comm="ps" requested_mask="tracedby" denied_mask="tracedby" peer="docker-default"
audit: type=1400 audit(1543730285.222:4811): apparmor="DENIED" operation="ptrace" profile="docker-default" pid=13070 comm="ps" requested_mask="tracedby" denied_mask="tracedby" peer="docker-default"
audit: type=1400 audit(1543730285.222:4812): apparmor="DENIED" operation="ptrace" profile="docker-default" pid=13070 comm="ps" requested_mask="tracedby" denied_mask="tracedby" peer="docker-default"
audit: type=1400 audit(1543730285.222:4813): apparmor="DENIED" operation="ptrace" profile="docker-default" pid=13070 comm="ps" requested_mask="tracedby" denied_mask="tracedby" peer="docker-default"
audit: type=1400 audit(1543730285.222:4814): apparmor="DENIED" operation="ptrace" profile="docker-default" pid=13070 comm="ps" requested_mask="tracedby" denied_mask="tracedby" peer="docker-default"
audit: type=1400 audit(1543730285.222:4815): apparmor="DENIED" operation="ptrace" profile="docker-default" pid=13070 comm="ps" requested_mask="tracedby" denied_mask="tracedby" peer="docker-default"
audit: type=1400 audit(1543730285.222:4816): apparmor="DENIED" operation="ptrace" profile="docker-default" pid=13070 comm="ps" requested_mask="tracedby" denied_mask="tracedby" peer="docker-default"
kauditd_printk_skb: 67 callbacks suppressed
audit: type=1400 audit(1543730290.267:4884): apparmor="DENIED" operation="ptrace" profile="docker-default" pid=13095 comm="ps" requested_mask="tracedby" denied_mask="tracedby" peer="docker-default"
audit: type=1400 audit(1543730290.363:4885): apparmor="DENIED" operation="ptrace" profile="docker-default" pid=13095 comm="ps" requested_mask="tracedby" denied_mask="tracedby" peer="docker-default"
audit: type=1400 audit(1543730290.363:4886): apparmor="DENIED" operation="ptrace" profile="docker-default" pid=13095 comm="ps" requested_mask="tracedby" denied_mask="tracedby" peer="docker-default"
audit: type=1400 audit(1543730290.363:4887): apparmor="DENIED" operation="ptrace" profile="docker-default" pid=13095 comm="ps" requested_mask="tracedby" denied_mask="tracedby" peer="docker-default"
audit: type=1400 audit(1543730290.363:4888): apparmor="DENIED" operation="ptrace" profile="docker-default" pid=13095 comm="ps" requested_mask="tracedby" denied_mask="tracedby" peer="docker-default"
audit: type=1400 audit(1543730290.363:4889): apparmor="DENIED" operation="ptrace" profile="docker-default" pid=13095 comm="ps" requested_mask="tracedby" denied_mask="tracedby" peer="docker-default"
audit: type=1400 audit(1543730290.363:4890): apparmor="DENIED" operation="ptrace" profile="docker-default" pid=13095 comm="ps" requested_mask="tracedby" denied_mask="tracedby" peer="docker-default"
audit: type=1400 audit(1543730290.363:4891): apparmor="DENIED" operation="ptrace" profile="docker-default" pid=13095 comm="ps" requested_mask="tracedby" denied_mask="tracedby" peer="docker-default"
audit: type=1400 audit(1543730290.363:4892): apparmor="DENIED" operation="ptrace" profile="docker-default" pid=13095 comm="ps" requested_mask="tracedby" denied_mask="tracedby" peer="docker-default"
audit: type=1400 audit(1543730290.391:4893): apparmor="DENIED" operation="ptrace" profile="docker-default" pid=13095 comm="ps" requested_mask="tracedby" denied_mask="tracedby" peer="docker-default"
kauditd_printk_skb: 148 callbacks suppressed
audit: type=1400 audit(1543730295.271:5042): apparmor="DENIED" operation="ptrace" profile="docker-default" pid=13123 comm="ps" requested_mask="tracedby" denied_mask="tracedby" peer="docker-default"
audit: type=1400 audit(1543730295.275:5043): apparmor="DENIED" operation="ptrace" profile="docker-default" pid=13123 comm="ps" requested_mask="tracedby" denied_mask="tracedby" peer="docker-default"
audit: type=1400 audit(1543730295.279:5044): apparmor="DENIED" operation="ptrace" profile="docker-default" pid=13123 comm="ps" requested_mask="tracedby" denied_mask="tracedby" peer="docker-default"
audit: type=1400 audit(1543730295.279:5045): apparmor="DENIED" operation="ptrace" profile="docker-default" pid=13123 comm="ps" requested_mask="tracedby" denied_mask="tracedby" peer="docker-default"
audit: type=1400 audit(1543730295.279:5046): apparmor="DENIED" operation="ptrace" profile="docker-default" pid=13123 comm="ps" requested_mask="tracedby" denied_mask="tracedby" peer="docker-default"
audit: type=1400 audit(1543730295.279:5047): apparmor="DENIED" operation="ptrace" profile="docker-default" pid=13123 comm="ps" requested_mask="tracedby" denied_mask="tracedby" peer="docker-default"
audit: type=1400 audit(1543730295.283:5048): apparmor="DENIED" operation="ptrace" profile="docker-default" pid=13123 comm="ps" requested_mask="tracedby" denied_mask="tracedby" peer="docker-default"
audit: type=1400 audit(1543730295.471:5049): apparmor="DENIED" operation="ptrace" profile="docker-default" pid=13125 comm="ps" requested_mask="tracedby" denied_mask="tracedby" peer="docker-default"
audit: type=1400 audit(1543730295.731:5050): apparmor="DENIED" operation="ptrace" profile="docker-default" pid=13125 comm="ps" requested_mask="tracedby" denied_mask="tracedby" peer="docker-default"
audit: type=1400 audit(1543730295.731:5051): apparmor="DENIED" operation="ptrace" profile="docker-default" pid=13125 comm="ps" requested_mask="tracedby" denied_mask="tracedby" peer="docker-default"
kauditd_printk_skb: 41 callbacks suppressed
audit: type=1400 audit(1543730301.988:5093): apparmor="DENIED" operation="ptrace" profile="docker-default" pid=13147 comm="ps" requested_mask="tracedby" denied_mask="tracedby" peer="docker-default"
audit: type=1400 audit(1543730302.128:5094): apparmor="DENIED" operation="ptrace" profile="docker-default" pid=13147 comm="ps" requested_mask="tracedby" denied_mask="tracedby" peer="docker-default"
audit: type=1400 audit(1543730302.132:5095): apparmor="DENIED" operation="ptrace" profile="docker-default" pid=13147 comm="ps" requested_mask="tracedby" denied_mask="tracedby" peer="docker-default"
audit: type=1400 audit(1543730302.132:5096): apparmor="DENIED" operation="ptrace" profile="docker-default" pid=13147 comm="ps" requested_mask="tracedby" denied_mask="tracedby" peer="docker-default"
audit: type=1400 audit(1543730302.132:5097): apparmor="DENIED" operation="ptrace" profile="docker-default" pid=13147 comm="ps" requested_mask="tracedby" denied_mask="tracedby" peer="docker-default"
audit: type=1400 audit(1543730302.132:5098): apparmor="DENIED" operation="ptrace" profile="docker-default" pid=13147 comm="ps" requested_mask="tracedby" denied_mask="tracedby" peer="docker-default"
audit: type=1400 audit(1543730302.136:5099): apparmor="DENIED" operation="ptrace" profile="docker-default" pid=13147 comm="ps" requested_mask="tracedby" denied_mask="tracedby" peer="docker-default"
audit: type=1400 audit(1543730302.136:5100): apparmor="DENIED" operation="ptrace" profile="docker-default" pid=13147 comm="ps" requested_mask="tracedby" denied_mask="tracedby" peer="docker-default"
audit: type=1400 audit(1543730302.136:5101): apparmor="DENIED" operation="ptrace" profile="docker-default" pid=13147 comm="ps" requested_mask="tracedby" denied_mask="tracedby" peer="docker-default"
audit: type=1400 audit(1543730302.136:5102): apparmor="DENIED" operation="ptrace" profile="docker-default" pid=13147 comm="ps" requested_mask="tracedby" denied_mask="tracedby" peer="docker-default"
kauditd_printk_skb: 124 callbacks suppressed
audit: type=1400 audit(1543730307.028:5227): apparmor="DENIED" operation="ptrace" profile="docker-default" pid=13176 comm="ps" requested_mask="tracedby" denied_mask="tracedby" peer="docker-default"
audit: type=1400 audit(1543730307.028:5228): apparmor="DENIED" operation="ptrace" profile="docker-default" pid=13176 comm="ps" requested_mask="tracedby" denied_mask="tracedby" peer="docker-default"
audit: type=1400 audit(1543730307.028:5229): apparmor="DENIED" operation="ptrace" profile="docker-default" pid=13176 comm="ps" requested_mask="tracedby" denied_mask="tracedby" peer="docker-default"
audit: type=1400 audit(1543730307.032:5230): apparmor="DENIED" operation="ptrace" profile="docker-default" pid=13176 comm="ps" requested_mask="tracedby" denied_mask="tracedby" peer="docker-default"
audit: type=1400 audit(1543730307.032:5231): apparmor="DENIED" operation="ptrace" profile="docker-default" pid=13176 comm="ps" requested_mask="tracedby" denied_mask="tracedby" peer="docker-default"
audit: type=1400 audit(1543730307.032:5232): apparmor="DENIED" operation="ptrace" profile="docker-default" pid=13176 comm="ps" requested_mask="tracedby" denied_mask="tracedby" peer="docker-default"
audit: type=1400 audit(1543730307.032:5233): apparmor="DENIED" operation="ptrace" profile="docker-default" pid=13176 comm="ps" requested_mask="tracedby" denied_mask="tracedby" peer="docker-default"
audit: type=1400 audit(1543730307.036:5234): apparmor="DENIED" operation="ptrace" profile="docker-default" pid=13176 comm="ps" requested_mask="tracedby" denied_mask="tracedby" peer="docker-default"
audit: type=1400 audit(1543730307.036:5235): apparmor="DENIED" operation="ptrace" profile="docker-default" pid=13176 comm="ps" requested_mask="tracedby" denied_mask="tracedby" peer="docker-default"
audit: type=1400 audit(1543730307.092:5236): apparmor="DENIED" operation="ptrace" profile="docker-default" pid=13178 comm="ps" requested_mask="tracedby" denied_mask="tracedby" peer="docker-default"
kauditd_printk_skb: 109 callbacks suppressed
audit: type=1400 audit(1543730327.762:5346): apparmor="DENIED" operation="ptrace" profile="docker-default" pid=13229 comm="ps" requested_mask="tracedby" denied_mask="tracedby" peer="docker-default"
audit: type=1400 audit(1543730327.786:5347): apparmor="DENIED" operation="ptrace" profile="docker-default" pid=13229 comm="ps" requested_mask="tracedby" denied_mask="tracedby" peer="docker-default"
audit: type=1400 audit(1543730327.786:5348): apparmor="DENIED" operation="ptrace" profile="docker-default" pid=13229 comm="ps" requested_mask="tracedby" denied_mask="tracedby" peer="docker-default"
audit: type=1400 audit(1543730327.786:5349): apparmor="DENIED" operation="ptrace" profile="docker-default" pid=13229 comm="ps" requested_mask="tracedby" denied_mask="tracedby" peer="docker-default"
audit: type=1400 audit(1543730327.786:5350): apparmor="DENIED" operation="ptrace" profile="docker-default" pid=13229 comm="ps" requested_mask="tracedby" denied_mask="tracedby" peer="docker-default"
audit: type=1400 audit(1543730327.786:5351): apparmor="DENIED" operation="ptrace" profile="docker-default" pid=13229 comm="ps" requested_mask="tracedby" denied_mask="tracedby" peer="docker-default"
audit: type=1400 audit(1543730327.786:5352): apparmor="DENIED" operation="ptrace" profile="docker-default" pid=13229 comm="ps" requested_mask="tracedby" denied_mask="tracedby" peer="docker-default"
audit: type=1400 audit(1543730327.786:5353): apparmor="DENIED" operation="ptrace" profile="docker-default" pid=13229 comm="ps" requested_mask="tracedby" denied_mask="tracedby" peer="docker-default"
audit: type=1400 audit(1543730327.786:5354): apparmor="DENIED" operation="ptrace" profile="docker-default" pid=13229 comm="ps" requested_mask="tracedby" denied_mask="tracedby" peer="docker-default"
audit: type=1400 audit(1543730327.786:5355): apparmor="DENIED" operation="ptrace" profile="docker-default" pid=13229 comm="ps" requested_mask="tracedby" denied_mask="tracedby" peer="docker-default"
kauditd_printk_skb: 193 callbacks suppressed
audit: type=1400 audit(1543730332.766:5549): apparmor="DENIED" operation="ptrace" profile="docker-default" pid=13265 comm="ps" requested_mask="tracedby" denied_mask="tracedby" peer="docker-default"
audit: type=1400 audit(1543730332.766:5550): apparmor="DENIED" operation="ptrace" profile="docker-default" pid=13265 comm="ps" requested_mask="tracedby" denied_mask="tracedby" peer="docker-default"
audit: type=1400 audit(1543730332.774:5551): apparmor="DENIED" operation="ptrace" profile="docker-default" pid=13265 comm="ps" requested_mask="tracedby" denied_mask="tracedby" peer="docker-default"
audit: type=1400 audit(1543730332.786:5552): apparmor="DENIED" operation="ptrace" profile="docker-default" pid=13265 comm="ps" requested_mask="tracedby" denied_mask="tracedby" peer="docker-default"
audit: type=1400 audit(1543730332.786:5553): apparmor="DENIED" operation="ptrace" profile="docker-default" pid=13265 comm="ps" requested_mask="tracedby" denied_mask="tracedby" peer="docker-default"
audit: type=1400 audit(1543730332.786:5554): apparmor="DENIED" operation="ptrace" profile="docker-default" pid=13265 comm="ps" requested_mask="tracedby" denied_mask="tracedby" peer="docker-default"
audit: type=1400 audit(1543730332.926:5555): apparmor="DENIED" operation="ptrace" profile="docker-default" pid=13267 comm="ps" requested_mask="tracedby" denied_mask="tracedby" peer="docker-default"
audit: type=1400 audit(1543730332.994:5556): apparmor="DENIED" operation="ptrace" profile="docker-default" pid=13267 comm="ps" requested_mask="tracedby" denied_mask="tracedby" peer="docker-default"
audit: type=1400 audit(1543730332.998:5557): apparmor="DENIED" operation="ptrace" profile="docker-default" pid=13267 comm="ps" requested_mask="tracedby" denied_mask="tracedby" peer="docker-default"
audit: type=1400 audit(1543730332.998:5558): apparmor="DENIED" operation="ptrace" profile="docker-default" pid=13267 comm="ps" requested_mask="tracedby" denied_mask="tracedby" peer="docker-default"
kauditd_printk_skb: 41 callbacks suppressed
audit: type=1400 audit(1543730337.787:5600): apparmor="DENIED" operation="ptrace" profile="docker-default" pid=13284 comm="ps" requested_mask="tracedby" denied_mask="tracedby" peer="docker-default"
audit: type=1400 audit(1543730337.807:5601): apparmor="DENIED" operation="ptrace" profile="docker-default" pid=13284 comm="ps" requested_mask="tracedby" denied_mask="tracedby" peer="docker-default"
audit: type=1400 audit(1543730337.827:5602): apparmor="DENIED" operation="ptrace" profile="docker-default" pid=13284 comm="ps" requested_mask="tracedby" denied_mask="tracedby" peer="docker-default"
audit: type=1400 audit(1543730337.839:5603): apparmor="DENIED" operation="ptrace" profile="docker-default" pid=13284 comm="ps" requested_mask="tracedby" denied_mask="tracedby" peer="docker-default"
audit: type=1400 audit(1543730337.839:5604): apparmor="DENIED" operation="ptrace" profile="docker-default" pid=13284 comm="ps" requested_mask="tracedby" denied_mask="tracedby" peer="docker-default"
audit: type=1400 audit(1543730337.839:5605): apparmor="DENIED" operation="ptrace" profile="docker-default" pid=13284 comm="ps" requested_mask="tracedby" denied_mask="tracedby" peer="docker-default"
audit: type=1400 audit(1543730337.839:5606): apparmor="DENIED" operation="ptrace" profile="docker-default" pid=13284 comm="ps" requested_mask="tracedby" denied_mask="tracedby" peer="docker-default"
audit: type=1400 audit(1543730337.839:5607): apparmor="DENIED" operation="ptrace" profile="docker-default" pid=13284 comm="ps" requested_mask="tracedby" denied_mask="tracedby" peer="docker-default"
audit: type=1400 audit(1543730337.839:5608): apparmor="DENIED" operation="ptrace" profile="docker-default" pid=13284 comm="ps" requested_mask="tracedby" denied_mask="tracedby" peer="docker-default"
audit: type=1400 audit(1543730337.839:5609): apparmor="DENIED" operation="ptrace" profile="docker-default" pid=13284 comm="ps" requested_mask="tracedby" denied_mask="tracedby" peer="docker-default"
kauditd_printk_skb: 143 callbacks suppressed
audit: type=1400 audit(1543730342.875:5753): apparmor="DENIED" operation="ptrace" profile="docker-default" pid=13312 comm="ps" requested_mask="tracedby" denied_mask="tracedby" peer="docker-default"
audit: type=1400 audit(1543730342.979:5754): apparmor="DENIED" operation="ptrace" profile="docker-default" pid=13312 comm="ps" requested_mask="tracedby" denied_mask="tracedby" peer="docker-default"
audit: type=1400 audit(1543730342.991:5755): apparmor="DENIED" operation="ptrace" profile="docker-default" pid=13312 comm="ps" requested_mask="tracedby" denied_mask="tracedby" peer="docker-default"
audit: type=1400 audit(1543730342.991:5756): apparmor="DENIED" operation="ptrace" profile="docker-default" pid=13312 comm="ps" requested_mask="tracedby" denied_mask="tracedby" peer="docker-default"
audit: type=1400 audit(1543730342.991:5757): apparmor="DENIED" operation="ptrace" profile="docker-default" pid=13312 comm="ps" requested_mask="tracedby" denied_mask="tracedby" peer="docker-default"
audit: type=1400 audit(1543730343.003:5758): apparmor="DENIED" operation="ptrace" profile="docker-default" pid=13312 comm="ps" requested_mask="tracedby" denied_mask="tracedby" peer="docker-default"
audit: type=1400 audit(1543730343.003:5759): apparmor="DENIED" operation="ptrace" profile="docker-default" pid=13312 comm="ps" requested_mask="tracedby" denied_mask="tracedby" peer="docker-default"
audit: type=1400 audit(1543730343.003:5760): apparmor="DENIED" operation="ptrace" profile="docker-default" pid=13312 comm="ps" requested_mask="tracedby" denied_mask="tracedby" peer="docker-default"
audit: type=1400 audit(1543730343.003:5761): apparmor="DENIED" operation="ptrace" profile="docker-default" pid=13312 comm="ps" requested_mask="tracedby" denied_mask="tracedby" peer="docker-default"
audit: type=1400 audit(1543730343.003:5762): apparmor="DENIED" operation="ptrace" profile="docker-default" pid=13312 comm="ps" requested_mask="tracedby" denied_mask="tracedby" peer="docker-default"
kauditd_printk_skb: 89 callbacks suppressed
audit: type=1400 audit(1543730349.428:5852): apparmor="DENIED" operation="ptrace" profile="docker-default" pid=13342 comm="ps" requested_mask="tracedby" denied_mask="tracedby" peer="docker-default"
audit: type=1400 audit(1543730349.600:5853): apparmor="DENIED" operation="ptrace" profile="docker-default" pid=13342 comm="ps" requested_mask="tracedby" denied_mask="tracedby" peer="docker-default"
audit: type=1400 audit(1543730349.600:5854): apparmor="DENIED" operation="ptrace" profile="docker-default" pid=13342 comm="ps" requested_mask="tracedby" denied_mask="tracedby" peer="docker-default"
audit: type=1400 audit(1543730349.600:5855): apparmor="DENIED" operation="ptrace" profile="docker-default" pid=13342 comm="ps" requested_mask="tracedby" denied_mask="tracedby" peer="docker-default"
audit: type=1400 audit(1543730349.600:5856): apparmor="DENIED" operation="ptrace" profile="docker-default" pid=13342 comm="ps" requested_mask="tracedby" denied_mask="tracedby" peer="docker-default"
audit: type=1400 audit(1543730349.600:5857): apparmor="DENIED" operation="ptrace" profile="docker-default" pid=13342 comm="ps" requested_mask="tracedby" denied_mask="tracedby" peer="docker-default"
audit: type=1400 audit(1543730349.600:5858): apparmor="DENIED" operation="ptrace" profile="docker-default" pid=13342 comm="ps" requested_mask="tracedby" denied_mask="tracedby" peer="docker-default"
audit: type=1400 audit(1543730349.600:5859): apparmor="DENIED" operation="ptrace" profile="docker-default" pid=13342 comm="ps" requested_mask="tracedby" denied_mask="tracedby" peer="docker-default"
audit: type=1400 audit(1543730349.612:5860): apparmor="DENIED" operation="ptrace" profile="docker-default" pid=13342 comm="ps" requested_mask="tracedby" denied_mask="tracedby" peer="docker-default"
audit: type=1400 audit(1543730349.620:5861): apparmor="DENIED" operation="ptrace" profile="docker-default" pid=13342 comm="ps" requested_mask="tracedby" denied_mask="tracedby" peer="docker-default"
kauditd_printk_skb: 150 callbacks suppressed
audit: type=1400 audit(1543730354.436:6012): apparmor="DENIED" operation="ptrace" profile="docker-default" pid=13370 comm="ps" requested_mask="tracedby" denied_mask="tracedby" peer="docker-default"
audit: type=1400 audit(1543730354.436:6013): apparmor="DENIED" operation="ptrace" profile="docker-default" pid=13370 comm="ps" requested_mask="tracedby" denied_mask="tracedby" peer="docker-default"
audit: type=1400 audit(1543730354.444:6014): apparmor="DENIED" operation="ptrace" profile="docker-default" pid=13370 comm="ps" requested_mask="tracedby" denied_mask="tracedby" peer="docker-default"
audit: type=1400 audit(1543730354.460:6015): apparmor="DENIED" operation="ptrace" profile="docker-default" pid=13370 comm="ps" requested_mask="tracedby" denied_mask="tracedby" peer="docker-default"
audit: type=1400 audit(1543730354.468:6016): apparmor="DENIED" operation="ptrace" profile="docker-default" pid=13370 comm="ps" requested_mask="tracedby" denied_mask="tracedby" peer="docker-default"
audit: type=1400 audit(1543730354.524:6017): apparmor="DENIED" operation="ptrace" profile="docker-default" pid=13372 comm="ps" requested_mask="tracedby" denied_mask="tracedby" peer="docker-default"
audit: type=1400 audit(1543730354.568:6018): apparmor="DENIED" operation="ptrace" profile="docker-default" pid=13372 comm="ps" requested_mask="tracedby" denied_mask="tracedby" peer="docker-default"
audit: type=1400 audit(1543730354.568:6019): apparmor="DENIED" operation="ptrace" profile="docker-default" pid=13372 comm="ps" requested_mask="tracedby" denied_mask="tracedby" peer="docker-default"
audit: type=1400 audit(1543730354.568:6020): apparmor="DENIED" operation="ptrace" profile="docker-default" pid=13372 comm="ps" requested_mask="tracedby" denied_mask="tracedby" peer="docker-default"
audit: type=1400 audit(1543730354.568:6021): apparmor="DENIED" operation="ptrace" profile="docker-default" pid=13372 comm="ps" requested_mask="tracedby" denied_mask="tracedby" peer="docker-default"
kauditd_printk_skb: 83 callbacks suppressed
audit: type=1400 audit(1543730359.884:6105): apparmor="DENIED" operation="ptrace" profile="docker-default" pid=13429 comm="ps" requested_mask="tracedby" denied_mask="tracedby" peer="docker-default"
audit: type=1400 audit(1543730359.884:6106): apparmor="DENIED" operation="ptrace" profile="docker-default" pid=13429 comm="ps" requested_mask="tracedby" denied_mask="tracedby" peer="docker-default"
audit: type=1400 audit(1543730359.884:6107): apparmor="DENIED" operation="ptrace" profile="docker-default" pid=13429 comm="ps" requested_mask="tracedby" denied_mask="tracedby" peer="docker-default"
audit: type=1400 audit(1543730359.884:6108): apparmor="DENIED" operation="ptrace" profile="docker-default" pid=13429 comm="ps" requested_mask="tracedby" denied_mask="tracedby" peer="docker-default"
audit: type=1400 audit(1543730359.884:6109): apparmor="DENIED" operation="ptrace" profile="docker-default" pid=13429 comm="ps" requested_mask="tracedby" denied_mask="tracedby" peer="docker-default"
audit: type=1400 audit(1543730359.884:6110): apparmor="DENIED" operation="ptrace" profile="docker-default" pid=13429 comm="ps" requested_mask="tracedby" denied_mask="tracedby" peer="docker-default"
audit: type=1400 audit(1543730359.884:6111): apparmor="DENIED" operation="ptrace" profile="docker-default" pid=13429 comm="ps" requested_mask="tracedby" denied_mask="tracedby" peer="docker-default"
audit: type=1400 audit(1543730359.884:6112): apparmor="DENIED" operation="ptrace" profile="docker-default" pid=13429 comm="ps" requested_mask="tracedby" denied_mask="tracedby" peer="docker-default"
audit: type=1400 audit(1543730359.884:6113): apparmor="DENIED" operation="ptrace" profile="docker-default" pid=13429 comm="ps" requested_mask="tracedby" denied_mask="tracedby" peer="docker-default"
audit: type=1400 audit(1543730359.884:6114): apparmor="DENIED" operation="ptrace" profile="docker-default" pid=13429 comm="ps" requested_mask="tracedby" denied_mask="tracedby" peer="docker-default"
kauditd_printk_skb: 199 callbacks suppressed
audit: type=1400 audit(1543730364.989:6314): apparmor="DENIED" operation="ptrace" profile="docker-default" pid=13494 comm="ps" requested_mask="tracedby" denied_mask="tracedby" peer="docker-default"
audit: type=1400 audit(1543730364.989:6315): apparmor="DENIED" operation="ptrace" profile="docker-default" pid=13494 comm="ps" requested_mask="tracedby" denied_mask="tracedby" peer="docker-default"
audit: type=1400 audit(1543730364.989:6316): apparmor="DENIED" operation="ptrace" profile="docker-default" pid=13494 comm="ps" requested_mask="tracedby" denied_mask="tracedby" peer="docker-default"
audit: type=1400 audit(1543730364.989:6317): apparmor="DENIED" operation="ptrace" profile="docker-default" pid=13494 comm="ps" requested_mask="tracedby" denied_mask="tracedby" peer="docker-default"
audit: type=1400 audit(1543730364.989:6318): apparmor="DENIED" operation="ptrace" profile="docker-default" pid=13494 comm="ps" requested_mask="tracedby" denied_mask="tracedby" peer="docker-default"
audit: type=1400 audit(1543730364.989:6319): apparmor="DENIED" operation="ptrace" profile="docker-default" pid=13494 comm="ps" requested_mask="tracedby" denied_mask="tracedby" peer="docker-default"
audit: type=1400 audit(1543730364.989:6320): apparmor="DENIED" operation="ptrace" profile="docker-default" pid=13494 comm="ps" requested_mask="tracedby" denied_mask="tracedby" peer="docker-default"
audit: type=1400 audit(1543730365.049:6321): apparmor="DENIED" operation="ptrace" profile="docker-default" pid=13494 comm="ps" requested_mask="tracedby" denied_mask="tracedby" peer="docker-default"
audit: type=1400 audit(1543730365.049:6322): apparmor="DENIED" operation="ptrace" profile="docker-default" pid=13494 comm="ps" requested_mask="tracedby" denied_mask="tracedby" peer="docker-default"
audit: type=1400 audit(1543730365.049:6323): apparmor="DENIED" operation="ptrace" profile="docker-default" pid=13494 comm="ps" requested_mask="tracedby" denied_mask="tracedby" peer="docker-default"
kauditd_printk_skb: 34 callbacks suppressed
audit: type=1400 audit(1543730371.833:6358): apparmor="DENIED" operation="ptrace" profile="docker-default" pid=13513 comm="ps" requested_mask="tracedby" denied_mask="tracedby" peer="docker-default"
audit: type=1400 audit(1543730371.945:6359): apparmor="DENIED" operation="ptrace" profile="docker-default" pid=13513 comm="ps" requested_mask="tracedby" denied_mask="tracedby" peer="docker-default"
audit: type=1400 audit(1543730371.945:6360): apparmor="DENIED" operation="ptrace" profile="docker-default" pid=13513 comm="ps" requested_mask="tracedby" denied_mask="tracedby" peer="docker-default"
audit: type=1400 audit(1543730371.945:6361): apparmor="DENIED" operation="ptrace" profile="docker-default" pid=13513 comm="ps" requested_mask="tracedby" denied_mask="tracedby" peer="docker-default"
audit: type=1400 audit(1543730371.945:6362): apparmor="DENIED" operation="ptrace" profile="docker-default" pid=13513 comm="ps" requested_mask="tracedby" denied_mask="tracedby" peer="docker-default"
audit: type=1400 audit(1543730371.945:6363): apparmor="DENIED" operation="ptrace" profile="docker-default" pid=13513 comm="ps" requested_mask="tracedby" denied_mask="tracedby" peer="docker-default"
audit: type=1400 audit(1543730371.945:6364): apparmor="DENIED" operation="ptrace" profile="docker-default" pid=13513 comm="ps" requested_mask="tracedby" denied_mask="tracedby" peer="docker-default"
audit: type=1400 audit(1543730371.945:6365): apparmor="DENIED" operation="ptrace" profile="docker-default" pid=13513 comm="ps" requested_mask="tracedby" denied_mask="tracedby" peer="docker-default"
audit: type=1400 audit(1543730371.945:6366): apparmor="DENIED" operation="ptrace" profile="docker-default" pid=13513 comm="ps" requested_mask="tracedby" denied_mask="tracedby" peer="docker-default"
audit: type=1400 audit(1543730371.953:6367): apparmor="DENIED" operation="ptrace" profile="docker-default" pid=13513 comm="ps" requested_mask="tracedby" denied_mask="tracedby" peer="docker-default"
veth702d701: renamed from eth0
docker0: port 1(vethfd74db8) entered disabled state
docker0: port 1(vethfd74db8) entered disabled state
device vethfd74db8 left promiscuous mode
docker0: port 1(vethfd74db8) entered disabled state
veth09ec0c0: renamed from eth0
docker0: port 2(veth5b7ac45) entered disabled state
docker0: port 2(veth5b7ac45) entered disabled state
device veth5b7ac45 left promiscuous mode
docker0: port 2(veth5b7ac45) entered disabled state
veth6161599: renamed from eth0
docker0: port 3(veth04349a6) entered disabled state
docker0: port 3(veth04349a6) entered disabled state
device veth04349a6 left promiscuous mode
docker0: port 3(veth04349a6) entered disabled state
docker0: port 4(veth5ada81e) entered disabled state
vethedfdfa6: renamed from eth0
docker0: port 4(veth5ada81e) entered disabled state
device veth5ada81e left promiscuous mode
docker0: port 4(veth5ada81e) entered disabled state
docker0: port 1(veth6baa30c) entered blocking state
docker0: port 1(veth6baa30c) entered disabled state
device veth6baa30c entered promiscuous mode
IPv6: ADDRCONF(NETDEV_UP): veth6baa30c: link is not ready
docker0: port 1(veth6baa30c) entered blocking state
docker0: port 1(veth6baa30c) entered forwarding state
docker0: port 1(veth6baa30c) entered disabled state
eth0: renamed from veth654d429
IPv6: ADDRCONF(NETDEV_CHANGE): veth6baa30c: link becomes ready
docker0: port 1(veth6baa30c) entered blocking state
docker0: port 1(veth6baa30c) entered forwarding state
docker0: port 2(vethdf8bcb2) entered blocking state
docker0: port 2(vethdf8bcb2) entered disabled state
device vethdf8bcb2 entered promiscuous mode
IPv6: ADDRCONF(NETDEV_UP): vethdf8bcb2: link is not ready
docker0: port 2(vethdf8bcb2) entered blocking state
docker0: port 2(vethdf8bcb2) entered forwarding state
docker0: port 2(vethdf8bcb2) entered disabled state
eth0: renamed from vethee4a116
IPv6: ADDRCONF(NETDEV_CHANGE): vethdf8bcb2: link becomes ready
docker0: port 2(vethdf8bcb2) entered blocking state
docker0: port 2(vethdf8bcb2) entered forwarding state
docker0: port 3(vethc324f50) entered blocking state
docker0: port 3(vethc324f50) entered disabled state
device vethc324f50 entered promiscuous mode
IPv6: ADDRCONF(NETDEV_UP): vethc324f50: link is not ready
docker0: port 3(vethc324f50) entered blocking state
docker0: port 3(vethc324f50) entered forwarding state
docker0: port 3(vethc324f50) entered disabled state
eth0: renamed from veth5b5fcb0
IPv6: ADDRCONF(NETDEV_CHANGE): vethc324f50: link becomes ready
docker0: port 3(vethc324f50) entered blocking state
docker0: port 3(vethc324f50) entered forwarding state
docker0: port 4(veth0e1d3f1) entered blocking state
docker0: port 4(veth0e1d3f1) entered disabled state
device veth0e1d3f1 entered promiscuous mode
IPv6: ADDRCONF(NETDEV_UP): veth0e1d3f1: link is not ready
docker0: port 4(veth0e1d3f1) entered blocking state
docker0: port 4(veth0e1d3f1) entered forwarding state
docker0: port 4(veth0e1d3f1) entered disabled state
eth0: renamed from vethd1f8f5c
IPv6: ADDRCONF(NETDEV_CHANGE): veth0e1d3f1: link becomes ready
docker0: port 4(veth0e1d3f1) entered blocking state
docker0: port 4(veth0e1d3f1) entered forwarding state
kauditd_printk_skb: 243 callbacks suppressed
audit: type=1400 audit(1543730712.878:6611): apparmor="DENIED" operation="ptrace" profile="docker-default" pid=16006 comm="ps" requested_mask="tracedby" denied_mask="tracedby" peer="docker-default"
audit: type=1400 audit(1543730712.878:6612): apparmor="DENIED" operation="ptrace" profile="docker-default" pid=16006 comm="ps" requested_mask="tracedby" denied_mask="tracedby" peer="docker-default"
audit: type=1400 audit(1543730712.878:6613): apparmor="DENIED" operation="ptrace" profile="docker-default" pid=16006 comm="ps" requested_mask="tracedby" denied_mask="tracedby" peer="docker-default"
audit: type=1400 audit(1543730712.878:6614): apparmor="DENIED" operation="ptrace" profile="docker-default" pid=16006 comm="ps" requested_mask="tracedby" denied_mask="tracedby" peer="docker-default"
audit: type=1400 audit(1543730712.878:6615): apparmor="DENIED" operation="ptrace" profile="docker-default" pid=16006 comm="ps" requested_mask="tracedby" denied_mask="tracedby" peer="docker-default"
audit: type=1400 audit(1543730712.882:6616): apparmor="DENIED" operation="ptrace" profile="docker-default" pid=16013 comm="ps" requested_mask="tracedby" denied_mask="tracedby" peer="docker-default"
audit: type=1400 audit(1543730712.882:6617): apparmor="DENIED" operation="ptrace" profile="docker-default" pid=16013 comm="ps" requested_mask="tracedby" denied_mask="tracedby" peer="docker-default"
audit: type=1400 audit(1543730712.882:6618): apparmor="DENIED" operation="ptrace" profile="docker-default" pid=16013 comm="ps" requested_mask="tracedby" denied_mask="tracedby" peer="docker-default"
audit: type=1400 audit(1543730712.882:6619): apparmor="DENIED" operation="ptrace" profile="docker-default" pid=16013 comm="ps" requested_mask="tracedby" denied_mask="tracedby" peer="docker-default"
audit: type=1400 audit(1543730712.882:6620): apparmor="DENIED" operation="ptrace" profile="docker-default" pid=16013 comm="ps" requested_mask="tracedby" denied_mask="tracedby" peer="docker-default"
kauditd_printk_skb: 2837 callbacks suppressed
audit: type=1400 audit(1543731824.368:9458): apparmor="DENIED" operation="ptrace" profile="docker-default" pid=19416 comm="ps" requested_mask="tracedby" denied_mask="tracedby" peer="docker-default"
audit: type=1400 audit(1543731824.368:9459): apparmor="DENIED" operation="ptrace" profile="docker-default" pid=19416 comm="ps" requested_mask="tracedby" denied_mask="tracedby" peer="docker-default"
audit: type=1400 audit(1543731824.368:9460): apparmor="DENIED" operation="ptrace" profile="docker-default" pid=19416 comm="ps" requested_mask="tracedby" denied_mask="tracedby" peer="docker-default"
audit: type=1400 audit(1543731824.368:9461): apparmor="DENIED" operation="ptrace" profile="docker-default" pid=19416 comm="ps" requested_mask="tracedby" denied_mask="tracedby" peer="docker-default"
audit: type=1400 audit(1543731824.368:9462): apparmor="DENIED" operation="ptrace" profile="docker-default" pid=19416 comm="ps" requested_mask="tracedby" denied_mask="tracedby" peer="docker-default"
audit: type=1400 audit(1543731824.384:9463): apparmor="DENIED" operation="ptrace" profile="docker-default" pid=19418 comm="ps" requested_mask="tracedby" denied_mask="tracedby" peer="docker-default"
audit: type=1400 audit(1543731824.384:9464): apparmor="DENIED" operation="ptrace" profile="docker-default" pid=19418 comm="ps" requested_mask="tracedby" denied_mask="tracedby" peer="docker-default"
audit: type=1400 audit(1543731824.384:9465): apparmor="DENIED" operation="ptrace" profile="docker-default" pid=19418 comm="ps" requested_mask="tracedby" denied_mask="tracedby" peer="docker-default"
audit: type=1400 audit(1543731824.384:9466): apparmor="DENIED" operation="ptrace" profile="docker-default" pid=19418 comm="ps" requested_mask="tracedby" denied_mask="tracedby" peer="docker-default"
audit: type=1400 audit(1543731824.384:9467): apparmor="DENIED" operation="ptrace" profile="docker-default" pid=19418 comm="ps" requested_mask="tracedby" denied_mask="tracedby" peer="docker-default"
kauditd_printk_skb: 1185 callbacks suppressed
audit: type=1400 audit(1543731829.381:10653): apparmor="DENIED" operation="ptrace" profile="docker-default" pid=20175 comm="ps" requested_mask="tracedby" denied_mask="tracedby" peer="docker-default"
audit: type=1400 audit(1543731829.381:10654): apparmor="DENIED" operation="ptrace" profile="docker-default" pid=20175 comm="ps" requested_mask="tracedby" denied_mask="tracedby" peer="docker-default"
audit: type=1400 audit(1543731829.381:10655): apparmor="DENIED" operation="ptrace" profile="docker-default" pid=20175 comm="ps" requested_mask="tracedby" denied_mask="tracedby" peer="docker-default"
audit: type=1400 audit(1543731829.381:10656): apparmor="DENIED" operation="ptrace" profile="docker-default" pid=20175 comm="ps" requested_mask="tracedby" denied_mask="tracedby" peer="docker-default"
audit: type=1400 audit(1543731829.381:10657): apparmor="DENIED" operation="ptrace" profile="docker-default" pid=20175 comm="ps" requested_mask="tracedby" denied_mask="tracedby" peer="docker-default"
audit: type=1400 audit(1543731829.405:10658): apparmor="DENIED" operation="ptrace" profile="docker-default" pid=20177 comm="ps" requested_mask="tracedby" denied_mask="tracedby" peer="docker-default"
audit: type=1400 audit(1543731829.405:10659): apparmor="DENIED" operation="ptrace" profile="docker-default" pid=20177 comm="ps" requested_mask="tracedby" denied_mask="tracedby" peer="docker-default"
audit: type=1400 audit(1543731829.405:10660): apparmor="DENIED" operation="ptrace" profile="docker-default" pid=20177 comm="ps" requested_mask="tracedby" denied_mask="tracedby" peer="docker-default"
audit: type=1400 audit(1543731829.405:10661): apparmor="DENIED" operation="ptrace" profile="docker-default" pid=20177 comm="ps" requested_mask="tracedby" denied_mask="tracedby" peer="docker-default"
audit: type=1400 audit(1543731829.405:10662): apparmor="DENIED" operation="ptrace" profile="docker-default" pid=20177 comm="ps" requested_mask="tracedby" denied_mask="tracedby" peer="docker-default"
kauditd_printk_skb: 175 callbacks suppressed
audit: type=1400 audit(1543732816.928:10838): apparmor="DENIED" operation="ptrace" profile="docker-default" pid=21540 comm="ps" requested_mask="tracedby" denied_mask="tracedby" peer="docker-default"
audit: type=1400 audit(1543732816.928:10839): apparmor="DENIED" operation="ptrace" profile="docker-default" pid=21540 comm="ps" requested_mask="tracedby" denied_mask="tracedby" peer="docker-default"
audit: type=1400 audit(1543732816.928:10840): apparmor="DENIED" operation="ptrace" profile="docker-default" pid=21540 comm="ps" requested_mask="tracedby" denied_mask="tracedby" peer="docker-default"
audit: type=1400 audit(1543732816.928:10841): apparmor="DENIED" operation="ptrace" profile="docker-default" pid=21540 comm="ps" requested_mask="tracedby" denied_mask="tracedby" peer="docker-default"
audit: type=1400 audit(1543732816.928:10842): apparmor="DENIED" operation="ptrace" profile="docker-default" pid=21540 comm="ps" requested_mask="tracedby" denied_mask="tracedby" peer="docker-default"
audit: type=1400 audit(1543732816.940:10843): apparmor="DENIED" operation="ptrace" profile="docker-default" pid=21542 comm="ps" requested_mask="tracedby" denied_mask="tracedby" peer="docker-default"
audit: type=1400 audit(1543732816.940:10844): apparmor="DENIED" operation="ptrace" profile="docker-default" pid=21542 comm="ps" requested_mask="tracedby" denied_mask="tracedby" peer="docker-default"
audit: type=1400 audit(1543732816.940:10845): apparmor="DENIED" operation="ptrace" profile="docker-default" pid=21542 comm="ps" requested_mask="tracedby" denied_mask="tracedby" peer="docker-default"
audit: type=1400 audit(1543732816.940:10846): apparmor="DENIED" operation="ptrace" profile="docker-default" pid=21542 comm="ps" requested_mask="tracedby" denied_mask="tracedby" peer="docker-default"
audit: type=1400 audit(1543732816.940:10847): apparmor="DENIED" operation="ptrace" profile="docker-default" pid=21542 comm="ps" requested_mask="tracedby" denied_mask="tracedby" peer="docker-default"
kauditd_printk_skb: 505 callbacks suppressed
audit: type=1400 audit(1543732821.936:11353): apparmor="DENIED" operation="ptrace" profile="docker-default" pid=21791 comm="ps" requested_mask="tracedby" denied_mask="tracedby" peer="docker-default"
audit: type=1400 audit(1543732821.936:11354): apparmor="DENIED" operation="ptrace" profile="docker-default" pid=21791 comm="ps" requested_mask="tracedby" denied_mask="tracedby" peer="docker-default"
audit: type=1400 audit(1543732821.936:11355): apparmor="DENIED" operation="ptrace" profile="docker-default" pid=21791 comm="ps" requested_mask="tracedby" denied_mask="tracedby" peer="docker-default"
audit: type=1400 audit(1543732821.936:11356): apparmor="DENIED" operation="ptrace" profile="docker-default" pid=21791 comm="ps" requested_mask="tracedby" denied_mask="tracedby" peer="docker-default"
audit: type=1400 audit(1543732821.936:11357): apparmor="DENIED" operation="ptrace" profile="docker-default" pid=21791 comm="ps" requested_mask="tracedby" denied_mask="tracedby" peer="docker-default"
audit: type=1400 audit(1543732821.952:11358): apparmor="DENIED" operation="ptrace" profile="docker-default" pid=21793 comm="ps" requested_mask="tracedby" denied_mask="tracedby" peer="docker-default"
audit: type=1400 audit(1543732821.952:11359): apparmor="DENIED" operation="ptrace" profile="docker-default" pid=21793 comm="ps" requested_mask="tracedby" denied_mask="tracedby" peer="docker-default"
audit: type=1400 audit(1543732821.952:11360): apparmor="DENIED" operation="ptrace" profile="docker-default" pid=21793 comm="ps" requested_mask="tracedby" denied_mask="tracedby" peer="docker-default"
audit: type=1400 audit(1543732821.952:11361): apparmor="DENIED" operation="ptrace" profile="docker-default" pid=21793 comm="ps" requested_mask="tracedby" denied_mask="tracedby" peer="docker-default"
audit: type=1400 audit(1543732821.952:11362): apparmor="DENIED" operation="ptrace" profile="docker-default" pid=21793 comm="ps" requested_mask="tracedby" denied_mask="tracedby" peer="docker-default"
kauditd_printk_skb: 600 callbacks suppressed
audit: type=1400 audit(1543732826.949:11963): apparmor="DENIED" operation="ptrace" profile="docker-default" pid=22257 comm="ps" requested_mask="tracedby" denied_mask="tracedby" peer="docker-default"
audit: type=1400 audit(1543732826.949:11964): apparmor="DENIED" operation="ptrace" profile="docker-default" pid=22257 comm="ps" requested_mask="tracedby" denied_mask="tracedby" peer="docker-default"
audit: type=1400 audit(1543732826.949:11965): apparmor="DENIED" operation="ptrace" profile="docker-default" pid=22257 comm="ps" requested_mask="tracedby" denied_mask="tracedby" peer="docker-default"
audit: type=1400 audit(1543732826.949:11966): apparmor="DENIED" operation="ptrace" profile="docker-default" pid=22257 comm="ps" requested_mask="tracedby" denied_mask="tracedby" peer="docker-default"
audit: type=1400 audit(1543732826.949:11967): apparmor="DENIED" operation="ptrace" profile="docker-default" pid=22257 comm="ps" requested_mask="tracedby" denied_mask="tracedby" peer="docker-default"
audit: type=1400 audit(1543732826.961:11968): apparmor="DENIED" operation="ptrace" profile="docker-default" pid=22259 comm="ps" requested_mask="tracedby" denied_mask="tracedby" peer="docker-default"
audit: type=1400 audit(1543732826.961:11969): apparmor="DENIED" operation="ptrace" profile="docker-default" pid=22259 comm="ps" requested_mask="tracedby" denied_mask="tracedby" peer="docker-default"
audit: type=1400 audit(1543732826.961:11970): apparmor="DENIED" operation="ptrace" profile="docker-default" pid=22259 comm="ps" requested_mask="tracedby" denied_mask="tracedby" peer="docker-default"
audit: type=1400 audit(1543732826.961:11971): apparmor="DENIED" operation="ptrace" profile="docker-default" pid=22259 comm="ps" requested_mask="tracedby" denied_mask="tracedby" peer="docker-default"
audit: type=1400 audit(1543732826.961:11972): apparmor="DENIED" operation="ptrace" profile="docker-default" pid=22259 comm="ps" requested_mask="tracedby" denied_mask="tracedby" peer="docker-default"
kauditd_printk_skb: 245 callbacks suppressed
audit: type=1400 audit(1543734669.237:12218): apparmor="DENIED" operation="ptrace" profile="docker-default" pid=23320 comm="ps" requested_mask="tracedby" denied_mask="tracedby" peer="docker-default"
audit: type=1400 audit(1543734669.237:12219): apparmor="DENIED" operation="ptrace" profile="docker-default" pid=23320 comm="ps" requested_mask="tracedby" denied_mask="tracedby" peer="docker-default"
audit: type=1400 audit(1543734669.237:12220): apparmor="DENIED" operation="ptrace" profile="docker-default" pid=23320 comm="ps" requested_mask="tracedby" denied_mask="tracedby" peer="docker-default"
audit: type=1400 audit(1543734669.237:12221): apparmor="DENIED" operation="ptrace" profile="docker-default" pid=23320 comm="ps" requested_mask="tracedby" denied_mask="tracedby" peer="docker-default"
audit: type=1400 audit(1543734669.237:12222): apparmor="DENIED" operation="ptrace" profile="docker-default" pid=23320 comm="ps" requested_mask="tracedby" denied_mask="tracedby" peer="docker-default"
audit: type=1400 audit(1543734669.249:12223): apparmor="DENIED" operation="ptrace" profile="docker-default" pid=23322 comm="ps" requested_mask="tracedby" denied_mask="tracedby" peer="docker-default"
audit: type=1400 audit(1543734669.249:12224): apparmor="DENIED" operation="ptrace" profile="docker-default" pid=23322 comm="ps" requested_mask="tracedby" denied_mask="tracedby" peer="docker-default"
audit: type=1400 audit(1543734669.249:12225): apparmor="DENIED" operation="ptrace" profile="docker-default" pid=23322 comm="ps" requested_mask="tracedby" denied_mask="tracedby" peer="docker-default"
audit: type=1400 audit(1543734669.249:12226): apparmor="DENIED" operation="ptrace" profile="docker-default" pid=23322 comm="ps" requested_mask="tracedby" denied_mask="tracedby" peer="docker-default"
audit: type=1400 audit(1543734669.249:12227): apparmor="DENIED" operation="ptrace" profile="docker-default" pid=23322 comm="ps" requested_mask="tracedby" denied_mask="tracedby" peer="docker-default"
kauditd_printk_skb: 1135 callbacks suppressed
audit: type=1400 audit(1543734674.241:13363): apparmor="DENIED" operation="ptrace" profile="docker-default" pid=23910 comm="ps" requested_mask="tracedby" denied_mask="tracedby" peer="docker-default"
audit: type=1400 audit(1543734674.241:13364): apparmor="DENIED" operation="ptrace" profile="docker-default" pid=23910 comm="ps" requested_mask="tracedby" denied_mask="tracedby" peer="docker-default"
audit: type=1400 audit(1543734674.241:13365): apparmor="DENIED" operation="ptrace" profile="docker-default" pid=23910 comm="ps" requested_mask="tracedby" denied_mask="tracedby" peer="docker-default"
