MemTotal:       30875568 kB
MemFree:        28358292 kB
MemAvailable:   30022836 kB
Buffers:          439368 kB
Cached:          1199868 kB
SwapCached:            0 kB
Active:          1491956 kB
Inactive:         281776 kB
Active(anon):     135304 kB
Inactive(anon):       76 kB
Active(file):    1356652 kB
Inactive(file):   281700 kB
Unevictable:           0 kB
Mlocked:               0 kB
SwapTotal:             0 kB
SwapFree:              0 kB
Dirty:               236 kB
Writeback:             0 kB
AnonPages:        134052 kB
Mapped:            67480 kB
Shmem:               880 kB
Slab:             550396 kB
SReclaimable:     476700 kB
SUnreclaim:        73696 kB
KernelStack:        3088 kB
PageTables:         5240 kB
NFS_Unstable:          0 kB
Bounce:                0 kB
WritebackTmp:          0 kB
CommitLimit:    15437784 kB
Committed_AS:     458156 kB
VmallocTotal:   34359738367 kB
VmallocUsed:           0 kB
VmallocChunk:          0 kB
HardwareCorrupted:     0 kB
AnonHugePages:      6144 kB
ShmemHugePages:        0 kB
ShmemPmdMapped:        0 kB
CmaTotal:              0 kB
CmaFree:               0 kB
HugePages_Total:       0
HugePages_Free:        0
HugePages_Rsvd:        0
HugePages_Surp:        0
Hugepagesize:       2048 kB
DirectMap4k:      153588 kB
DirectMap2M:     6137856 kB
DirectMap1G:    27262976 kB
