MemTotal:       30875568 kB
MemFree:        28373924 kB
MemAvailable:   30023572 kB
Buffers:          438948 kB
Cached:          1185732 kB
SwapCached:            0 kB
Active:          1478584 kB
Inactive:         280380 kB
Active(anon):     135104 kB
Inactive(anon):       72 kB
Active(file):    1343480 kB
Inactive(file):   280308 kB
Unevictable:           0 kB
Mlocked:               0 kB
SwapTotal:             0 kB
SwapFree:              0 kB
Dirty:                 8 kB
Writeback:             0 kB
AnonPages:        134316 kB
Mapped:            67192 kB
Shmem:               880 kB
Slab:             549444 kB
SReclaimable:     476368 kB
SUnreclaim:        73076 kB
KernelStack:        2992 kB
PageTables:         5248 kB
NFS_Unstable:          0 kB
Bounce:                0 kB
WritebackTmp:          0 kB
CommitLimit:    15437784 kB
Committed_AS:     458884 kB
VmallocTotal:   34359738367 kB
VmallocUsed:           0 kB
VmallocChunk:          0 kB
HardwareCorrupted:     0 kB
AnonHugePages:      6144 kB
ShmemHugePages:        0 kB
ShmemPmdMapped:        0 kB
CmaTotal:              0 kB
CmaFree:               0 kB
HugePages_Total:       0
HugePages_Free:        0
HugePages_Rsvd:        0
HugePages_Surp:        0
Hugepagesize:       2048 kB
DirectMap4k:      153588 kB
DirectMap2M:     6137856 kB
DirectMap1G:    27262976 kB
