MemTotal:       30875568 kB
MemFree:        15398500 kB
MemAvailable:   29753212 kB
Buffers:          213284 kB
Cached:         14051096 kB
SwapCached:            0 kB
Active:          1613384 kB
Inactive:       12962448 kB
Active(anon):     320716 kB
Inactive(anon):    19732 kB
Active(file):    1292668 kB
Inactive(file): 12942716 kB
Unevictable:           0 kB
Mlocked:               0 kB
SwapTotal:             0 kB
SwapFree:              0 kB
Dirty:              4116 kB
Writeback:             0 kB
AnonPages:        311644 kB
Mapped:           238224 kB
Shmem:             28848 kB
Slab:             722852 kB
SReclaimable:     569848 kB
SUnreclaim:       153004 kB
KernelStack:        6272 kB
PageTables:        10444 kB
NFS_Unstable:          0 kB
Bounce:                0 kB
WritebackTmp:          0 kB
CommitLimit:    15437784 kB
Committed_AS:    2237904 kB
VmallocTotal:   34359738367 kB
VmallocUsed:           0 kB
VmallocChunk:          0 kB
HardwareCorrupted:     0 kB
AnonHugePages:     57344 kB
ShmemHugePages:        0 kB
ShmemPmdMapped:        0 kB
CmaTotal:              0 kB
CmaFree:               0 kB
HugePages_Total:       0
HugePages_Free:        0
HugePages_Rsvd:        0
HugePages_Surp:        0
Hugepagesize:       2048 kB
DirectMap4k:      356340 kB
DirectMap2M:     6983680 kB
DirectMap1G:    26214400 kB
