MemTotal:       30875568 kB
MemFree:        15550004 kB
MemAvailable:   29821524 kB
Buffers:          204772 kB
Cached:         13999048 kB
SwapCached:            0 kB
Active:          1486316 kB
Inactive:       12963376 kB
Active(anon):     254836 kB
Inactive(anon):    19828 kB
Active(file):    1231480 kB
Inactive(file): 12943548 kB
Unevictable:           0 kB
Mlocked:               0 kB
SwapTotal:             0 kB
SwapFree:              0 kB
Dirty:                24 kB
Writeback:             0 kB
AnonPages:        245800 kB
Mapped:           305616 kB
Shmem:             28644 kB
Slab:             695868 kB
SReclaimable:     547012 kB
SUnreclaim:       148856 kB
KernelStack:        5728 kB
PageTables:         9288 kB
NFS_Unstable:          0 kB
Bounce:                0 kB
WritebackTmp:          0 kB
CommitLimit:    15437784 kB
Committed_AS:    1971796 kB
VmallocTotal:   34359738367 kB
VmallocUsed:           0 kB
VmallocChunk:          0 kB
HardwareCorrupted:     0 kB
AnonHugePages:     16384 kB
ShmemHugePages:        0 kB
ShmemPmdMapped:        0 kB
CmaTotal:              0 kB
CmaFree:               0 kB
HugePages_Total:       0
HugePages_Free:        0
HugePages_Rsvd:        0
HugePages_Surp:        0
Hugepagesize:       2048 kB
DirectMap4k:      348148 kB
DirectMap2M:     6991872 kB
DirectMap1G:    26214400 kB
