MemTotal:       28754832 kB
MemFree:        27143552 kB
MemAvailable:   28217428 kB
Buffers:          298636 kB
Cached:           884140 kB
SwapCached:            0 kB
Active:          1074196 kB
Inactive:         144728 kB
Active(anon):      38948 kB
Inactive(anon):     8368 kB
Active(file):    1035248 kB
Inactive(file):   136360 kB
Unevictable:        3652 kB
Mlocked:            3652 kB
SwapTotal:             0 kB
SwapFree:              0 kB
Dirty:                 0 kB
Writeback:             0 kB
AnonPages:         39904 kB
Mapped:            47216 kB
Shmem:              8732 kB
Slab:             309216 kB
SReclaimable:     288784 kB
SUnreclaim:        20432 kB
KernelStack:        2768 kB
PageTables:         2896 kB
NFS_Unstable:          0 kB
Bounce:                0 kB
WritebackTmp:          0 kB
CommitLimit:    14377416 kB
Committed_AS:     307308 kB
VmallocTotal:   34359738367 kB
VmallocUsed:           0 kB
VmallocChunk:          0 kB
HardwareCorrupted:     0 kB
AnonHugePages:      6144 kB
CmaTotal:              0 kB
CmaFree:               0 kB
HugePages_Total:       0
HugePages_Free:        0
HugePages_Rsvd:        0
HugePages_Surp:        0
Hugepagesize:       2048 kB
DirectMap4k:       68592 kB
DirectMap2M:    29229056 kB
