MemTotal:       30875568 kB
MemFree:        15708728 kB
MemAvailable:   29907828 kB
Buffers:          197664 kB
Cached:         13943584 kB
SwapCached:            0 kB
Active:          1398528 kB
Inactive:       12934876 kB
Active(anon):     198772 kB
Inactive(anon):     5416 kB
Active(file):    1199756 kB
Inactive(file): 12929460 kB
Unevictable:           0 kB
Mlocked:               0 kB
SwapTotal:             0 kB
SwapFree:              0 kB
Dirty:               248 kB
Writeback:             0 kB
AnonPages:        192188 kB
Mapped:           282352 kB
Shmem:             11888 kB
Slab:             653904 kB
SReclaimable:     520404 kB
SUnreclaim:       133500 kB
KernelStack:        5168 kB
PageTables:         8172 kB
NFS_Unstable:          0 kB
Bounce:                0 kB
WritebackTmp:          0 kB
CommitLimit:    15437784 kB
Committed_AS:    1502468 kB
VmallocTotal:   34359738367 kB
VmallocUsed:           0 kB
VmallocChunk:          0 kB
HardwareCorrupted:     0 kB
AnonHugePages:     20480 kB
ShmemHugePages:        0 kB
ShmemPmdMapped:        0 kB
CmaTotal:              0 kB
CmaFree:               0 kB
HugePages_Total:       0
HugePages_Free:        0
HugePages_Rsvd:        0
HugePages_Surp:        0
Hugepagesize:       2048 kB
DirectMap4k:      313332 kB
DirectMap2M:     7026688 kB
DirectMap1G:    26214400 kB
