MemTotal:       30875568 kB
MemFree:        27698636 kB
MemAvailable:   29954796 kB
Buffers:          546504 kB
Cached:          1736052 kB
SwapCached:            0 kB
Active:          1878188 kB
Inactive:         586448 kB
Active(anon):     194072 kB
Inactive(anon):     9840 kB
Active(file):    1684116 kB
Inactive(file):   576608 kB
Unevictable:           0 kB
Mlocked:               0 kB
SwapTotal:             0 kB
SwapFree:              0 kB
Dirty:                72 kB
Writeback:             0 kB
AnonPages:        181916 kB
Mapped:           270904 kB
Shmem:             21836 kB
Slab:             549140 kB
SReclaimable:     445956 kB
SUnreclaim:       103184 kB
KernelStack:        4384 kB
PageTables:         6504 kB
NFS_Unstable:          0 kB
Bounce:                0 kB
WritebackTmp:          0 kB
CommitLimit:    15437784 kB
Committed_AS:    1491928 kB
VmallocTotal:   34359738367 kB
VmallocUsed:           0 kB
VmallocChunk:          0 kB
HardwareCorrupted:     0 kB
AnonHugePages:      8192 kB
ShmemHugePages:        0 kB
ShmemPmdMapped:        0 kB
CmaTotal:              0 kB
CmaFree:               0 kB
HugePages_Total:       0
HugePages_Free:        0
HugePages_Rsvd:        0
HugePages_Surp:        0
Hugepagesize:       2048 kB
DirectMap4k:      245748 kB
DirectMap2M:    24920064 kB
DirectMap1G:     8388608 kB
