MemTotal:       30875568 kB
MemFree:        28040388 kB
MemAvailable:   29953400 kB
Buffers:          464336 kB
Cached:          1408300 kB
SwapCached:            0 kB
Active:          1721568 kB
Inactive:         354744 kB
Active(anon):     204628 kB
Inactive(anon):       72 kB
Active(file):    1516940 kB
Inactive(file):   354672 kB
Unevictable:           0 kB
Mlocked:               0 kB
SwapTotal:             0 kB
SwapFree:              0 kB
Dirty:               352 kB
Writeback:             0 kB
AnonPages:        203524 kB
Mapped:            68016 kB
Shmem:               880 kB
Slab:             573196 kB
SReclaimable:     491908 kB
SUnreclaim:        81288 kB
KernelStack:        3228 kB
PageTables:         5604 kB
NFS_Unstable:          0 kB
Bounce:                0 kB
WritebackTmp:          0 kB
CommitLimit:    15437784 kB
Committed_AS:     619956 kB
VmallocTotal:   34359738367 kB
VmallocUsed:           0 kB
VmallocChunk:          0 kB
HardwareCorrupted:     0 kB
AnonHugePages:      8192 kB
ShmemHugePages:        0 kB
ShmemPmdMapped:        0 kB
CmaTotal:              0 kB
CmaFree:               0 kB
HugePages_Total:       0
HugePages_Free:        0
HugePages_Rsvd:        0
HugePages_Surp:        0
Hugepagesize:       2048 kB
DirectMap4k:      153588 kB
DirectMap2M:     6137856 kB
DirectMap1G:    27262976 kB
