MemTotal:       30875568 kB
MemFree:        27349736 kB
MemAvailable:   30008264 kB
Buffers:           73696 kB
Cached:          2811632 kB
SwapCached:            0 kB
Active:          2463016 kB
Inactive:         606684 kB
Active(anon):     185320 kB
Inactive(anon):      156 kB
Active(file):    2277696 kB
Inactive(file):   606528 kB
Unevictable:           0 kB
Mlocked:               0 kB
SwapTotal:             0 kB
SwapFree:              0 kB
Dirty:             15192 kB
Writeback:             0 kB
AnonPages:        184592 kB
Mapped:            66908 kB
Shmem:               880 kB
Slab:             297520 kB
SReclaimable:     224812 kB
SUnreclaim:        72708 kB
KernelStack:        5104 kB
PageTables:         6012 kB
NFS_Unstable:          0 kB
Bounce:                0 kB
WritebackTmp:          0 kB
CommitLimit:    15437784 kB
Committed_AS:    1446004 kB
VmallocTotal:   34359738367 kB
VmallocUsed:           0 kB
VmallocChunk:          0 kB
HardwareCorrupted:     0 kB
AnonHugePages:     14336 kB
ShmemHugePages:        0 kB
ShmemPmdMapped:        0 kB
CmaTotal:              0 kB
CmaFree:               0 kB
HugePages_Total:       0
HugePages_Free:        0
HugePages_Rsvd:        0
HugePages_Surp:        0
Hugepagesize:       2048 kB
DirectMap4k:       94196 kB
DirectMap2M:     5148672 kB
DirectMap1G:    28311552 kB
