MemTotal:       28754832 kB
MemFree:        28463068 kB
MemAvailable:   28317680 kB
Buffers:           10708 kB
Cached:           128352 kB
SwapCached:            0 kB
Active:            80048 kB
Inactive:          95180 kB
Active(anon):      38724 kB
Inactive(anon):     8548 kB
Active(file):      41324 kB
Inactive(file):    86632 kB
Unevictable:        3652 kB
Mlocked:            3652 kB
SwapTotal:             0 kB
SwapFree:              0 kB
Dirty:                32 kB
Writeback:             0 kB
AnonPages:         39656 kB
Mapped:            44844 kB
Shmem:              8676 kB
Slab:              34464 kB
SReclaimable:      16400 kB
SUnreclaim:        18064 kB
KernelStack:        2864 kB
PageTables:         2540 kB
NFS_Unstable:          0 kB
Bounce:                0 kB
WritebackTmp:          0 kB
CommitLimit:    14377416 kB
Committed_AS:     272692 kB
VmallocTotal:   34359738367 kB
VmallocUsed:           0 kB
VmallocChunk:          0 kB
HardwareCorrupted:     0 kB
AnonHugePages:      6144 kB
CmaTotal:              0 kB
CmaFree:               0 kB
HugePages_Total:       0
HugePages_Free:        0
HugePages_Rsvd:        0
HugePages_Surp:        0
Hugepagesize:       2048 kB
DirectMap4k:       52208 kB
DirectMap2M:    29245440 kB
