MemTotal:       30875568 kB
MemFree:        15170708 kB
MemAvailable:   29605936 kB
Buffers:          230688 kB
Cached:         14099232 kB
SwapCached:            0 kB
Active:          1784808 kB
Inactive:       12983756 kB
Active(anon):     448536 kB
Inactive(anon):    19856 kB
Active(file):    1336272 kB
Inactive(file): 12963900 kB
Unevictable:           0 kB
Mlocked:               0 kB
SwapTotal:             0 kB
SwapFree:              0 kB
Dirty:                24 kB
Writeback:             0 kB
AnonPages:        438944 kB
Mapped:           268460 kB
Shmem:             29608 kB
Slab:             748292 kB
SReclaimable:     585576 kB
SUnreclaim:       162716 kB
KernelStack:        6344 kB
PageTables:        10572 kB
NFS_Unstable:          0 kB
Bounce:                0 kB
WritebackTmp:          0 kB
CommitLimit:    15437784 kB
Committed_AS:    2212504 kB
VmallocTotal:   34359738367 kB
VmallocUsed:           0 kB
VmallocChunk:          0 kB
HardwareCorrupted:     0 kB
AnonHugePages:     16384 kB
ShmemHugePages:        0 kB
ShmemPmdMapped:        0 kB
CmaTotal:              0 kB
CmaFree:               0 kB
HugePages_Total:       0
HugePages_Free:        0
HugePages_Rsvd:        0
HugePages_Surp:        0
Hugepagesize:       2048 kB
DirectMap4k:      399348 kB
DirectMap2M:     6940672 kB
DirectMap1G:    26214400 kB
