MemTotal:       30875568 kB
MemFree:        27588208 kB
MemAvailable:   30073148 kB
Buffers:           69392 kB
Cached:          2643688 kB
SwapCached:            0 kB
Active:          2263220 kB
Inactive:         567456 kB
Active(anon):     118316 kB
Inactive(anon):      156 kB
Active(file):    2144904 kB
Inactive(file):   567300 kB
Unevictable:           0 kB
Mlocked:               0 kB
SwapTotal:             0 kB
SwapFree:              0 kB
Dirty:                 0 kB
Writeback:             0 kB
AnonPages:        117592 kB
Mapped:            66840 kB
Shmem:               880 kB
Slab:             295364 kB
SReclaimable:     223244 kB
SUnreclaim:        72120 kB
KernelStack:        4912 kB
PageTables:         5856 kB
NFS_Unstable:          0 kB
Bounce:                0 kB
WritebackTmp:          0 kB
CommitLimit:    15437784 kB
Committed_AS:    1299692 kB
VmallocTotal:   34359738367 kB
VmallocUsed:           0 kB
VmallocChunk:          0 kB
HardwareCorrupted:     0 kB
AnonHugePages:     14336 kB
ShmemHugePages:        0 kB
ShmemPmdMapped:        0 kB
CmaTotal:              0 kB
CmaFree:               0 kB
HugePages_Total:       0
HugePages_Free:        0
HugePages_Rsvd:        0
HugePages_Surp:        0
Hugepagesize:       2048 kB
DirectMap4k:       94196 kB
DirectMap2M:     5148672 kB
DirectMap1G:    28311552 kB
