MemTotal:       30875568 kB
MemFree:        27700984 kB
MemAvailable:   29939484 kB
Buffers:          545440 kB
Cached:          1719208 kB
SwapCached:            0 kB
Active:          1889316 kB
Inactive:         569876 kB
Active(anon):     206536 kB
Inactive(anon):     9896 kB
Active(file):    1682780 kB
Inactive(file):   559980 kB
Unevictable:           0 kB
Mlocked:               0 kB
SwapTotal:             0 kB
SwapFree:              0 kB
Dirty:                68 kB
Writeback:             0 kB
AnonPages:        194544 kB
Mapped:           281776 kB
Shmem:             21892 kB
Slab:             548724 kB
SReclaimable:     446260 kB
SUnreclaim:       102464 kB
KernelStack:        4896 kB
PageTables:         8216 kB
NFS_Unstable:          0 kB
Bounce:                0 kB
WritebackTmp:          0 kB
CommitLimit:    15437784 kB
Committed_AS:    1721408 kB
VmallocTotal:   34359738367 kB
VmallocUsed:           0 kB
VmallocChunk:          0 kB
HardwareCorrupted:     0 kB
AnonHugePages:      8192 kB
ShmemHugePages:        0 kB
ShmemPmdMapped:        0 kB
CmaTotal:              0 kB
CmaFree:               0 kB
HugePages_Total:       0
HugePages_Free:        0
HugePages_Rsvd:        0
HugePages_Surp:        0
Hugepagesize:       2048 kB
DirectMap4k:      245748 kB
DirectMap2M:    24920064 kB
DirectMap1G:     8388608 kB
