MemTotal:       30875568 kB
MemFree:        15287832 kB
MemAvailable:   29725896 kB
Buffers:          230700 kB
Cached:         14102252 kB
SwapCached:            0 kB
Active:          1683840 kB
Inactive:       12986712 kB
Active(anon):     347496 kB
Inactive(anon):    19724 kB
Active(file):    1336344 kB
Inactive(file): 12966988 kB
Unevictable:           0 kB
Mlocked:               0 kB
SwapTotal:             0 kB
SwapFree:              0 kB
Dirty:             13888 kB
Writeback:             0 kB
AnonPages:        337860 kB
Mapped:           271260 kB
Shmem:             29476 kB
Slab:             743948 kB
SReclaimable:     585252 kB
SUnreclaim:       158696 kB
KernelStack:        6160 kB
PageTables:        10284 kB
NFS_Unstable:          0 kB
Bounce:                0 kB
WritebackTmp:          0 kB
CommitLimit:    15437784 kB
Committed_AS:    2093332 kB
VmallocTotal:   34359738367 kB
VmallocUsed:           0 kB
VmallocChunk:          0 kB
HardwareCorrupted:     0 kB
AnonHugePages:     77824 kB
ShmemHugePages:        0 kB
ShmemPmdMapped:        0 kB
CmaTotal:              0 kB
CmaFree:               0 kB
HugePages_Total:       0
HugePages_Free:        0
HugePages_Rsvd:        0
HugePages_Surp:        0
Hugepagesize:       2048 kB
DirectMap4k:      399348 kB
DirectMap2M:     6940672 kB
DirectMap1G:    26214400 kB
