MemTotal:       30875568 kB
MemFree:        28171344 kB
MemAvailable:   29957252 kB
Buffers:          379624 kB
Cached:          1576584 kB
SwapCached:            0 kB
Active:          1674900 kB
Inactive:         454544 kB
Active(anon):     184572 kB
Inactive(anon):     9964 kB
Active(file):    1490328 kB
Inactive(file):   444580 kB
Unevictable:           0 kB
Mlocked:               0 kB
SwapTotal:             0 kB
SwapFree:              0 kB
Dirty:                56 kB
Writeback:             0 kB
AnonPages:        173424 kB
Mapped:           203020 kB
Shmem:             21156 kB
Slab:             396360 kB
SReclaimable:     301520 kB
SUnreclaim:        94840 kB
KernelStack:        4320 kB
PageTables:         6900 kB
NFS_Unstable:          0 kB
Bounce:                0 kB
WritebackTmp:          0 kB
CommitLimit:    15437784 kB
Committed_AS:    1501748 kB
VmallocTotal:   34359738367 kB
VmallocUsed:           0 kB
VmallocChunk:          0 kB
HardwareCorrupted:     0 kB
AnonHugePages:      8192 kB
ShmemHugePages:        0 kB
ShmemPmdMapped:        0 kB
CmaTotal:              0 kB
CmaFree:               0 kB
HugePages_Total:       0
HugePages_Free:        0
HugePages_Rsvd:        0
HugePages_Surp:        0
Hugepagesize:       2048 kB
DirectMap4k:      180212 kB
DirectMap2M:     9256960 kB
DirectMap1G:    24117248 kB
