MemTotal:       30875568 kB
MemFree:        25915296 kB
MemAvailable:   28327172 kB
Buffers:          601860 kB
Cached:          1879588 kB
SwapCached:            0 kB
Active:          3491512 kB
Inactive:         742676 kB
Active(anon):    1783468 kB
Inactive(anon):    19468 kB
Active(file):    1708044 kB
Inactive(file):   723208 kB
Unevictable:           0 kB
Mlocked:               0 kB
SwapTotal:             0 kB
SwapFree:              0 kB
Dirty:             15928 kB
Writeback:            24 kB
AnonPages:       1752140 kB
Mapped:           277812 kB
Shmem:             50276 kB
Slab:             549108 kB
SReclaimable:     431144 kB
SUnreclaim:       117964 kB
KernelStack:        6400 kB
PageTables:        12776 kB
NFS_Unstable:          0 kB
Bounce:                0 kB
WritebackTmp:          0 kB
CommitLimit:    15437784 kB
Committed_AS:    3063672 kB
VmallocTotal:   34359738367 kB
VmallocUsed:           0 kB
VmallocChunk:          0 kB
HardwareCorrupted:     0 kB
AnonHugePages:    274432 kB
ShmemHugePages:        0 kB
ShmemPmdMapped:        0 kB
CmaTotal:              0 kB
CmaFree:               0 kB
HugePages_Total:       0
HugePages_Free:        0
HugePages_Rsvd:        0
HugePages_Surp:        0
Hugepagesize:       2048 kB
DirectMap4k:      362484 kB
DirectMap2M:    26900480 kB
DirectMap1G:     6291456 kB
