MemTotal:       30875568 kB
MemFree:        27976008 kB
MemAvailable:   29940068 kB
Buffers:          425092 kB
Cached:          1663352 kB
SwapCached:            0 kB
Active:          1762092 kB
Inactive:         520524 kB
Active(anon):     205924 kB
Inactive(anon):     9904 kB
Active(file):    1556168 kB
Inactive(file):   510620 kB
Unevictable:           0 kB
Mlocked:               0 kB
SwapTotal:             0 kB
SwapFree:              0 kB
Dirty:                 0 kB
Writeback:             0 kB
AnonPages:        194020 kB
Mapped:           250344 kB
Shmem:             21652 kB
Slab:             447488 kB
SReclaimable:     347792 kB
SUnreclaim:        99696 kB
KernelStack:        4896 kB
PageTables:         7740 kB
NFS_Unstable:          0 kB
Bounce:                0 kB
WritebackTmp:          0 kB
CommitLimit:    15437784 kB
Committed_AS:    1667128 kB
VmallocTotal:   34359738367 kB
VmallocUsed:           0 kB
VmallocChunk:          0 kB
HardwareCorrupted:     0 kB
AnonHugePages:    135168 kB
ShmemHugePages:        0 kB
ShmemPmdMapped:        0 kB
CmaTotal:              0 kB
CmaFree:               0 kB
HugePages_Total:       0
HugePages_Free:        0
HugePages_Rsvd:        0
HugePages_Surp:        0
Hugepagesize:       2048 kB
DirectMap4k:      215028 kB
DirectMap2M:    18659328 kB
DirectMap1G:    14680064 kB
