MemTotal:       28754832 kB
MemFree:        26959796 kB
MemAvailable:   28219180 kB
Buffers:          301196 kB
Cached:          1065992 kB
SwapCached:            0 kB
Active:          1223036 kB
Inactive:         179440 kB
Active(anon):      38084 kB
Inactive(anon):     8364 kB
Active(file):    1184952 kB
Inactive(file):   171076 kB
Unevictable:        3652 kB
Mlocked:            3652 kB
SwapTotal:             0 kB
SwapFree:              0 kB
Dirty:               352 kB
Writeback:             0 kB
AnonPages:         38944 kB
Mapped:            47052 kB
Shmem:              8732 kB
Slab:             310572 kB
SReclaimable:     289872 kB
SUnreclaim:        20700 kB
KernelStack:        2720 kB
PageTables:         2268 kB
NFS_Unstable:          0 kB
Bounce:                0 kB
WritebackTmp:          0 kB
CommitLimit:    14377416 kB
Committed_AS:     292952 kB
VmallocTotal:   34359738367 kB
VmallocUsed:           0 kB
VmallocChunk:          0 kB
HardwareCorrupted:     0 kB
AnonHugePages:      6144 kB
CmaTotal:              0 kB
CmaFree:               0 kB
HugePages_Total:       0
HugePages_Free:        0
HugePages_Rsvd:        0
HugePages_Surp:        0
Hugepagesize:       2048 kB
DirectMap4k:       74736 kB
DirectMap2M:    29222912 kB
