MemTotal:       30875568 kB
MemFree:        27303020 kB
MemAvailable:   30001828 kB
Buffers:           92580 kB
Cached:          2811744 kB
SwapCached:            0 kB
Active:          2483144 kB
Inactive:         606712 kB
Active(anon):     186252 kB
Inactive(anon):      156 kB
Active(file):    2296892 kB
Inactive(file):   606556 kB
Unevictable:           0 kB
Mlocked:               0 kB
SwapTotal:             0 kB
SwapFree:              0 kB
Dirty:                32 kB
Writeback:             0 kB
AnonPages:        185316 kB
Mapped:            67180 kB
Shmem:               880 kB
Slab:             322812 kB
SReclaimable:     245868 kB
SUnreclaim:        76944 kB
KernelStack:        4960 kB
PageTables:         6220 kB
NFS_Unstable:          0 kB
Bounce:                0 kB
WritebackTmp:          0 kB
CommitLimit:    15437784 kB
Committed_AS:    1509676 kB
VmallocTotal:   34359738367 kB
VmallocUsed:           0 kB
VmallocChunk:          0 kB
HardwareCorrupted:     0 kB
AnonHugePages:     14336 kB
ShmemHugePages:        0 kB
ShmemPmdMapped:        0 kB
CmaTotal:              0 kB
CmaFree:               0 kB
HugePages_Total:       0
HugePages_Free:        0
HugePages_Rsvd:        0
HugePages_Surp:        0
Hugepagesize:       2048 kB
DirectMap4k:       94196 kB
DirectMap2M:     5148672 kB
DirectMap1G:    28311552 kB
