MemTotal:       28754832 kB
MemFree:        27233504 kB
MemAvailable:   28214220 kB
Buffers:          289680 kB
Cached:           880176 kB
SwapCached:            0 kB
Active:          1058420 kB
Inactive:         143744 kB
Active(anon):      35092 kB
Inactive(anon):     8372 kB
Active(file):    1023328 kB
Inactive(file):   135372 kB
Unevictable:        3652 kB
Mlocked:            3652 kB
SwapTotal:             0 kB
SwapFree:              0 kB
Dirty:                28 kB
Writeback:             0 kB
AnonPages:         39832 kB
Mapped:            47140 kB
Shmem:              8736 kB
Slab:             232044 kB
SReclaimable:     208532 kB
SUnreclaim:        23512 kB
KernelStack:        2800 kB
PageTables:         2976 kB
NFS_Unstable:          0 kB
Bounce:                0 kB
WritebackTmp:          0 kB
CommitLimit:    14377416 kB
Committed_AS:     327568 kB
VmallocTotal:   34359738367 kB
VmallocUsed:           0 kB
VmallocChunk:          0 kB
HardwareCorrupted:     0 kB
AnonHugePages:      6144 kB
CmaTotal:              0 kB
CmaFree:               0 kB
HugePages_Total:       0
HugePages_Free:        0
HugePages_Rsvd:        0
HugePages_Surp:        0
Hugepagesize:       2048 kB
DirectMap4k:       64496 kB
DirectMap2M:    29233152 kB
