MemTotal:       30875568 kB
MemFree:        27684636 kB
MemAvailable:   29956032 kB
Buffers:          547116 kB
Cached:          1750752 kB
SwapCached:            0 kB
Active:          1882496 kB
Inactive:         597408 kB
Active(anon):     194028 kB
Inactive(anon):     9940 kB
Active(file):    1688468 kB
Inactive(file):   587468 kB
Unevictable:           0 kB
Mlocked:               0 kB
SwapTotal:             0 kB
SwapFree:              0 kB
Dirty:                 8 kB
Writeback:             0 kB
AnonPages:        181828 kB
Mapped:           280412 kB
Shmem:             21936 kB
Slab:             548748 kB
SReclaimable:     445980 kB
SUnreclaim:       102768 kB
KernelStack:        4528 kB
PageTables:         6368 kB
NFS_Unstable:          0 kB
Bounce:                0 kB
WritebackTmp:          0 kB
CommitLimit:    15437784 kB
Committed_AS:    1498004 kB
VmallocTotal:   34359738367 kB
VmallocUsed:           0 kB
VmallocChunk:          0 kB
HardwareCorrupted:     0 kB
AnonHugePages:      8192 kB
ShmemHugePages:        0 kB
ShmemPmdMapped:        0 kB
CmaTotal:              0 kB
CmaFree:               0 kB
HugePages_Total:       0
HugePages_Free:        0
HugePages_Rsvd:        0
HugePages_Surp:        0
Hugepagesize:       2048 kB
DirectMap4k:      249844 kB
DirectMap2M:    24915968 kB
DirectMap1G:     8388608 kB
