MemTotal:       30875568 kB
MemFree:        27974432 kB
MemAvailable:   29937196 kB
Buffers:          425032 kB
Cached:          1662116 kB
SwapCached:            0 kB
Active:          1762556 kB
Inactive:         519288 kB
Active(anon):     206440 kB
Inactive(anon):     9904 kB
Active(file):    1556116 kB
Inactive(file):   509384 kB
Unevictable:           0 kB
Mlocked:               0 kB
SwapTotal:             0 kB
SwapFree:              0 kB
Dirty:                 0 kB
Writeback:             0 kB
AnonPages:        194336 kB
Mapped:           249168 kB
Shmem:             21652 kB
Slab:             448000 kB
SReclaimable:     347784 kB
SUnreclaim:       100216 kB
KernelStack:        4880 kB
PageTables:         8284 kB
NFS_Unstable:          0 kB
Bounce:                0 kB
WritebackTmp:          0 kB
CommitLimit:    15437784 kB
Committed_AS:    1674724 kB
VmallocTotal:   34359738367 kB
VmallocUsed:           0 kB
VmallocChunk:          0 kB
HardwareCorrupted:     0 kB
AnonHugePages:      8192 kB
ShmemHugePages:        0 kB
ShmemPmdMapped:        0 kB
CmaTotal:              0 kB
CmaFree:               0 kB
HugePages_Total:       0
HugePages_Free:        0
HugePages_Rsvd:        0
HugePages_Surp:        0
Hugepagesize:       2048 kB
DirectMap4k:      215028 kB
DirectMap2M:    18659328 kB
DirectMap1G:    14680064 kB
