Linux version 4.15.0-1024-gcp (buildd@lcy01-amd64-030) (gcc version 7.3.0 (Ubuntu 7.3.0-16ubuntu3)) #25-Ubuntu SMP Wed Oct 24 13:09:45 UTC 2018 (Ubuntu 4.15.0-1024.25-gcp 4.15.18)
Command line: BOOT_IMAGE=/boot/vmlinuz-4.15.0-1024-gcp root=UUID=21b294f1-25bd-4265-9c4e-d6e4aeb57e97 ro scsi_mod.use_blk_mq=Y console=ttyS0
KERNEL supported cpus:
  Intel GenuineIntel
  AMD AuthenticAMD
  Centaur CentaurHauls
x86/fpu: Supporting XSAVE feature 0x001: 'x87 floating point registers'
x86/fpu: Supporting XSAVE feature 0x002: 'SSE registers'
x86/fpu: Supporting XSAVE feature 0x004: 'AVX registers'
x86/fpu: xstate_offset[2]:  576, xstate_sizes[2]:  256
x86/fpu: Enabled xstate features 0x7, context size is 832 bytes, using 'standard' format.
e820: BIOS-provided physical RAM map:
BIOS-e820: [mem 0x0000000000000000-0x000000000009fbff] usable
BIOS-e820: [mem 0x000000000009fc00-0x000000000009ffff] reserved
BIOS-e820: [mem 0x00000000000f0000-0x00000000000fffff] reserved
BIOS-e820: [mem 0x0000000000100000-0x00000000bfffcfff] usable
BIOS-e820: [mem 0x00000000bfffd000-0x00000000bfffffff] reserved
BIOS-e820: [mem 0x00000000fffbc000-0x00000000ffffffff] reserved
BIOS-e820: [mem 0x0000000100000000-0x00000007bfffffff] usable
NX (Execute Disable) protection: active
SMBIOS 2.4 present.
DMI: Google Google Compute Engine/Google Compute Engine, BIOS Google 01/01/2011
Hypervisor detected: KVM
e820: update [mem 0x00000000-0x00000fff] usable ==> reserved
e820: remove [mem 0x000a0000-0x000fffff] usable
e820: last_pfn = 0x7c0000 max_arch_pfn = 0x400000000
MTRR default type: write-back
MTRR fixed ranges enabled:
  00000-9FFFF write-back
  A0000-BFFFF uncachable
  C0000-FFFFF write-protect
MTRR variable ranges enabled:
  0 base 0000C0000000 mask 3FFFC0000000 uncachable
  1 disabled
  2 disabled
  3 disabled
  4 disabled
  5 disabled
  6 disabled
  7 disabled
x86/PAT: Configuration [0-7]: WB  WC  UC- UC  WB  WP  UC- WT  
e820: last_pfn = 0xbfffd max_arch_pfn = 0x400000000
found SMP MP-table at [mem 0x000f2c80-0x000f2c8f] mapped at [        (ptrval)]
Scanning 1 areas for low memory corruption
Base memory trampoline at [        (ptrval)] 99000 size 24576
Using GB pages for direct mapping
BRK [0x3e993d000, 0x3e993dfff] PGTABLE
BRK [0x3e993e000, 0x3e993efff] PGTABLE
BRK [0x3e993f000, 0x3e993ffff] PGTABLE
BRK [0x3e9940000, 0x3e9940fff] PGTABLE
BRK [0x3e9941000, 0x3e9941fff] PGTABLE
BRK [0x3e9942000, 0x3e9942fff] PGTABLE
RAMDISK: [mem 0x359f5000-0x36cf1fff]
ACPI: Early table checksum verification disabled
ACPI: RSDP 0x00000000000F2C40 000014 (v00 Google)
ACPI: RSDT 0x00000000BFFFD580 000038 (v01 Google GOOGRSDT 00000001 GOOG 00000001)
ACPI: FACP 0x00000000BFFFFBC0 0000F4 (v02 Google GOOGFACP 00000001 GOOG 00000001)
ACPI: DSDT 0x00000000BFFFD5C0 0017B2 (v01 Google GOOGDSDT 00000001 GOOG 00000001)
ACPI: FACS 0x00000000BFFFFB80 000040
ACPI: FACS 0x00000000BFFFFB80 000040
ACPI: SSDT 0x00000000BFFFF000 000B76 (v01 Google GOOGSSDT 00000001 GOOG 00000001)
ACPI: APIC 0x00000000BFFFEEE0 0000A6 (v01 Google GOOGAPIC 00000001 GOOG 00000001)
ACPI: WAET 0x00000000BFFFEEB0 000028 (v01 Google GOOGWAET 00000001 GOOG 00000001)
ACPI: SRAT 0x00000000BFFFED80 000128 (v01 Google GOOGSRAT 00000001 GOOG 00000001)
ACPI: Local APIC address 0xfee00000
SRAT: PXM 0 -> APIC 0x00 -> Node 0
SRAT: PXM 0 -> APIC 0x01 -> Node 0
SRAT: PXM 0 -> APIC 0x02 -> Node 0
SRAT: PXM 0 -> APIC 0x03 -> Node 0
SRAT: PXM 0 -> APIC 0x04 -> Node 0
SRAT: PXM 0 -> APIC 0x05 -> Node 0
SRAT: PXM 0 -> APIC 0x06 -> Node 0
SRAT: PXM 0 -> APIC 0x07 -> Node 0
ACPI: SRAT: Node 0 PXM 0 [mem 0x00000000-0x0009ffff]
ACPI: SRAT: Node 0 PXM 0 [mem 0x00100000-0xbfffffff]
ACPI: SRAT: Node 0 PXM 0 [mem 0x100000000-0x7bfffffff]
NUMA: Node 0 [mem 0x00000000-0x0009ffff] + [mem 0x00100000-0xbfffffff] -> [mem 0x00000000-0xbfffffff]
NUMA: Node 0 [mem 0x00000000-0xbfffffff] + [mem 0x100000000-0x7bfffffff] -> [mem 0x00000000-0x7bfffffff]
NODE_DATA(0) allocated [mem 0x7bffd5000-0x7bfffffff]
kvm-clock: cpu 0, msr 7:bff54001, primary cpu clock
kvm-clock: Using msrs 4b564d01 and 4b564d00
kvm-clock: using sched offset of 2387441992 cycles
clocksource: kvm-clock: mask: 0xffffffffffffffff max_cycles: 0x1cd42e4dffb, max_idle_ns: 881590591483 ns
Zone ranges:
  DMA      [mem 0x0000000000001000-0x0000000000ffffff]
  DMA32    [mem 0x0000000001000000-0x00000000ffffffff]
  Normal   [mem 0x0000000100000000-0x00000007bfffffff]
  Device   empty
Movable zone start for each node
Early memory node ranges
  node   0: [mem 0x0000000000001000-0x000000000009efff]
  node   0: [mem 0x0000000000100000-0x00000000bfffcfff]
  node   0: [mem 0x0000000100000000-0x00000007bfffffff]
Initmem setup node 0 [mem 0x0000000000001000-0x00000007bfffffff]
On node 0 totalpages: 7864219
  DMA zone: 64 pages used for memmap
  DMA zone: 21 pages reserved
  DMA zone: 3998 pages, LIFO batch:0
  DMA32 zone: 12224 pages used for memmap
  DMA32 zone: 782333 pages, LIFO batch:31
  Normal zone: 110592 pages used for memmap
  Normal zone: 7077888 pages, LIFO batch:31
Reserved but unavailable: 98 pages
ACPI: PM-Timer IO Port: 0xb008
ACPI: Local APIC address 0xfee00000
ACPI: LAPIC_NMI (acpi_id[0xff] dfl dfl lint[0x1])
IOAPIC[0]: apic_id 0, version 17, address 0xfec00000, GSI 0-23
ACPI: INT_SRC_OVR (bus 0 bus_irq 5 global_irq 5 high level)
ACPI: INT_SRC_OVR (bus 0 bus_irq 9 global_irq 9 high level)
ACPI: INT_SRC_OVR (bus 0 bus_irq 10 global_irq 10 high level)
ACPI: INT_SRC_OVR (bus 0 bus_irq 11 global_irq 11 high level)
ACPI: IRQ5 used by override.
ACPI: IRQ9 used by override.
ACPI: IRQ10 used by override.
ACPI: IRQ11 used by override.
Using ACPI (MADT) for SMP configuration information
smpboot: Allowing 8 CPUs, 0 hotplug CPUs
PM: Registered nosave memory: [mem 0x00000000-0x00000fff]
PM: Registered nosave memory: [mem 0x0009f000-0x0009ffff]
PM: Registered nosave memory: [mem 0x000a0000-0x000effff]
PM: Registered nosave memory: [mem 0x000f0000-0x000fffff]
PM: Registered nosave memory: [mem 0xbfffd000-0xbfffffff]
PM: Registered nosave memory: [mem 0xc0000000-0xfffbbfff]
PM: Registered nosave memory: [mem 0xfffbc000-0xffffffff]
e820: [mem 0xc0000000-0xfffbbfff] available for PCI devices
Booting paravirtualized kernel on KVM
clocksource: refined-jiffies: mask: 0xffffffff max_cycles: 0xffffffff, max_idle_ns: 7645519600211568 ns
random: get_random_bytes called from start_kernel+0x9e/0x50c with crng_init=0
setup_percpu: NR_CPUS:8192 nr_cpumask_bits:8 nr_cpu_ids:8 nr_node_ids:1
percpu: Embedded 46 pages/cpu @        (ptrval) s151552 r8192 d28672 u262144
pcpu-alloc: s151552 r8192 d28672 u262144 alloc=1*2097152
pcpu-alloc: [0] 0 1 2 3 4 5 6 7 
Built 1 zonelists, mobility grouping on.  Total pages: 7741318
Policy zone: Normal
Kernel command line: BOOT_IMAGE=/boot/vmlinuz-4.15.0-1024-gcp root=UUID=21b294f1-25bd-4265-9c4e-d6e4aeb57e97 ro scsi_mod.use_blk_mq=Y console=ttyS0
Calgary: detecting Calgary via BIOS EBDA area
Calgary: Unable to locate Rio Grande table in EBDA - bailing!
Memory: 30849716K/31456876K available (12300K kernel code, 2474K rwdata, 4188K rodata, 2408K init, 2404K bss, 607160K reserved, 0K cma-reserved)
SLUB: HWalign=64, Order=0-3, MinObjects=0, CPUs=8, Nodes=1
Kernel/User page tables isolation: enabled
ftrace: allocating 39338 entries in 154 pages
Hierarchical RCU implementation.
	RCU restricting CPUs from NR_CPUS=8192 to nr_cpu_ids=8.
	Tasks RCU enabled.
RCU: Adjusting geometry for rcu_fanout_leaf=16, nr_cpu_ids=8
NR_IRQS: 524544, nr_irqs: 488, preallocated irqs: 16
Console: colour VGA+ 80x25
console [ttyS0] enabled
ACPI: Core revision 20170831
ACPI: 2 ACPI AML tables successfully acquired and loaded
APIC: Switch to symmetric I/O mode setup
x2apic enabled
Switched APIC routing to physical x2apic.
..TIMER: vector=0x30 apic1=0 pin1=0 apic2=-1 pin2=-1
tsc: Detected 2300.000 MHz processor
Calibrating delay loop (skipped) preset value.. 4600.00 BogoMIPS (lpj=9200000)
pid_max: default: 32768 minimum: 301
Security Framework initialized
Yama: becoming mindful.
AppArmor: AppArmor initialized
Dentry cache hash table entries: 4194304 (order: 13, 33554432 bytes)
Inode-cache hash table entries: 2097152 (order: 12, 16777216 bytes)
Mount-cache hash table entries: 65536 (order: 7, 524288 bytes)
Mountpoint-cache hash table entries: 65536 (order: 7, 524288 bytes)
mce: CPU supports 32 MCE banks
Last level iTLB entries: 4KB 1024, 2MB 1024, 4MB 1024
Last level dTLB entries: 4KB 1024, 2MB 1024, 4MB 1024, 1GB 4
Spectre V2 : Mitigation: Full generic retpoline
Spectre V2 : Spectre v2 / SpectreRSB mitigation: Filling RSB on context switch
Spectre V2 : Spectre v2 mitigation: Enabling Indirect Branch Prediction Barrier
Spectre V2 : Enabling Restricted Speculation for firmware calls
Speculative Store Bypass: Mitigation: Speculative Store Bypass disabled via prctl and seccomp
Freeing SMP alternatives memory: 36K
smpboot: CPU0: Intel(R) Xeon(R) CPU @ 2.30GHz (family: 0x6, model: 0x3f, stepping: 0x0)
Performance Events: unsupported p6 CPU model 63 no PMU driver, software events only.
Hierarchical SRCU implementation.
NMI watchdog: Perf event create on CPU 0 failed with -2
NMI watchdog: Perf NMI watchdog permanently disabled
smp: Bringing up secondary CPUs ...
x86: Booting SMP configuration:
.... node  #0, CPUs:      #1
kvm-clock: cpu 1, msr 7:bff54041, secondary cpu clock
 #2
kvm-clock: cpu 2, msr 7:bff54081, secondary cpu clock
 #3
kvm-clock: cpu 3, msr 7:bff540c1, secondary cpu clock
 #4
kvm-clock: cpu 4, msr 7:bff54101, secondary cpu clock
 #5
kvm-clock: cpu 5, msr 7:bff54141, secondary cpu clock
 #6
kvm-clock: cpu 6, msr 7:bff54181, secondary cpu clock
 #7
kvm-clock: cpu 7, msr 7:bff541c1, secondary cpu clock
smp: Brought up 1 node, 8 CPUs
smpboot: Max logical packages: 1
smpboot: Total of 8 processors activated (36800.00 BogoMIPS)
devtmpfs: initialized
x86/mm: Memory block size: 128MB
evm: security.selinux
evm: security.SMACK64
evm: security.SMACK64EXEC
evm: security.SMACK64TRANSMUTE
evm: security.SMACK64MMAP
evm: security.apparmor
evm: security.ima
evm: security.capability
clocksource: jiffies: mask: 0xffffffff max_cycles: 0xffffffff, max_idle_ns: 7645041785100000 ns
futex hash table entries: 2048 (order: 5, 131072 bytes)
pinctrl core: initialized pinctrl subsystem
RTC time: 20:50:01, date: 11/24/18
NET: Registered protocol family 16
audit: initializing netlink subsys (disabled)
audit: type=2000 audit(1543092600.911:1): state=initialized audit_enabled=0 res=1
cpuidle: using governor ladder
cpuidle: using governor menu
ACPI: bus type PCI registered
acpiphp: ACPI Hot Plug PCI Controller Driver version: 0.5
PCI: Using configuration type 1 for base access
HugeTLB registered 1.00 GiB page size, pre-allocated 0 pages
HugeTLB registered 2.00 MiB page size, pre-allocated 0 pages
ACPI: Added _OSI(Module Device)
ACPI: Added _OSI(Processor Device)
ACPI: Added _OSI(3.0 _SCP Extensions)
ACPI: Added _OSI(Processor Aggregator Device)
ACPI: Added _OSI(Linux-Dell-Video)
ACPI: Added _OSI(Linux-Lenovo-NV-HDMI-Audio)
ACPI: Executed 2 blocks of module-level executable AML code
ACPI: Interpreter enabled
ACPI: (supports S0 S3 S4 S5)
ACPI: Using IOAPIC for interrupt routing
PCI: Using host bridge windows from ACPI; if necessary, use "pci=nocrs" and report a bug
ACPI: Enabled 16 GPEs in block 00 to 0F
ACPI: PCI Root Bridge [PCI0] (domain 0000 [bus 00-ff])
acpi PNP0A03:00: _OSC: OS supports [ASPM ClockPM Segments MSI]
acpi PNP0A03:00: _OSC failed (AE_NOT_FOUND); disabling ASPM
acpi PNP0A03:00: fail to add MMCONFIG information, can't access extended PCI configuration space under this bridge.
PCI host bridge to bus 0000:00
pci_bus 0000:00: root bus resource [io  0x0000-0x0cf7 window]
pci_bus 0000:00: root bus resource [io  0x0d00-0xffff window]
pci_bus 0000:00: root bus resource [mem 0x000a0000-0x000bffff window]
pci_bus 0000:00: root bus resource [mem 0xc0000000-0xfebfffff window]
pci_bus 0000:00: root bus resource [bus 00-ff]
pci 0000:00:00.0: [8086:1237] type 00 class 0x060000
pci 0000:00:01.0: [8086:7110] type 00 class 0x060100
pci 0000:00:01.3: [8086:7113] type 00 class 0x068000
pci 0000:00:01.3: quirk: [io  0xb000-0xb03f] claimed by PIIX4 ACPI
pci 0000:00:03.0: [1af4:1004] type 00 class 0x000000
pci 0000:00:03.0: reg 0x10: [io  0xc000-0xc03f]
pci 0000:00:03.0: reg 0x14: [mem 0xfebfe000-0xfebfe07f]
pci 0000:00:04.0: [1af4:1000] type 00 class 0x020000
pci 0000:00:04.0: reg 0x10: [io  0xc040-0xc07f]
pci 0000:00:04.0: reg 0x14: [mem 0xfebff000-0xfebff1ff]
ACPI: PCI Interrupt Link [LNKA] (IRQs 5 *10 11)
ACPI: PCI Interrupt Link [LNKB] (IRQs 5 *10 11)
ACPI: PCI Interrupt Link [LNKC] (IRQs 5 10 *11)
ACPI: PCI Interrupt Link [LNKD] (IRQs 5 10 *11)
ACPI: PCI Interrupt Link [LNKS] (IRQs *9)
SCSI subsystem initialized
libata version 3.00 loaded.
vgaarb: loaded
ACPI: bus type USB registered
usbcore: registered new interface driver usbfs
usbcore: registered new interface driver hub
usbcore: registered new device driver usb
EDAC MC: Ver: 3.0.0
PCI: Using ACPI for IRQ routing
PCI: pci_cache_line_size set to 64 bytes
e820: reserve RAM buffer [mem 0x0009fc00-0x0009ffff]
e820: reserve RAM buffer [mem 0xbfffd000-0xbfffffff]
NetLabel: Initializing
NetLabel:  domain hash size = 128
NetLabel:  protocols = UNLABELED CIPSOv4 CALIPSO
NetLabel:  unlabeled traffic allowed by default
clocksource: Switched to clocksource kvm-clock
VFS: Disk quotas dquot_6.6.0
VFS: Dquot-cache hash table entries: 512 (order 0, 4096 bytes)
AppArmor: AppArmor Filesystem Enabled
pnp: PnP ACPI init
pnp 00:00: Plug and Play ACPI device, IDs PNP0b00 (active)
pnp 00:01: Plug and Play ACPI device, IDs PNP0303 (active)
pnp 00:02: Plug and Play ACPI device, IDs PNP0f13 (active)
pnp 00:03: Plug and Play ACPI device, IDs PNP0501 (active)
pnp 00:04: Plug and Play ACPI device, IDs PNP0501 (active)
pnp 00:05: Plug and Play ACPI device, IDs PNP0501 (active)
pnp 00:06: Plug and Play ACPI device, IDs PNP0501 (active)
pnp: PnP ACPI: found 7 devices
clocksource: acpi_pm: mask: 0xffffff max_cycles: 0xffffff, max_idle_ns: 2085701024 ns
pci_bus 0000:00: resource 4 [io  0x0000-0x0cf7 window]
pci_bus 0000:00: resource 5 [io  0x0d00-0xffff window]
pci_bus 0000:00: resource 6 [mem 0x000a0000-0x000bffff window]
pci_bus 0000:00: resource 7 [mem 0xc0000000-0xfebfffff window]
NET: Registered protocol family 2
TCP established hash table entries: 262144 (order: 9, 2097152 bytes)
TCP bind hash table entries: 65536 (order: 8, 1048576 bytes)
TCP: Hash tables configured (established 262144 bind 65536)
UDP hash table entries: 16384 (order: 7, 524288 bytes)
UDP-Lite hash table entries: 16384 (order: 7, 524288 bytes)
NET: Registered protocol family 1
pci 0000:00:00.0: Limiting direct PCI/PCI transfers
PCI: CLS 0 bytes, default 64
Unpacking initramfs...
Freeing initrd memory: 19444K
PCI-DMA: Using software bounce buffering for IO (SWIOTLB)
software IO TLB [mem 0xbbffd000-0xbfffd000] (64MB) mapped at [        (ptrval)-        (ptrval)]
Scanning for low memory corruption every 60 seconds
Initialise system trusted keyrings
Key type blacklist registered
workingset: timestamp_bits=36 max_order=23 bucket_order=0
zbud: loaded
squashfs: version 4.0 (2009/01/31) Phillip Lougher
fuse init (API version 7.26)
Key type asymmetric registered
Asymmetric key parser 'x509' registered
Block layer SCSI generic (bsg) driver version 0.4 loaded (major 246)
io scheduler noop registered
io scheduler deadline registered
io scheduler cfq registered (default)
intel_idle: Please enable MWAIT in BIOS SETUP
input: Power Button as /devices/LNXSYSTM:00/LNXPWRBN:00/input/input0
ACPI: Power Button [PWRF]
input: Sleep Button as /devices/LNXSYSTM:00/LNXSLPBN:00/input/input1
ACPI: Sleep Button [SLPF]
ACPI: PCI Interrupt Link [LNKC] enabled at IRQ 11
virtio-pci 0000:00:03.0: virtio_pci: leaving for legacy driver
ACPI: PCI Interrupt Link [LNKD] enabled at IRQ 10
virtio-pci 0000:00:04.0: virtio_pci: leaving for legacy driver
00:03: ttyS0 at I/O 0x3f8 (irq = 4, base_baud = 115200) is a 16550A
00:04: ttyS1 at I/O 0x2f8 (irq = 3, base_baud = 115200) is a 16550A
00:05: ttyS2 at I/O 0x3e8 (irq = 6, base_baud = 115200) is a 16550A
00:06: ttyS3 at I/O 0x2e8 (irq = 7, base_baud = 115200) is a 16550A
Linux agpgart interface v0.103
loop: module loaded
scsi host0: Virtio SCSI HBA
libphy: Fixed MDIO Bus: probed
tun: Universal TUN/TAP device driver, 1.6
PPP generic driver version 2.4.2
ehci_hcd: USB 2.0 'Enhanced' Host Controller (EHCI) Driver
ehci-pci: EHCI PCI platform driver
ehci-platform: EHCI generic platform driver
scsi 0:0:1:0: Direct-Access     Google   PersistentDisk   1    PQ: 0 ANSI: 6
ohci_hcd: USB 1.1 'Open' Host Controller (OHCI) Driver
ohci-pci: OHCI PCI platform driver
ohci-platform: OHCI generic platform driver
uhci_hcd: USB Universal Host Controller Interface driver
i8042: PNP: PS/2 Controller [PNP0303:KBD,PNP0f13:MOU] at 0x60,0x64 irq 1,12
i8042: Warning: Keylock active
serio: i8042 KBD port at 0x60,0x64 irq 1
serio: i8042 AUX port at 0x60,0x64 irq 12
mousedev: PS/2 mouse device common for all mice
rtc_cmos 00:00: RTC can wake from S4
rtc_cmos 00:00: rtc core: registered rtc_cmos as rtc0
rtc_cmos 00:00: alarms up to one day, 114 bytes nvram
i2c /dev entries driver
device-mapper: uevent: version 1.0.3
device-mapper: ioctl: 4.37.0-ioctl (2017-09-20) initialised: dm-devel@redhat.com
ledtrig-cpu: registered to indicate activity on CPUs
Netfilter messages via NETLINK v0.30.
nf_conntrack version 0.5.0 (65536 buckets, 262144 max)
ctnetlink v0.93: registering with nfnetlink.
NET: Registered protocol family 10
Segment Routing with IPv6
NET: Registered protocol family 17
Key type dns_resolver registered
RAS: Correctable Errors collector initialized.
sched_clock: Marking stable (1100266314, 0)->(1866207539, -765941225)
registered taskstats version 1
Loading compiled-in X.509 certificates
Loaded X.509 cert 'Build time autogenerated kernel key: b7601344e2cea43d2d6036c81b0fae6029e0b0f2'
zswap: loaded using pool lzo/zbud
Key type big_key registered
Key type trusted registered
Key type encrypted registered
AppArmor: AppArmor sha1 policy hashing enabled
ima: No TPM chip found, activating TPM-bypass! (rc=-19)
ima: Allocated hash algorithm: sha1
evm: HMAC attrs: 0x1
  Magic number: 10:744:852
rtc_cmos 00:00: setting system clock to 2018-11-24 20:50:02 UTC (1543092602)
BIOS EDD facility v0.16 2004-Jun-25, 0 devices found
EDD information not available.
random: fast init done
sd 0:0:1:0: [sda] 104857600 512-byte logical blocks: (53.7 GB/50.0 GiB)
sd 0:0:1:0: Attached scsi generic sg0 type 0
sd 0:0:1:0: [sda] 4096-byte physical blocks
sd 0:0:1:0: [sda] Write Protect is off
sd 0:0:1:0: [sda] Mode Sense: 1f 00 00 08
sd 0:0:1:0: [sda] Write cache: enabled, read cache: enabled, doesn't support DPO or FUA
input: AT Translated Set 2 keyboard as /devices/platform/i8042/serio0/input/input2
 sda: sda1 sda14 sda15
sd 0:0:1:0: [sda] Attached SCSI disk
Freeing unused kernel memory: 2408K
Write protecting the kernel read-only data: 20480k
Freeing unused kernel memory: 2008K
Freeing unused kernel memory: 1956K
x86/mm: Checked W+X mappings: passed, no W+X pages found.
x86/mm: Checking user space page tables
x86/mm: Checked W+X mappings: passed, no W+X pages found.
random: systemd-udevd: uninitialized urandom read (16 bytes read)
random: udevadm: uninitialized urandom read (16 bytes read)
random: udevadm: uninitialized urandom read (16 bytes read)
tsc: Refined TSC clocksource calibration: 2299.784 MHz
clocksource: tsc: mask: 0xffffffffffffffff max_cycles: 0x2126693660a, max_idle_ns: 440795320783 ns
AVX2 version of gcm_enc/dec engaged.
AES CTR mode by8 optimization enabled
virtio_net virtio1 ens4: renamed from eth0
input: ImExPS/2 Generic Explorer Mouse as /devices/platform/i8042/serio1/input/input4
raid6: sse2x1   gen()  8876 MB/s
raid6: sse2x1   xor()  6494 MB/s
raid6: sse2x2   gen() 10779 MB/s
raid6: sse2x2   xor()  6981 MB/s
raid6: sse2x4   gen() 12505 MB/s
raid6: sse2x4   xor()  7877 MB/s
raid6: avx2x1   gen() 16709 MB/s
raid6: avx2x1   xor() 12409 MB/s
raid6: avx2x2   gen() 21462 MB/s
raid6: avx2x2   xor() 12689 MB/s
raid6: avx2x4   gen() 23795 MB/s
raid6: avx2x4   xor() 14436 MB/s
raid6: using algorithm avx2x4 gen() 23795 MB/s
raid6: .... xor() 14436 MB/s, rmw enabled
raid6: using avx2x2 recovery algorithm
xor: automatically using best checksumming function   avx       
async_tx: api initialized (async)
Btrfs loaded, crc32c=crc32c-intel
EXT4-fs (sda1): mounted filesystem with ordered data mode. Opts: (null)
ip_tables: (C) 2000-2006 Netfilter Core Team
systemd[1]: systemd 237 running in system mode. (+PAM +AUDIT +SELINUX +IMA +APPARMOR +SMACK +SYSVINIT +UTMP +LIBCRYPTSETUP +GCRYPT +GNUTLS +ACL +XZ +LZ4 +SECCOMP +BLKID +ELFUTILS +KMOD -IDN2 +IDN -PCRE2 default-hierarchy=hybrid)
systemd[1]: Detected virtualization kvm.
systemd[1]: Detected architecture x86-64.
systemd[1]: Set hostname to <instance-2>.
systemd[1]: Set up automount Arbitrary Executable File Formats File System Automount Point.
systemd[1]: Reached target System Time Synchronized.
systemd[1]: Reached target Swap.
systemd[1]: Started Forward Password Requests to Wall Directory Watch.
systemd[1]: Created slice System Slice.
systemd[1]: Listening on Device-mapper event daemon FIFOs.
Loading iSCSI transport class v2.0-870.
EXT4-fs (sda1): re-mounted. Opts: (null)
iscsi: registered transport (tcp)
iscsi: registered transport (iser)
systemd-journald[467]: Received request to flush runtime journal from PID 1
audit: type=1400 audit(1543092609.752:2): apparmor="STATUS" operation="profile_load" profile="unconfined" name="/usr/bin/man" pid=739 comm="apparmor_parser"
audit: type=1400 audit(1543092609.752:3): apparmor="STATUS" operation="profile_load" profile="unconfined" name="man_filter" pid=739 comm="apparmor_parser"
audit: type=1400 audit(1543092609.752:4): apparmor="STATUS" operation="profile_load" profile="unconfined" name="man_groff" pid=739 comm="apparmor_parser"
audit: type=1400 audit(1543092609.752:5): apparmor="STATUS" operation="profile_load" profile="unconfined" name="/usr/bin/lxc-start" pid=738 comm="apparmor_parser"
audit: type=1400 audit(1543092609.752:6): apparmor="STATUS" operation="profile_load" profile="unconfined" name="/usr/lib/snapd/snap-confine" pid=740 comm="apparmor_parser"
audit: type=1400 audit(1543092609.752:7): apparmor="STATUS" operation="profile_load" profile="unconfined" name="/usr/lib/snapd/snap-confine//mount-namespace-capture-helper" pid=740 comm="apparmor_parser"
audit: type=1400 audit(1543092609.756:8): apparmor="STATUS" operation="profile_load" profile="unconfined" name="/usr/sbin/tcpdump" pid=743 comm="apparmor_parser"
audit: type=1400 audit(1543092609.760:9): apparmor="STATUS" operation="profile_load" profile="unconfined" name="lxc-container-default" pid=736 comm="apparmor_parser"
audit: type=1400 audit(1543092609.760:10): apparmor="STATUS" operation="profile_load" profile="unconfined" name="lxc-container-default-cgns" pid=736 comm="apparmor_parser"
audit: type=1400 audit(1543092609.760:11): apparmor="STATUS" operation="profile_load" profile="unconfined" name="lxc-container-default-with-mounting" pid=736 comm="apparmor_parser"
ip6_tables: (C) 2000-2006 Netfilter Core Team
new mount options do not match the existing superblock, will be ignored
random: crng init done
random: 7 urandom warning(s) missed due to ratelimiting
