MemTotal:       30875568 kB
MemFree:        28142696 kB
MemAvailable:   30073180 kB
Buffers:           68412 kB
Cached:          2091812 kB
SwapCached:            0 kB
Active:          1711528 kB
Inactive:         565876 kB
Active(anon):     117900 kB
Inactive(anon):      156 kB
Active(file):    1593628 kB
Inactive(file):   565720 kB
Unevictable:           0 kB
Mlocked:               0 kB
SwapTotal:             0 kB
SwapFree:              0 kB
Dirty:                 4 kB
Writeback:             0 kB
AnonPages:        117212 kB
Mapped:            66796 kB
Shmem:               880 kB
Slab:             292388 kB
SReclaimable:     221644 kB
SUnreclaim:        70744 kB
KernelStack:        4768 kB
PageTables:         5760 kB
NFS_Unstable:          0 kB
Bounce:                0 kB
WritebackTmp:          0 kB
CommitLimit:    15437784 kB
Committed_AS:    1295232 kB
VmallocTotal:   34359738367 kB
VmallocUsed:           0 kB
VmallocChunk:          0 kB
HardwareCorrupted:     0 kB
AnonHugePages:     14336 kB
ShmemHugePages:        0 kB
ShmemPmdMapped:        0 kB
CmaTotal:              0 kB
CmaFree:               0 kB
HugePages_Total:       0
HugePages_Free:        0
HugePages_Rsvd:        0
HugePages_Surp:        0
Hugepagesize:       2048 kB
DirectMap4k:       94196 kB
DirectMap2M:     5148672 kB
DirectMap1G:    28311552 kB
