MemTotal:       30875568 kB
MemFree:        28029924 kB
MemAvailable:   29957612 kB
Buffers:          465480 kB
Cached:          1421196 kB
SwapCached:            0 kB
Active:          1728488 kB
Inactive:         360248 kB
Active(anon):     202712 kB
Inactive(anon):       68 kB
Active(file):    1525776 kB
Inactive(file):   360180 kB
Unevictable:           0 kB
Mlocked:               0 kB
SwapTotal:             0 kB
SwapFree:              0 kB
Dirty:              3424 kB
Writeback:             0 kB
AnonPages:        201704 kB
Mapped:            68064 kB
Shmem:               880 kB
Slab:             573408 kB
SReclaimable:     492240 kB
SUnreclaim:        81168 kB
KernelStack:        3264 kB
PageTables:         5660 kB
NFS_Unstable:          0 kB
Bounce:                0 kB
WritebackTmp:          0 kB
CommitLimit:    15437784 kB
Committed_AS:     601888 kB
VmallocTotal:   34359738367 kB
VmallocUsed:           0 kB
VmallocChunk:          0 kB
HardwareCorrupted:     0 kB
AnonHugePages:      6144 kB
ShmemHugePages:        0 kB
ShmemPmdMapped:        0 kB
CmaTotal:              0 kB
CmaFree:               0 kB
HugePages_Total:       0
HugePages_Free:        0
HugePages_Rsvd:        0
HugePages_Surp:        0
Hugepagesize:       2048 kB
DirectMap4k:      153588 kB
DirectMap2M:     6137856 kB
DirectMap1G:    27262976 kB
