MemTotal:       30875568 kB
MemFree:        28086308 kB
MemAvailable:   29957496 kB
Buffers:          462136 kB
Cached:          1369220 kB
SwapCached:            0 kB
Active:          1711812 kB
Inactive:         321084 kB
Active(anon):     202348 kB
Inactive(anon):       72 kB
Active(file):    1509464 kB
Inactive(file):   321012 kB
Unevictable:           0 kB
Mlocked:               0 kB
SwapTotal:             0 kB
SwapFree:              0 kB
Dirty:                 0 kB
Writeback:             0 kB
AnonPages:        201584 kB
Mapped:            68072 kB
Shmem:               880 kB
Slab:             570732 kB
SReclaimable:     491220 kB
SUnreclaim:        79512 kB
KernelStack:        3120 kB
PageTables:         5336 kB
NFS_Unstable:          0 kB
Bounce:                0 kB
WritebackTmp:          0 kB
CommitLimit:    15437784 kB
Committed_AS:     614488 kB
VmallocTotal:   34359738367 kB
VmallocUsed:           0 kB
VmallocChunk:          0 kB
HardwareCorrupted:     0 kB
AnonHugePages:      6144 kB
ShmemHugePages:        0 kB
ShmemPmdMapped:        0 kB
CmaTotal:              0 kB
CmaFree:               0 kB
HugePages_Total:       0
HugePages_Free:        0
HugePages_Rsvd:        0
HugePages_Surp:        0
Hugepagesize:       2048 kB
DirectMap4k:      153588 kB
DirectMap2M:     6137856 kB
DirectMap1G:    27262976 kB
