MemTotal:       30875568 kB
MemFree:        28358204 kB
MemAvailable:   30023080 kB
Buffers:          439504 kB
Cached:          1199996 kB
SwapCached:            0 kB
Active:          1492060 kB
Inactive:         281792 kB
Active(anon):     135164 kB
Inactive(anon):       72 kB
Active(file):    1356896 kB
Inactive(file):   281720 kB
Unevictable:           0 kB
Mlocked:               0 kB
SwapTotal:             0 kB
SwapFree:              0 kB
Dirty:                 0 kB
Writeback:             0 kB
AnonPages:        134392 kB
Mapped:            67256 kB
Shmem:               880 kB
Slab:             551176 kB
SReclaimable:     476768 kB
SUnreclaim:        74408 kB
KernelStack:        3104 kB
PageTables:         5436 kB
NFS_Unstable:          0 kB
Bounce:                0 kB
WritebackTmp:          0 kB
CommitLimit:    15437784 kB
Committed_AS:     473840 kB
VmallocTotal:   34359738367 kB
VmallocUsed:           0 kB
VmallocChunk:          0 kB
HardwareCorrupted:     0 kB
AnonHugePages:      6144 kB
ShmemHugePages:        0 kB
ShmemPmdMapped:        0 kB
CmaTotal:              0 kB
CmaFree:               0 kB
HugePages_Total:       0
HugePages_Free:        0
HugePages_Rsvd:        0
HugePages_Surp:        0
Hugepagesize:       2048 kB
DirectMap4k:      153588 kB
DirectMap2M:     6137856 kB
DirectMap1G:    27262976 kB
