MemTotal:       30875568 kB
MemFree:        15264600 kB
MemAvailable:   29699828 kB
Buffers:          230688 kB
Cached:         14096604 kB
SwapCached:            0 kB
Active:          1695064 kB
Inactive:       12980836 kB
Active(anon):     358792 kB
Inactive(anon):    16936 kB
Active(file):    1336272 kB
Inactive(file): 12963900 kB
Unevictable:           0 kB
Mlocked:               0 kB
SwapTotal:             0 kB
SwapFree:              0 kB
Dirty:                24 kB
Writeback:             0 kB
AnonPages:        348736 kB
Mapped:           266124 kB
Shmem:             26688 kB
Slab:             747028 kB
SReclaimable:     585576 kB
SUnreclaim:       161452 kB
KernelStack:        6344 kB
PageTables:        10224 kB
NFS_Unstable:          0 kB
Bounce:                0 kB
WritebackTmp:          0 kB
CommitLimit:    15437784 kB
Committed_AS:    2129088 kB
VmallocTotal:   34359738367 kB
VmallocUsed:           0 kB
VmallocChunk:          0 kB
HardwareCorrupted:     0 kB
AnonHugePages:     16384 kB
ShmemHugePages:        0 kB
ShmemPmdMapped:        0 kB
CmaTotal:              0 kB
CmaFree:               0 kB
HugePages_Total:       0
HugePages_Free:        0
HugePages_Rsvd:        0
HugePages_Surp:        0
Hugepagesize:       2048 kB
DirectMap4k:      399348 kB
DirectMap2M:     6940672 kB
DirectMap1G:    26214400 kB
