MemTotal:       30875568 kB
MemFree:        29311960 kB
MemAvailable:   30026668 kB
Buffers:          432740 kB
Cached:           256348 kB
SwapCached:            0 kB
Active:           632644 kB
Inactive:         190500 kB
Active(anon):     134864 kB
Inactive(anon):       72 kB
Active(file):     497780 kB
Inactive(file):   190428 kB
Unevictable:           0 kB
Mlocked:               0 kB
SwapTotal:             0 kB
SwapFree:              0 kB
Dirty:               144 kB
Writeback:            28 kB
AnonPages:        134056 kB
Mapped:            66828 kB
Shmem:               880 kB
Slab:             545816 kB
SReclaimable:     477008 kB
SUnreclaim:        68808 kB
KernelStack:        2992 kB
PageTables:         5188 kB
NFS_Unstable:          0 kB
Bounce:                0 kB
WritebackTmp:          0 kB
CommitLimit:    15437784 kB
Committed_AS:     484088 kB
VmallocTotal:   34359738367 kB
VmallocUsed:           0 kB
VmallocChunk:          0 kB
HardwareCorrupted:     0 kB
AnonHugePages:      6144 kB
ShmemHugePages:        0 kB
ShmemPmdMapped:        0 kB
CmaTotal:              0 kB
CmaFree:               0 kB
HugePages_Total:       0
HugePages_Free:        0
HugePages_Rsvd:        0
HugePages_Surp:        0
Hugepagesize:       2048 kB
DirectMap4k:      153588 kB
DirectMap2M:     6137856 kB
DirectMap1G:    27262976 kB
