MemTotal:       30875568 kB
MemFree:        15524196 kB
MemAvailable:   29796668 kB
Buffers:          204856 kB
Cached:         13995732 kB
SwapCached:            0 kB
Active:          1514568 kB
Inactive:       12959944 kB
Active(anon):     283028 kB
Inactive(anon):    15156 kB
Active(file):    1231540 kB
Inactive(file): 12944788 kB
Unevictable:           0 kB
Mlocked:               0 kB
SwapTotal:             0 kB
SwapFree:              0 kB
Dirty:               124 kB
Writeback:             0 kB
AnonPages:        273712 kB
Mapped:           302112 kB
Shmem:             23972 kB
Slab:             696516 kB
SReclaimable:     546664 kB
SUnreclaim:       149852 kB
KernelStack:        5868 kB
PageTables:         9468 kB
NFS_Unstable:          0 kB
Bounce:                0 kB
WritebackTmp:          0 kB
CommitLimit:    15437784 kB
Committed_AS:    1908456 kB
VmallocTotal:   34359738367 kB
VmallocUsed:           0 kB
VmallocChunk:          0 kB
HardwareCorrupted:     0 kB
AnonHugePages:     45056 kB
ShmemHugePages:        0 kB
ShmemPmdMapped:        0 kB
CmaTotal:              0 kB
CmaFree:               0 kB
HugePages_Total:       0
HugePages_Free:        0
HugePages_Rsvd:        0
HugePages_Surp:        0
Hugepagesize:       2048 kB
DirectMap4k:      348148 kB
DirectMap2M:     6991872 kB
DirectMap1G:    26214400 kB
