MemTotal:       28754832 kB
MemFree:        27412636 kB
MemAvailable:   28221476 kB
Buffers:          288096 kB
Cached:           722964 kB
SwapCached:            0 kB
Active:           934004 kB
Inactive:         109072 kB
Active(anon):      34804 kB
Inactive(anon):     8372 kB
Active(file):     899200 kB
Inactive(file):   100700 kB
Unevictable:        3652 kB
Mlocked:            3652 kB
SwapTotal:             0 kB
SwapFree:              0 kB
Dirty:                 4 kB
Writeback:             0 kB
AnonPages:         39792 kB
Mapped:            47092 kB
Shmem:              8736 kB
Slab:             215424 kB
SReclaimable:     195456 kB
SUnreclaim:        19968 kB
KernelStack:        2736 kB
PageTables:         2720 kB
NFS_Unstable:          0 kB
Bounce:                0 kB
WritebackTmp:          0 kB
CommitLimit:    14377416 kB
Committed_AS:     288912 kB
VmallocTotal:   34359738367 kB
VmallocUsed:           0 kB
VmallocChunk:          0 kB
HardwareCorrupted:     0 kB
AnonHugePages:      6144 kB
CmaTotal:              0 kB
CmaFree:               0 kB
HugePages_Total:       0
HugePages_Free:        0
HugePages_Rsvd:        0
HugePages_Surp:        0
Hugepagesize:       2048 kB
DirectMap4k:       64496 kB
DirectMap2M:    29233152 kB
