MemTotal:       30875568 kB
MemFree:        27981600 kB
MemAvailable:   29958096 kB
Buffers:          427280 kB
Cached:          1673896 kB
SwapCached:            0 kB
Active:          1750152 kB
Inactive:         529852 kB
Active(anon):     190572 kB
Inactive(anon):     9916 kB
Active(file):    1559580 kB
Inactive(file):   519936 kB
Unevictable:           0 kB
Mlocked:               0 kB
SwapTotal:             0 kB
SwapFree:              0 kB
Dirty:                40 kB
Writeback:             0 kB
AnonPages:        178312 kB
Mapped:           235164 kB
Shmem:             21664 kB
Slab:             446828 kB
SReclaimable:     347500 kB
SUnreclaim:        99328 kB
KernelStack:        4448 kB
PageTables:         6172 kB
NFS_Unstable:          0 kB
Bounce:                0 kB
WritebackTmp:          0 kB
CommitLimit:    15437784 kB
Committed_AS:    1479796 kB
VmallocTotal:   34359738367 kB
VmallocUsed:           0 kB
VmallocChunk:          0 kB
HardwareCorrupted:     0 kB
AnonHugePages:      8192 kB
ShmemHugePages:        0 kB
ShmemPmdMapped:        0 kB
CmaTotal:              0 kB
CmaFree:               0 kB
HugePages_Total:       0
HugePages_Free:        0
HugePages_Rsvd:        0
HugePages_Surp:        0
Hugepagesize:       2048 kB
DirectMap4k:      215028 kB
DirectMap2M:    18659328 kB
DirectMap1G:    14680064 kB
