MemTotal:       30875568 kB
MemFree:        15343024 kB
MemAvailable:   29742680 kB
Buffers:          221844 kB
Cached:         14080796 kB
SwapCached:            0 kB
Active:          1650780 kB
Inactive:       12970092 kB
Active(anon):     328040 kB
Inactive(anon):    19724 kB
Active(file):    1322740 kB
Inactive(file): 12950368 kB
Unevictable:           0 kB
Mlocked:               0 kB
SwapTotal:             0 kB
SwapFree:              0 kB
Dirty:              1768 kB
Writeback:             0 kB
AnonPages:        318660 kB
Mapped:           254368 kB
Shmem:             29392 kB
Slab:             732212 kB
SReclaimable:     577068 kB
SUnreclaim:       155144 kB
KernelStack:        6368 kB
PageTables:        10968 kB
NFS_Unstable:          0 kB
Bounce:                0 kB
WritebackTmp:          0 kB
CommitLimit:    15437784 kB
Committed_AS:    2246904 kB
VmallocTotal:   34359738367 kB
VmallocUsed:           0 kB
VmallocChunk:          0 kB
HardwareCorrupted:     0 kB
AnonHugePages:     57344 kB
ShmemHugePages:        0 kB
ShmemPmdMapped:        0 kB
CmaTotal:              0 kB
CmaFree:               0 kB
HugePages_Total:       0
HugePages_Free:        0
HugePages_Rsvd:        0
HugePages_Surp:        0
Hugepagesize:       2048 kB
DirectMap4k:      380916 kB
DirectMap2M:     6959104 kB
DirectMap1G:    26214400 kB
