MemTotal:       30875568 kB
MemFree:        28041764 kB
MemAvailable:   29957176 kB
Buffers:          465112 kB
Cached:          1409528 kB
SwapCached:            0 kB
Active:          1720828 kB
Inactive:         355376 kB
Active(anon):     202376 kB
Inactive(anon):       72 kB
Active(file):    1518452 kB
Inactive(file):   355304 kB
Unevictable:           0 kB
Mlocked:               0 kB
SwapTotal:             0 kB
SwapFree:              0 kB
Dirty:                16 kB
Writeback:             0 kB
AnonPages:        201516 kB
Mapped:            68132 kB
Shmem:               880 kB
Slab:             573288 kB
SReclaimable:     492164 kB
SUnreclaim:        81124 kB
KernelStack:        3280 kB
PageTables:         5664 kB
NFS_Unstable:          0 kB
Bounce:                0 kB
WritebackTmp:          0 kB
CommitLimit:    15437784 kB
Committed_AS:     601964 kB
VmallocTotal:   34359738367 kB
VmallocUsed:           0 kB
VmallocChunk:          0 kB
HardwareCorrupted:     0 kB
AnonHugePages:      8192 kB
ShmemHugePages:        0 kB
ShmemPmdMapped:        0 kB
CmaTotal:              0 kB
CmaFree:               0 kB
HugePages_Total:       0
HugePages_Free:        0
HugePages_Rsvd:        0
HugePages_Surp:        0
Hugepagesize:       2048 kB
DirectMap4k:      153588 kB
DirectMap2M:     6137856 kB
DirectMap1G:    27262976 kB
