MemTotal:       16401808 kB
MemFree:        14118192 kB
MemAvailable:   15038476 kB
Buffers:           96040 kB
Cached:          1010760 kB
SwapCached:            0 kB
Active:          1219260 kB
Inactive:         465764 kB
Active(anon):     579544 kB
Inactive(anon):     7552 kB
Active(file):     639716 kB
Inactive(file):   458212 kB
Unevictable:          32 kB
Mlocked:              32 kB
SwapTotal:       2097148 kB
SwapFree:        2097148 kB
Dirty:                28 kB
Writeback:             0 kB
AnonPages:        578428 kB
Mapped:           241504 kB
Shmem:              8876 kB
Slab:             277536 kB
SReclaimable:     150832 kB
SUnreclaim:       126704 kB
KernelStack:       12864 kB
PageTables:        19288 kB
NFS_Unstable:          0 kB
Bounce:                0 kB
WritebackTmp:          0 kB
CommitLimit:    10298052 kB
Committed_AS:    4646900 kB
VmallocTotal:   34359738367 kB
VmallocUsed:           0 kB
VmallocChunk:          0 kB
HardwareCorrupted:     0 kB
AnonHugePages:     24576 kB
ShmemHugePages:        0 kB
ShmemPmdMapped:        0 kB
CmaTotal:              0 kB
CmaFree:               0 kB
HugePages_Total:       0
HugePages_Free:        0
HugePages_Rsvd:        0
HugePages_Surp:        0
Hugepagesize:       2048 kB
Hugetlb:               0 kB
DirectMap4k:      259904 kB
DirectMap2M:     4982784 kB
DirectMap1G:    13631488 kB
