MemTotal:       30875568 kB
MemFree:        27734836 kB
MemAvailable:   29970740 kB
Buffers:          105544 kB
Cached:          2354356 kB
SwapCached:            0 kB
Active:          2153232 kB
Inactive:         525248 kB
Active(anon):     219236 kB
Inactive(anon):      152 kB
Active(file):    1933996 kB
Inactive(file):   525096 kB
Unevictable:           0 kB
Mlocked:               0 kB
SwapTotal:             0 kB
SwapFree:              0 kB
Dirty:             15184 kB
Writeback:             0 kB
AnonPages:        218672 kB
Mapped:            74988 kB
Shmem:               880 kB
Slab:             308028 kB
SReclaimable:     227320 kB
SUnreclaim:        80708 kB
KernelStack:        5264 kB
PageTables:         6940 kB
NFS_Unstable:          0 kB
Bounce:                0 kB
WritebackTmp:          0 kB
CommitLimit:    15437784 kB
Committed_AS:    1486884 kB
VmallocTotal:   34359738367 kB
VmallocUsed:           0 kB
VmallocChunk:          0 kB
HardwareCorrupted:     0 kB
AnonHugePages:     20480 kB
ShmemHugePages:        0 kB
ShmemPmdMapped:        0 kB
CmaTotal:              0 kB
CmaFree:               0 kB
HugePages_Total:       0
HugePages_Free:        0
HugePages_Rsvd:        0
HugePages_Surp:        0
Hugepagesize:       2048 kB
DirectMap4k:      102388 kB
DirectMap2M:     7237632 kB
DirectMap1G:    26214400 kB
