MemTotal:       30875568 kB
MemFree:        27728760 kB
MemAvailable:   29966072 kB
Buffers:          106936 kB
Cached:          2354376 kB
SwapCached:            0 kB
Active:          2155444 kB
Inactive:         525212 kB
Active(anon):     220064 kB
Inactive(anon):      156 kB
Active(file):    1935380 kB
Inactive(file):   525056 kB
Unevictable:           0 kB
Mlocked:               0 kB
SwapTotal:             0 kB
SwapFree:              0 kB
Dirty:                64 kB
Writeback:             0 kB
AnonPages:        219288 kB
Mapped:            74872 kB
Shmem:               880 kB
Slab:             309668 kB
SReclaimable:     227384 kB
SUnreclaim:        82284 kB
KernelStack:        5136 kB
PageTables:         7148 kB
NFS_Unstable:          0 kB
Bounce:                0 kB
WritebackTmp:          0 kB
CommitLimit:    15437784 kB
Committed_AS:    1524284 kB
VmallocTotal:   34359738367 kB
VmallocUsed:           0 kB
VmallocChunk:          0 kB
HardwareCorrupted:     0 kB
AnonHugePages:     20480 kB
ShmemHugePages:        0 kB
ShmemPmdMapped:        0 kB
CmaTotal:              0 kB
CmaFree:               0 kB
HugePages_Total:       0
HugePages_Free:        0
HugePages_Rsvd:        0
HugePages_Surp:        0
Hugepagesize:       2048 kB
DirectMap4k:      102388 kB
DirectMap2M:     7237632 kB
DirectMap1G:    26214400 kB
