MemTotal:       30875568 kB
MemFree:        27587340 kB
MemAvailable:   30071896 kB
Buffers:           69172 kB
Cached:          2643564 kB
SwapCached:            0 kB
Active:          2262688 kB
Inactive:         567512 kB
Active(anon):     118192 kB
Inactive(anon):      156 kB
Active(file):    2144496 kB
Inactive(file):   567356 kB
Unevictable:           0 kB
Mlocked:               0 kB
SwapTotal:             0 kB
SwapFree:              0 kB
Dirty:                20 kB
Writeback:             0 kB
AnonPages:        117280 kB
Mapped:            67204 kB
Shmem:               880 kB
Slab:             294544 kB
SReclaimable:     223212 kB
SUnreclaim:        71332 kB
KernelStack:        4864 kB
PageTables:         6100 kB
NFS_Unstable:          0 kB
Bounce:                0 kB
WritebackTmp:          0 kB
CommitLimit:    15437784 kB
Committed_AS:    1301764 kB
VmallocTotal:   34359738367 kB
VmallocUsed:           0 kB
VmallocChunk:          0 kB
HardwareCorrupted:     0 kB
AnonHugePages:     14336 kB
ShmemHugePages:        0 kB
ShmemPmdMapped:        0 kB
CmaTotal:              0 kB
CmaFree:               0 kB
HugePages_Total:       0
HugePages_Free:        0
HugePages_Rsvd:        0
HugePages_Surp:        0
Hugepagesize:       2048 kB
DirectMap4k:       94196 kB
DirectMap2M:     5148672 kB
DirectMap1G:    28311552 kB
