MemTotal:       30875568 kB
MemFree:        28395240 kB
MemAvailable:   29964992 kB
Buffers:          376256 kB
Cached:          1402828 kB
SwapCached:            0 kB
Active:          1539988 kB
Inactive:         411264 kB
Active(anon):     183352 kB
Inactive(anon):     9900 kB
Active(file):    1356636 kB
Inactive(file):   401364 kB
Unevictable:           0 kB
Mlocked:               0 kB
SwapTotal:             0 kB
SwapFree:              0 kB
Dirty:                 0 kB
Writeback:             0 kB
AnonPages:        172064 kB
Mapped:           199928 kB
Shmem:             21084 kB
Slab:             350324 kB
SReclaimable:     262272 kB
SUnreclaim:        88052 kB
KernelStack:        4368 kB
PageTables:         6728 kB
NFS_Unstable:          0 kB
Bounce:                0 kB
WritebackTmp:          0 kB
CommitLimit:    15437784 kB
Committed_AS:    1429592 kB
VmallocTotal:   34359738367 kB
VmallocUsed:           0 kB
VmallocChunk:          0 kB
HardwareCorrupted:     0 kB
AnonHugePages:      8192 kB
ShmemHugePages:        0 kB
ShmemPmdMapped:        0 kB
CmaTotal:              0 kB
CmaFree:               0 kB
HugePages_Total:       0
HugePages_Free:        0
HugePages_Rsvd:        0
HugePages_Surp:        0
Hugepagesize:       2048 kB
DirectMap4k:      180212 kB
DirectMap2M:     9256960 kB
DirectMap1G:    24117248 kB
