MemTotal:       16401808 kB
MemFree:        14119440 kB
MemAvailable:   15038440 kB
Buffers:           95480 kB
Cached:          1010168 kB
SwapCached:            0 kB
Active:          1217944 kB
Inactive:         465608 kB
Active(anon):     579224 kB
Inactive(anon):     7552 kB
Active(file):     638720 kB
Inactive(file):   458056 kB
Unevictable:          32 kB
Mlocked:              32 kB
SwapTotal:       2097148 kB
SwapFree:        2097148 kB
Dirty:                52 kB
Writeback:             0 kB
AnonPages:        577988 kB
Mapped:           241392 kB
Shmem:              8876 kB
Slab:             277568 kB
SReclaimable:     150584 kB
SUnreclaim:       126984 kB
KernelStack:       12896 kB
PageTables:        19036 kB
NFS_Unstable:          0 kB
Bounce:                0 kB
WritebackTmp:          0 kB
CommitLimit:    10298052 kB
Committed_AS:    4675700 kB
VmallocTotal:   34359738367 kB
VmallocUsed:           0 kB
VmallocChunk:          0 kB
HardwareCorrupted:     0 kB
AnonHugePages:     24576 kB
ShmemHugePages:        0 kB
ShmemPmdMapped:        0 kB
CmaTotal:              0 kB
CmaFree:               0 kB
HugePages_Total:       0
HugePages_Free:        0
HugePages_Rsvd:        0
HugePages_Surp:        0
Hugepagesize:       2048 kB
Hugetlb:               0 kB
DirectMap4k:      255808 kB
DirectMap2M:     4986880 kB
DirectMap1G:    13631488 kB
