MemTotal:       30875568 kB
MemFree:        15646144 kB
MemAvailable:   29887520 kB
Buffers:          201564 kB
Cached:         13973312 kB
SwapCached:            0 kB
Active:          1440080 kB
Inactive:       12941296 kB
Active(anon):     213408 kB
Inactive(anon):     5468 kB
Active(file):    1226672 kB
Inactive(file): 12935828 kB
Unevictable:           0 kB
Mlocked:               0 kB
SwapTotal:             0 kB
SwapFree:              0 kB
Dirty:               192 kB
Writeback:             0 kB
AnonPages:        206708 kB
Mapped:           283400 kB
Shmem:             12236 kB
Slab:             670000 kB
SReclaimable:     529396 kB
SUnreclaim:       140604 kB
KernelStack:        5536 kB
PageTables:         8652 kB
NFS_Unstable:          0 kB
Bounce:                0 kB
WritebackTmp:          0 kB
CommitLimit:    15437784 kB
Committed_AS:    1535464 kB
VmallocTotal:   34359738367 kB
VmallocUsed:           0 kB
VmallocChunk:          0 kB
HardwareCorrupted:     0 kB
AnonHugePages:      4096 kB
ShmemHugePages:        0 kB
ShmemPmdMapped:        0 kB
CmaTotal:              0 kB
CmaFree:               0 kB
HugePages_Total:       0
HugePages_Free:        0
HugePages_Rsvd:        0
HugePages_Surp:        0
Hugepagesize:       2048 kB
DirectMap4k:      339956 kB
DirectMap2M:     7000064 kB
DirectMap1G:    26214400 kB
