MemTotal:       30875568 kB
MemFree:        15605504 kB
MemAvailable:   29880660 kB
Buffers:          205136 kB
Cached:         13988020 kB
SwapCached:            0 kB
Active:          1445568 kB
Inactive:       12949328 kB
Active(anon):     210512 kB
Inactive(anon):     5452 kB
Active(file):    1235056 kB
Inactive(file): 12943876 kB
Unevictable:           0 kB
Mlocked:               0 kB
SwapTotal:             0 kB
SwapFree:              0 kB
Dirty:              1876 kB
Writeback:             0 kB
AnonPages:        201812 kB
Mapped:           268608 kB
Shmem:             14080 kB
Slab:             697936 kB
SReclaimable:     546744 kB
SUnreclaim:       151192 kB
KernelStack:        5280 kB
PageTables:         8272 kB
NFS_Unstable:          0 kB
Bounce:                0 kB
WritebackTmp:          0 kB
CommitLimit:    15437784 kB
Committed_AS:    1392400 kB
VmallocTotal:   34359738367 kB
VmallocUsed:           0 kB
VmallocChunk:          0 kB
HardwareCorrupted:     0 kB
AnonHugePages:     20480 kB
ShmemHugePages:        0 kB
ShmemPmdMapped:        0 kB
CmaTotal:              0 kB
CmaFree:               0 kB
HugePages_Total:       0
HugePages_Free:        0
HugePages_Rsvd:        0
HugePages_Surp:        0
Hugepagesize:       2048 kB
DirectMap4k:      348148 kB
DirectMap2M:     6991872 kB
DirectMap1G:    26214400 kB
