MemTotal:       30875568 kB
MemFree:        15474668 kB
MemAvailable:   29852812 kB
Buffers:          216788 kB
Cached:         14054248 kB
SwapCached:            0 kB
Active:          1550112 kB
Inactive:       12942480 kB
Active(anon):     230748 kB
Inactive(anon):     5500 kB
Active(file):    1319364 kB
Inactive(file): 12936980 kB
Unevictable:           0 kB
Mlocked:               0 kB
SwapTotal:             0 kB
SwapFree:              0 kB
Dirty:               108 kB
Writeback:             0 kB
AnonPages:        221700 kB
Mapped:           230772 kB
Shmem:             14548 kB
Slab:             728900 kB
SReclaimable:     572320 kB
SUnreclaim:       156580 kB
KernelStack:        5760 kB
PageTables:         9288 kB
NFS_Unstable:          0 kB
Bounce:                0 kB
WritebackTmp:          0 kB
CommitLimit:    15437784 kB
Committed_AS:    1627600 kB
VmallocTotal:   34359738367 kB
VmallocUsed:           0 kB
VmallocChunk:          0 kB
HardwareCorrupted:     0 kB
AnonHugePages:      4096 kB
ShmemHugePages:        0 kB
ShmemPmdMapped:        0 kB
CmaTotal:              0 kB
CmaFree:               0 kB
HugePages_Total:       0
HugePages_Free:        0
HugePages_Rsvd:        0
HugePages_Surp:        0
Hugepagesize:       2048 kB
DirectMap4k:      366580 kB
DirectMap2M:     6973440 kB
DirectMap1G:    26214400 kB
