MemTotal:       30875568 kB
MemFree:        15413360 kB
MemAvailable:   29769876 kB
Buffers:          213424 kB
Cached:         14048048 kB
SwapCached:            0 kB
Active:          1606184 kB
Inactive:       12955664 kB
Active(anon):     309576 kB
Inactive(anon):    15072 kB
Active(file):    1296608 kB
Inactive(file): 12940592 kB
Unevictable:           0 kB
Mlocked:               0 kB
SwapTotal:             0 kB
SwapFree:              0 kB
Dirty:              2100 kB
Writeback:             0 kB
AnonPages:        300744 kB
Mapped:           234268 kB
Shmem:             24132 kB
Slab:             722624 kB
SReclaimable:     569836 kB
SUnreclaim:       152788 kB
KernelStack:        6176 kB
PageTables:        10324 kB
NFS_Unstable:          0 kB
Bounce:                0 kB
WritebackTmp:          0 kB
CommitLimit:    15437784 kB
Committed_AS:    2051556 kB
VmallocTotal:   34359738367 kB
VmallocUsed:           0 kB
VmallocChunk:          0 kB
HardwareCorrupted:     0 kB
AnonHugePages:     40960 kB
ShmemHugePages:        0 kB
ShmemPmdMapped:        0 kB
CmaTotal:              0 kB
CmaFree:               0 kB
HugePages_Total:       0
HugePages_Free:        0
HugePages_Rsvd:        0
HugePages_Surp:        0
Hugepagesize:       2048 kB
DirectMap4k:      356340 kB
DirectMap2M:     6983680 kB
DirectMap1G:    26214400 kB
