MemTotal:       30875568 kB
MemFree:        15424416 kB
MemAvailable:   29846548 kB
Buffers:          226244 kB
Cached:         14080996 kB
SwapCached:            0 kB
Active:          1575044 kB
Inactive:       12963172 kB
Active(anon):     240668 kB
Inactive(anon):     5480 kB
Active(file):    1334376 kB
Inactive(file): 12957692 kB
Unevictable:           0 kB
Mlocked:               0 kB
SwapTotal:             0 kB
SwapFree:              0 kB
Dirty:                56 kB
Writeback:             0 kB
AnonPages:        231152 kB
Mapped:           248576 kB
Shmem:             15032 kB
Slab:             735112 kB
SReclaimable:     580584 kB
SUnreclaim:       154528 kB
KernelStack:        5920 kB
PageTables:         9708 kB
NFS_Unstable:          0 kB
Bounce:                0 kB
WritebackTmp:          0 kB
CommitLimit:    15437784 kB
Committed_AS:    1643024 kB
VmallocTotal:   34359738367 kB
VmallocUsed:           0 kB
VmallocChunk:          0 kB
HardwareCorrupted:     0 kB
AnonHugePages:      4096 kB
ShmemHugePages:        0 kB
ShmemPmdMapped:        0 kB
CmaTotal:              0 kB
CmaFree:               0 kB
HugePages_Total:       0
HugePages_Free:        0
HugePages_Rsvd:        0
HugePages_Surp:        0
Hugepagesize:       2048 kB
DirectMap4k:      395252 kB
DirectMap2M:     6944768 kB
DirectMap1G:    26214400 kB
