MemTotal:       30875568 kB
MemFree:        15446528 kB
MemAvailable:   29852056 kB
Buffers:          222088 kB
Cached:         14071668 kB
SwapCached:            0 kB
Active:          1564344 kB
Inactive:       12955400 kB
Active(anon):     235608 kB
Inactive(anon):     5480 kB
Active(file):    1328736 kB
Inactive(file): 12949920 kB
Unevictable:           0 kB
Mlocked:               0 kB
SwapTotal:             0 kB
SwapFree:              0 kB
Dirty:              5184 kB
Writeback:             0 kB
AnonPages:        226204 kB
Mapped:           239940 kB
Shmem:             14960 kB
Slab:             732040 kB
SReclaimable:     577392 kB
SUnreclaim:       154648 kB
KernelStack:        6104 kB
PageTables:        10156 kB
NFS_Unstable:          0 kB
Bounce:                0 kB
WritebackTmp:          0 kB
CommitLimit:    15437784 kB
Committed_AS:    1587200 kB
VmallocTotal:   34359738367 kB
VmallocUsed:           0 kB
VmallocChunk:          0 kB
HardwareCorrupted:     0 kB
AnonHugePages:      4096 kB
ShmemHugePages:        0 kB
ShmemPmdMapped:        0 kB
CmaTotal:              0 kB
CmaFree:               0 kB
HugePages_Total:       0
HugePages_Free:        0
HugePages_Rsvd:        0
HugePages_Surp:        0
Hugepagesize:       2048 kB
DirectMap4k:      380916 kB
DirectMap2M:     6959104 kB
DirectMap1G:    26214400 kB
