MemTotal:       30875568 kB
MemFree:        15644464 kB
MemAvailable:   29887068 kB
Buffers:          201632 kB
Cached:         13974492 kB
SwapCached:            0 kB
Active:          1440136 kB
Inactive:       12942468 kB
Active(anon):     213392 kB
Inactive(anon):     5468 kB
Active(file):    1226744 kB
Inactive(file): 12937000 kB
Unevictable:           0 kB
Mlocked:               0 kB
SwapTotal:             0 kB
SwapFree:              0 kB
Dirty:                 4 kB
Writeback:             0 kB
AnonPages:        206360 kB
Mapped:           284564 kB
Shmem:             12236 kB
Slab:             670420 kB
SReclaimable:     529380 kB
SUnreclaim:       141040 kB
KernelStack:        5536 kB
PageTables:         8560 kB
NFS_Unstable:          0 kB
Bounce:                0 kB
WritebackTmp:          0 kB
CommitLimit:    15437784 kB
Committed_AS:    1518916 kB
VmallocTotal:   34359738367 kB
VmallocUsed:           0 kB
VmallocChunk:          0 kB
HardwareCorrupted:     0 kB
AnonHugePages:     20480 kB
ShmemHugePages:        0 kB
ShmemPmdMapped:        0 kB
CmaTotal:              0 kB
CmaFree:               0 kB
HugePages_Total:       0
HugePages_Free:        0
HugePages_Rsvd:        0
HugePages_Surp:        0
Hugepagesize:       2048 kB
DirectMap4k:      339956 kB
DirectMap2M:     7000064 kB
DirectMap1G:    26214400 kB
