MemTotal:       30875568 kB
MemFree:        27501728 kB
MemAvailable:   30004436 kB
Buffers:           72436 kB
Cached:          2657800 kB
SwapCached:            0 kB
Active:          2342260 kB
Inactive:         573700 kB
Active(anon):     186736 kB
Inactive(anon):      156 kB
Active(file):    2155524 kB
Inactive(file):   573544 kB
Unevictable:           0 kB
Mlocked:               0 kB
SwapTotal:             0 kB
SwapFree:              0 kB
Dirty:               260 kB
Writeback:             0 kB
AnonPages:        185232 kB
Mapped:            68140 kB
Shmem:               880 kB
Slab:             297128 kB
SReclaimable:     224148 kB
SUnreclaim:        72980 kB
KernelStack:        5104 kB
PageTables:         6480 kB
NFS_Unstable:          0 kB
Bounce:                0 kB
WritebackTmp:          0 kB
CommitLimit:    15437784 kB
Committed_AS:    1458184 kB
VmallocTotal:   34359738367 kB
VmallocUsed:           0 kB
VmallocChunk:          0 kB
HardwareCorrupted:     0 kB
AnonHugePages:     16384 kB
ShmemHugePages:        0 kB
ShmemPmdMapped:        0 kB
CmaTotal:              0 kB
CmaFree:               0 kB
HugePages_Total:       0
HugePages_Free:        0
HugePages_Rsvd:        0
HugePages_Surp:        0
Hugepagesize:       2048 kB
DirectMap4k:       94196 kB
DirectMap2M:     5148672 kB
DirectMap1G:    28311552 kB
