MemTotal:       30875568 kB
MemFree:        15365320 kB
MemAvailable:   29714848 kB
Buffers:          213172 kB
Cached:         14046228 kB
SwapCached:            0 kB
Active:          1651400 kB
Inactive:       12957640 kB
Active(anon):     358892 kB
Inactive(anon):    19864 kB
Active(file):    1292508 kB
Inactive(file): 12937776 kB
Unevictable:           0 kB
Mlocked:               0 kB
SwapTotal:             0 kB
SwapFree:              0 kB
Dirty:               116 kB
Writeback:             0 kB
AnonPages:        349580 kB
Mapped:           234820 kB
Shmem:             28976 kB
Slab:             722540 kB
SReclaimable:     569764 kB
SUnreclaim:       152776 kB
KernelStack:        6272 kB
PageTables:        10412 kB
NFS_Unstable:          0 kB
Bounce:                0 kB
WritebackTmp:          0 kB
CommitLimit:    15437784 kB
Committed_AS:    2239448 kB
VmallocTotal:   34359738367 kB
VmallocUsed:           0 kB
VmallocChunk:          0 kB
HardwareCorrupted:     0 kB
AnonHugePages:     16384 kB
ShmemHugePages:        0 kB
ShmemPmdMapped:        0 kB
CmaTotal:              0 kB
CmaFree:               0 kB
HugePages_Total:       0
HugePages_Free:        0
HugePages_Rsvd:        0
HugePages_Surp:        0
Hugepagesize:       2048 kB
DirectMap4k:      356340 kB
DirectMap2M:     6983680 kB
DirectMap1G:    26214400 kB
