MemTotal:       30875568 kB
MemFree:        15551332 kB
MemAvailable:   29825604 kB
Buffers:          205020 kB
Cached:         13991908 kB
SwapCached:            0 kB
Active:          1494584 kB
Inactive:       12953816 kB
Active(anon):     260308 kB
Inactive(anon):    10244 kB
Active(file):    1234276 kB
Inactive(file): 12943572 kB
Unevictable:           0 kB
Mlocked:               0 kB
SwapTotal:             0 kB
SwapFree:              0 kB
Dirty:              1608 kB
Writeback:             0 kB
AnonPages:        251400 kB
Mapped:           273868 kB
Shmem:             18936 kB
Slab:             698108 kB
SReclaimable:     546944 kB
SUnreclaim:       151164 kB
KernelStack:        5376 kB
PageTables:         8592 kB
NFS_Unstable:          0 kB
Bounce:                0 kB
WritebackTmp:          0 kB
CommitLimit:    15437784 kB
Committed_AS:    1587456 kB
VmallocTotal:   34359738367 kB
VmallocUsed:           0 kB
VmallocChunk:          0 kB
HardwareCorrupted:     0 kB
AnonHugePages:     38912 kB
ShmemHugePages:        0 kB
ShmemPmdMapped:        0 kB
CmaTotal:              0 kB
CmaFree:               0 kB
HugePages_Total:       0
HugePages_Free:        0
HugePages_Rsvd:        0
HugePages_Surp:        0
Hugepagesize:       2048 kB
DirectMap4k:      348148 kB
DirectMap2M:     6991872 kB
DirectMap1G:    26214400 kB
