MemTotal:       28754832 kB
MemFree:        27971248 kB
MemAvailable:   28218316 kB
Buffers:          287764 kB
Cached:           161284 kB
SwapCached:            0 kB
Active:           381476 kB
Inactive:         104432 kB
Active(anon):      39644 kB
Inactive(anon):     8372 kB
Active(file):     341832 kB
Inactive(file):    96060 kB
Unevictable:        3652 kB
Mlocked:            3652 kB
SwapTotal:             0 kB
SwapFree:              0 kB
Dirty:                 0 kB
Writeback:             0 kB
AnonPages:         40544 kB
Mapped:            47248 kB
Shmem:              8736 kB
Slab:             215736 kB
SReclaimable:     195692 kB
SUnreclaim:        20044 kB
KernelStack:        2800 kB
PageTables:         2844 kB
NFS_Unstable:          0 kB
Bounce:                0 kB
WritebackTmp:          0 kB
CommitLimit:    14377416 kB
Committed_AS:     276692 kB
VmallocTotal:   34359738367 kB
VmallocUsed:           0 kB
VmallocChunk:          0 kB
HardwareCorrupted:     0 kB
AnonHugePages:      6144 kB
CmaTotal:              0 kB
CmaFree:               0 kB
HugePages_Total:       0
HugePages_Free:        0
HugePages_Rsvd:        0
HugePages_Surp:        0
Hugepagesize:       2048 kB
DirectMap4k:       60400 kB
DirectMap2M:    29237248 kB
