MemTotal:       30875568 kB
MemFree:        27989832 kB
MemAvailable:   29957904 kB
Buffers:          426056 kB
Cached:          1666872 kB
SwapCached:            0 kB
Active:          1746896 kB
Inactive:         524000 kB
Active(anon):     189712 kB
Inactive(anon):     9916 kB
Active(file):    1557184 kB
Inactive(file):   514084 kB
Unevictable:           0 kB
Mlocked:               0 kB
SwapTotal:             0 kB
SwapFree:              0 kB
Dirty:                48 kB
Writeback:             0 kB
AnonPages:        177968 kB
Mapped:           228868 kB
Shmem:             21664 kB
Slab:             445624 kB
SReclaimable:     347324 kB
SUnreclaim:        98300 kB
KernelStack:        4288 kB
PageTables:         6056 kB
NFS_Unstable:          0 kB
Bounce:                0 kB
WritebackTmp:          0 kB
CommitLimit:    15437784 kB
Committed_AS:    1471640 kB
VmallocTotal:   34359738367 kB
VmallocUsed:           0 kB
VmallocChunk:          0 kB
HardwareCorrupted:     0 kB
AnonHugePages:      8192 kB
ShmemHugePages:        0 kB
ShmemPmdMapped:        0 kB
CmaTotal:              0 kB
CmaFree:               0 kB
HugePages_Total:       0
HugePages_Free:        0
HugePages_Rsvd:        0
HugePages_Surp:        0
Hugepagesize:       2048 kB
DirectMap4k:      215028 kB
DirectMap2M:    18659328 kB
DirectMap1G:    14680064 kB
