MemTotal:       30875568 kB
MemFree:        27693156 kB
MemAvailable:   29951652 kB
Buffers:          546952 kB
Cached:          1738064 kB
SwapCached:            0 kB
Active:          1880048 kB
Inactive:         588324 kB
Active(anon):     195492 kB
Inactive(anon):     9940 kB
Active(file):    1684556 kB
Inactive(file):   578384 kB
Unevictable:           0 kB
Mlocked:               0 kB
SwapTotal:             0 kB
SwapFree:              0 kB
Dirty:               292 kB
Writeback:             0 kB
AnonPages:        183196 kB
Mapped:           272368 kB
Shmem:             21936 kB
Slab:             549280 kB
SReclaimable:     446076 kB
SUnreclaim:       103204 kB
KernelStack:        4556 kB
PageTables:         6168 kB
NFS_Unstable:          0 kB
Bounce:                0 kB
WritebackTmp:          0 kB
CommitLimit:    15437784 kB
Committed_AS:    1490764 kB
VmallocTotal:   34359738367 kB
VmallocUsed:           0 kB
VmallocChunk:          0 kB
HardwareCorrupted:     0 kB
AnonHugePages:    419840 kB
ShmemHugePages:        0 kB
ShmemPmdMapped:        0 kB
CmaTotal:              0 kB
CmaFree:               0 kB
HugePages_Total:       0
HugePages_Free:        0
HugePages_Rsvd:        0
HugePages_Surp:        0
Hugepagesize:       2048 kB
DirectMap4k:      249844 kB
DirectMap2M:    24915968 kB
DirectMap1G:     8388608 kB
