MemTotal:       30875568 kB
MemFree:        27507752 kB
MemAvailable:   29966460 kB
Buffers:          217824 kB
Cached:          2407608 kB
SwapCached:            0 kB
Active:          2308240 kB
Inactive:         539368 kB
Active(anon):     223044 kB
Inactive(anon):      152 kB
Active(file):    2085196 kB
Inactive(file):   539216 kB
Unevictable:           0 kB
Mlocked:               0 kB
SwapTotal:             0 kB
SwapFree:              0 kB
Dirty:               356 kB
Writeback:             0 kB
AnonPages:        222216 kB
Mapped:            74712 kB
Shmem:               880 kB
Slab:             369000 kB
SReclaimable:     284804 kB
SUnreclaim:        84196 kB
KernelStack:        5204 kB
PageTables:         6956 kB
NFS_Unstable:          0 kB
Bounce:                0 kB
WritebackTmp:          0 kB
CommitLimit:    15437784 kB
Committed_AS:    1517980 kB
VmallocTotal:   34359738367 kB
VmallocUsed:           0 kB
VmallocChunk:          0 kB
HardwareCorrupted:     0 kB
AnonHugePages:     22528 kB
ShmemHugePages:        0 kB
ShmemPmdMapped:        0 kB
CmaTotal:              0 kB
CmaFree:               0 kB
HugePages_Total:       0
HugePages_Free:        0
HugePages_Rsvd:        0
HugePages_Surp:        0
Hugepagesize:       2048 kB
DirectMap4k:      102388 kB
DirectMap2M:     7237632 kB
DirectMap1G:    26214400 kB
