MemTotal:       30875568 kB
MemFree:        28561340 kB
MemAvailable:   30075764 kB
Buffers:           55136 kB
Cached:          1699104 kB
SwapCached:            0 kB
Active:          1393604 kB
Inactive:         477640 kB
Active(anon):     117724 kB
Inactive(anon):      156 kB
Active(file):    1275880 kB
Inactive(file):   477484 kB
Unevictable:           0 kB
Mlocked:               0 kB
SwapTotal:             0 kB
SwapFree:              0 kB
Dirty:                 8 kB
Writeback:            24 kB
AnonPages:        117000 kB
Mapped:            66820 kB
Shmem:               880 kB
Slab:             277728 kB
SReclaimable:     211568 kB
SUnreclaim:        66160 kB
KernelStack:        4736 kB
PageTables:         5560 kB
NFS_Unstable:          0 kB
Bounce:                0 kB
WritebackTmp:          0 kB
CommitLimit:    15437784 kB
Committed_AS:    1315028 kB
VmallocTotal:   34359738367 kB
VmallocUsed:           0 kB
VmallocChunk:          0 kB
HardwareCorrupted:     0 kB
AnonHugePages:     14336 kB
ShmemHugePages:        0 kB
ShmemPmdMapped:        0 kB
CmaTotal:              0 kB
CmaFree:               0 kB
HugePages_Total:       0
HugePages_Free:        0
HugePages_Rsvd:        0
HugePages_Surp:        0
Hugepagesize:       2048 kB
DirectMap4k:       94196 kB
DirectMap2M:     5148672 kB
DirectMap1G:    28311552 kB
