MemTotal:       30875568 kB
MemFree:        28911088 kB
MemAvailable:   30021964 kB
Buffers:          438420 kB
Cached:           647396 kB
SwapCached:            0 kB
Active:           939512 kB
Inactive:         280380 kB
Active(anon):     134900 kB
Inactive(anon):       72 kB
Active(file):     804612 kB
Inactive(file):   280308 kB
Unevictable:           0 kB
Mlocked:               0 kB
SwapTotal:             0 kB
SwapFree:              0 kB
Dirty:                36 kB
Writeback:             0 kB
AnonPages:        134184 kB
Mapped:            67436 kB
Shmem:               880 kB
Slab:             549408 kB
SReclaimable:     476464 kB
SUnreclaim:        72944 kB
KernelStack:        3276 kB
PageTables:         5220 kB
NFS_Unstable:          0 kB
Bounce:                0 kB
WritebackTmp:          0 kB
CommitLimit:    15437784 kB
Committed_AS:     448092 kB
VmallocTotal:   34359738367 kB
VmallocUsed:           0 kB
VmallocChunk:          0 kB
HardwareCorrupted:     0 kB
AnonHugePages:      8192 kB
ShmemHugePages:        0 kB
ShmemPmdMapped:        0 kB
CmaTotal:              0 kB
CmaFree:               0 kB
HugePages_Total:       0
HugePages_Free:        0
HugePages_Rsvd:        0
HugePages_Surp:        0
Hugepagesize:       2048 kB
DirectMap4k:      153588 kB
DirectMap2M:     6137856 kB
DirectMap1G:    27262976 kB
