MemTotal:       30875568 kB
MemFree:        27284684 kB
MemAvailable:   30004056 kB
Buffers:           97620 kB
Cached:          2825996 kB
SwapCached:            0 kB
Active:          2495200 kB
Inactive:         613736 kB
Active(anon):     185884 kB
Inactive(anon):      152 kB
Active(file):    2309316 kB
Inactive(file):   613584 kB
Unevictable:           0 kB
Mlocked:               0 kB
SwapTotal:             0 kB
SwapFree:              0 kB
Dirty:              3224 kB
Writeback:             0 kB
AnonPages:        185156 kB
Mapped:            67468 kB
Shmem:               880 kB
Slab:             325504 kB
SReclaimable:     246980 kB
SUnreclaim:        78524 kB
KernelStack:        5072 kB
PageTables:         6092 kB
NFS_Unstable:          0 kB
Bounce:                0 kB
WritebackTmp:          0 kB
CommitLimit:    15437784 kB
Committed_AS:    1444984 kB
VmallocTotal:   34359738367 kB
VmallocUsed:           0 kB
VmallocChunk:          0 kB
HardwareCorrupted:     0 kB
AnonHugePages:     14336 kB
ShmemHugePages:        0 kB
ShmemPmdMapped:        0 kB
CmaTotal:              0 kB
CmaFree:               0 kB
HugePages_Total:       0
HugePages_Free:        0
HugePages_Rsvd:        0
HugePages_Surp:        0
Hugepagesize:       2048 kB
DirectMap4k:       94196 kB
DirectMap2M:     5148672 kB
DirectMap1G:    28311552 kB
