MemTotal:       30875568 kB
MemFree:        28948680 kB
MemAvailable:   29970592 kB
Buffers:          375164 kB
Cached:           857300 kB
SwapCached:            0 kB
Active:           989956 kB
Inactive:         409412 kB
Active(anon):     178212 kB
Inactive(anon):     9944 kB
Active(file):     811744 kB
Inactive(file):   399468 kB
Unevictable:           0 kB
Mlocked:               0 kB
SwapTotal:             0 kB
SwapFree:              0 kB
Dirty:                 0 kB
Writeback:             0 kB
AnonPages:        167080 kB
Mapped:           192384 kB
Shmem:             21112 kB
Slab:             348116 kB
SReclaimable:     261220 kB
SUnreclaim:        86896 kB
KernelStack:        4176 kB
PageTables:         5708 kB
NFS_Unstable:          0 kB
Bounce:                0 kB
WritebackTmp:          0 kB
CommitLimit:    15437784 kB
Committed_AS:    1390404 kB
VmallocTotal:   34359738367 kB
VmallocUsed:           0 kB
VmallocChunk:          0 kB
HardwareCorrupted:     0 kB
AnonHugePages:     22528 kB
ShmemHugePages:        0 kB
ShmemPmdMapped:        0 kB
CmaTotal:              0 kB
CmaFree:               0 kB
HugePages_Total:       0
HugePages_Free:        0
HugePages_Rsvd:        0
HugePages_Surp:        0
Hugepagesize:       2048 kB
DirectMap4k:      169972 kB
DirectMap2M:     5072896 kB
DirectMap1G:    28311552 kB
