MemTotal:       30875568 kB
MemFree:        27989784 kB
MemAvailable:   29959664 kB
Buffers:          426600 kB
Cached:          1668028 kB
SwapCached:            0 kB
Active:          1747644 kB
Inactive:         525156 kB
Active(anon):     189916 kB
Inactive(anon):     9840 kB
Active(file):    1557728 kB
Inactive(file):   515316 kB
Unevictable:           0 kB
Mlocked:               0 kB
SwapTotal:             0 kB
SwapFree:              0 kB
Dirty:             15404 kB
Writeback:             0 kB
AnonPages:        178172 kB
Mapped:           230224 kB
Shmem:             21588 kB
Slab:             446088 kB
SReclaimable:     347356 kB
SUnreclaim:        98732 kB
KernelStack:        4272 kB
PageTables:         6056 kB
NFS_Unstable:          0 kB
Bounce:                0 kB
WritebackTmp:          0 kB
CommitLimit:    15437784 kB
Committed_AS:    1438184 kB
VmallocTotal:   34359738367 kB
VmallocUsed:           0 kB
VmallocChunk:          0 kB
HardwareCorrupted:     0 kB
AnonHugePages:      8192 kB
ShmemHugePages:        0 kB
ShmemPmdMapped:        0 kB
CmaTotal:              0 kB
CmaFree:               0 kB
HugePages_Total:       0
HugePages_Free:        0
HugePages_Rsvd:        0
HugePages_Surp:        0
Hugepagesize:       2048 kB
DirectMap4k:      215028 kB
DirectMap2M:    18659328 kB
DirectMap1G:    14680064 kB
