MemTotal:       30875568 kB
MemFree:        27883612 kB
MemAvailable:   29943944 kB
Buffers:          459332 kB
Cached:          1693468 kB
SwapCached:            0 kB
Active:          1801716 kB
Inactive:         545224 kB
Active(anon):     206164 kB
Inactive(anon):     9756 kB
Active(file):    1595552 kB
Inactive(file):   535468 kB
Unevictable:           0 kB
Mlocked:               0 kB
SwapTotal:             0 kB
SwapFree:              0 kB
Dirty:            138940 kB
Writeback:            24 kB
AnonPages:        194172 kB
Mapped:           273028 kB
Shmem:             21756 kB
Slab:             480616 kB
SReclaimable:     379832 kB
SUnreclaim:       100784 kB
KernelStack:        4720 kB
PageTables:         7636 kB
NFS_Unstable:          0 kB
Bounce:                0 kB
WritebackTmp:          0 kB
CommitLimit:    15437784 kB
Committed_AS:    1645572 kB
VmallocTotal:   34359738367 kB
VmallocUsed:           0 kB
VmallocChunk:          0 kB
HardwareCorrupted:     0 kB
AnonHugePages:      8192 kB
ShmemHugePages:        0 kB
ShmemPmdMapped:        0 kB
CmaTotal:              0 kB
CmaFree:               0 kB
HugePages_Total:       0
HugePages_Free:        0
HugePages_Rsvd:        0
HugePages_Surp:        0
Hugepagesize:       2048 kB
DirectMap4k:      245748 kB
DirectMap2M:    24920064 kB
DirectMap1G:     8388608 kB
