MemTotal:       30875568 kB
MemFree:        27739604 kB
MemAvailable:   29973188 kB
Buffers:          103132 kB
Cached:          2353968 kB
SwapCached:            0 kB
Active:          2151284 kB
Inactive:         524888 kB
Active(anon):     219796 kB
Inactive(anon):      152 kB
Active(file):    1931488 kB
Inactive(file):   524736 kB
Unevictable:           0 kB
Mlocked:               0 kB
SwapTotal:             0 kB
SwapFree:              0 kB
Dirty:               208 kB
Writeback:             4 kB
AnonPages:        219068 kB
Mapped:            74676 kB
Shmem:               880 kB
Slab:             308792 kB
SReclaimable:     227868 kB
SUnreclaim:        80924 kB
KernelStack:        5088 kB
PageTables:         6880 kB
NFS_Unstable:          0 kB
Bounce:                0 kB
WritebackTmp:          0 kB
CommitLimit:    15437784 kB
Committed_AS:    1501960 kB
VmallocTotal:   34359738367 kB
VmallocUsed:           0 kB
VmallocChunk:          0 kB
HardwareCorrupted:     0 kB
AnonHugePages:     20480 kB
ShmemHugePages:        0 kB
ShmemPmdMapped:        0 kB
CmaTotal:              0 kB
CmaFree:               0 kB
HugePages_Total:       0
HugePages_Free:        0
HugePages_Rsvd:        0
HugePages_Surp:        0
Hugepagesize:       2048 kB
DirectMap4k:      100340 kB
DirectMap2M:     6191104 kB
DirectMap1G:    27262976 kB
