MemTotal:       30875568 kB
MemFree:        27970564 kB
MemAvailable:   29959940 kB
Buffers:          428532 kB
Cached:          1685472 kB
SwapCached:            0 kB
Active:          1752460 kB
Inactive:         540776 kB
Active(anon):     190972 kB
Inactive(anon):     9944 kB
Active(file):    1561488 kB
Inactive(file):   530832 kB
Unevictable:           0 kB
Mlocked:               0 kB
SwapTotal:             0 kB
SwapFree:              0 kB
Dirty:                40 kB
Writeback:             0 kB
AnonPages:        179024 kB
Mapped:           242596 kB
Shmem:             21688 kB
Slab:             447392 kB
SReclaimable:     347576 kB
SUnreclaim:        99816 kB
KernelStack:        4480 kB
PageTables:         6284 kB
NFS_Unstable:          0 kB
Bounce:                0 kB
WritebackTmp:          0 kB
CommitLimit:    15437784 kB
Committed_AS:    1482868 kB
VmallocTotal:   34359738367 kB
VmallocUsed:           0 kB
VmallocChunk:          0 kB
HardwareCorrupted:     0 kB
AnonHugePages:      8192 kB
ShmemHugePages:        0 kB
ShmemPmdMapped:        0 kB
CmaTotal:              0 kB
CmaFree:               0 kB
HugePages_Total:       0
HugePages_Free:        0
HugePages_Rsvd:        0
HugePages_Surp:        0
Hugepagesize:       2048 kB
DirectMap4k:      219124 kB
DirectMap2M:    19703808 kB
DirectMap1G:    13631488 kB
