Linux version 4.15.0-1024-gcp (buildd@lcy01-amd64-030) (gcc version 7.3.0 (Ubuntu 7.3.0-16ubuntu3)) #25-Ubuntu SMP Wed Oct 24 13:09:45 UTC 2018 (Ubuntu 4.15.0-1024.25-gcp 4.15.18)
Command line: BOOT_IMAGE=/boot/vmlinuz-4.15.0-1024-gcp root=UUID=21b294f1-25bd-4265-9c4e-d6e4aeb57e97 ro scsi_mod.use_blk_mq=Y console=ttyS0
KERNEL supported cpus:
  Intel GenuineIntel
  AMD AuthenticAMD
  Centaur CentaurHauls
x86/fpu: Supporting XSAVE feature 0x001: 'x87 floating point registers'
x86/fpu: Supporting XSAVE feature 0x002: 'SSE registers'
x86/fpu: Supporting XSAVE feature 0x004: 'AVX registers'
x86/fpu: xstate_offset[2]:  576, xstate_sizes[2]:  256
x86/fpu: Enabled xstate features 0x7, context size is 832 bytes, using 'standard' format.
e820: BIOS-provided physical RAM map:
BIOS-e820: [mem 0x0000000000000000-0x000000000009fbff] usable
BIOS-e820: [mem 0x000000000009fc00-0x000000000009ffff] reserved
BIOS-e820: [mem 0x00000000000f0000-0x00000000000fffff] reserved
BIOS-e820: [mem 0x0000000000100000-0x00000000bfffcfff] usable
BIOS-e820: [mem 0x00000000bfffd000-0x00000000bfffffff] reserved
BIOS-e820: [mem 0x00000000fffbc000-0x00000000ffffffff] reserved
BIOS-e820: [mem 0x0000000100000000-0x00000007bfffffff] usable
NX (Execute Disable) protection: active
SMBIOS 2.4 present.
DMI: Google Google Compute Engine/Google Compute Engine, BIOS Google 01/01/2011
Hypervisor detected: KVM
e820: update [mem 0x00000000-0x00000fff] usable ==> reserved
e820: remove [mem 0x000a0000-0x000fffff] usable
e820: last_pfn = 0x7c0000 max_arch_pfn = 0x400000000
MTRR default type: write-back
MTRR fixed ranges enabled:
  00000-9FFFF write-back
  A0000-BFFFF uncachable
  C0000-FFFFF write-protect
MTRR variable ranges enabled:
  0 base 0000C0000000 mask 3FFFC0000000 uncachable
  1 disabled
  2 disabled
  3 disabled
  4 disabled
  5 disabled
  6 disabled
  7 disabled
x86/PAT: Configuration [0-7]: WB  WC  UC- UC  WB  WP  UC- WT  
e820: last_pfn = 0xbfffd max_arch_pfn = 0x400000000
found SMP MP-table at [mem 0x000f2c80-0x000f2c8f] mapped at [        (ptrval)]
Scanning 1 areas for low memory corruption
Base memory trampoline at [        (ptrval)] 99000 size 24576
Using GB pages for direct mapping
BRK [0x36553d000, 0x36553dfff] PGTABLE
BRK [0x36553e000, 0x36553efff] PGTABLE
BRK [0x36553f000, 0x36553ffff] PGTABLE
BRK [0x365540000, 0x365540fff] PGTABLE
BRK [0x365541000, 0x365541fff] PGTABLE
BRK [0x365542000, 0x365542fff] PGTABLE
RAMDISK: [mem 0x359ab000-0x36cccfff]
ACPI: Early table checksum verification disabled
ACPI: RSDP 0x00000000000F2C40 000014 (v00 Google)
ACPI: RSDT 0x00000000BFFFD580 000038 (v01 Google GOOGRSDT 00000001 GOOG 00000001)
ACPI: FACP 0x00000000BFFFFBC0 0000F4 (v02 Google GOOGFACP 00000001 GOOG 00000001)
ACPI: DSDT 0x00000000BFFFD5C0 0017B2 (v01 Google GOOGDSDT 00000001 GOOG 00000001)
ACPI: FACS 0x00000000BFFFFB80 000040
ACPI: FACS 0x00000000BFFFFB80 000040
ACPI: SSDT 0x00000000BFFFF000 000B76 (v01 Google GOOGSSDT 00000001 GOOG 00000001)
ACPI: APIC 0x00000000BFFFEEE0 0000A6 (v01 Google GOOGAPIC 00000001 GOOG 00000001)
ACPI: WAET 0x00000000BFFFEEB0 000028 (v01 Google GOOGWAET 00000001 GOOG 00000001)
ACPI: SRAT 0x00000000BFFFED80 000128 (v01 Google GOOGSRAT 00000001 GOOG 00000001)
ACPI: Local APIC address 0xfee00000
SRAT: PXM 0 -> APIC 0x00 -> Node 0
SRAT: PXM 0 -> APIC 0x01 -> Node 0
SRAT: PXM 0 -> APIC 0x02 -> Node 0
SRAT: PXM 0 -> APIC 0x03 -> Node 0
SRAT: PXM 0 -> APIC 0x04 -> Node 0
SRAT: PXM 0 -> APIC 0x05 -> Node 0
SRAT: PXM 0 -> APIC 0x06 -> Node 0
SRAT: PXM 0 -> APIC 0x07 -> Node 0
ACPI: SRAT: Node 0 PXM 0 [mem 0x00000000-0x0009ffff]
ACPI: SRAT: Node 0 PXM 0 [mem 0x00100000-0xbfffffff]
ACPI: SRAT: Node 0 PXM 0 [mem 0x100000000-0x7bfffffff]
NUMA: Node 0 [mem 0x00000000-0x0009ffff] + [mem 0x00100000-0xbfffffff] -> [mem 0x00000000-0xbfffffff]
NUMA: Node 0 [mem 0x00000000-0xbfffffff] + [mem 0x100000000-0x7bfffffff] -> [mem 0x00000000-0x7bfffffff]
NODE_DATA(0) allocated [mem 0x7bffd5000-0x7bfffffff]
kvm-clock: cpu 0, msr 7:bff54001, primary cpu clock
kvm-clock: Using msrs 4b564d01 and 4b564d00
kvm-clock: using sched offset of 3074382904 cycles
clocksource: kvm-clock: mask: 0xffffffffffffffff max_cycles: 0x1cd42e4dffb, max_idle_ns: 881590591483 ns
Zone ranges:
  DMA      [mem 0x0000000000001000-0x0000000000ffffff]
  DMA32    [mem 0x0000000001000000-0x00000000ffffffff]
  Normal   [mem 0x0000000100000000-0x00000007bfffffff]
  Device   empty
Movable zone start for each node
Early memory node ranges
  node   0: [mem 0x0000000000001000-0x000000000009efff]
  node   0: [mem 0x0000000000100000-0x00000000bfffcfff]
  node   0: [mem 0x0000000100000000-0x00000007bfffffff]
Initmem setup node 0 [mem 0x0000000000001000-0x00000007bfffffff]
On node 0 totalpages: 7864219
  DMA zone: 64 pages used for memmap
  DMA zone: 21 pages reserved
  DMA zone: 3998 pages, LIFO batch:0
  DMA32 zone: 12224 pages used for memmap
  DMA32 zone: 782333 pages, LIFO batch:31
  Normal zone: 110592 pages used for memmap
  Normal zone: 7077888 pages, LIFO batch:31
Reserved but unavailable: 98 pages
ACPI: PM-Timer IO Port: 0xb008
ACPI: Local APIC address 0xfee00000
ACPI: LAPIC_NMI (acpi_id[0xff] dfl dfl lint[0x1])
IOAPIC[0]: apic_id 0, version 17, address 0xfec00000, GSI 0-23
ACPI: INT_SRC_OVR (bus 0 bus_irq 5 global_irq 5 high level)
ACPI: INT_SRC_OVR (bus 0 bus_irq 9 global_irq 9 high level)
ACPI: INT_SRC_OVR (bus 0 bus_irq 10 global_irq 10 high level)
ACPI: INT_SRC_OVR (bus 0 bus_irq 11 global_irq 11 high level)
ACPI: IRQ5 used by override.
ACPI: IRQ9 used by override.
ACPI: IRQ10 used by override.
ACPI: IRQ11 used by override.
Using ACPI (MADT) for SMP configuration information
smpboot: Allowing 8 CPUs, 0 hotplug CPUs
PM: Registered nosave memory: [mem 0x00000000-0x00000fff]
PM: Registered nosave memory: [mem 0x0009f000-0x0009ffff]
PM: Registered nosave memory: [mem 0x000a0000-0x000effff]
PM: Registered nosave memory: [mem 0x000f0000-0x000fffff]
PM: Registered nosave memory: [mem 0xbfffd000-0xbfffffff]
PM: Registered nosave memory: [mem 0xc0000000-0xfffbbfff]
PM: Registered nosave memory: [mem 0xfffbc000-0xffffffff]
e820: [mem 0xc0000000-0xfffbbfff] available for PCI devices
Booting paravirtualized kernel on KVM
clocksource: refined-jiffies: mask: 0xffffffff max_cycles: 0xffffffff, max_idle_ns: 7645519600211568 ns
random: get_random_bytes called from start_kernel+0x9e/0x50c with crng_init=0
setup_percpu: NR_CPUS:8192 nr_cpumask_bits:8 nr_cpu_ids:8 nr_node_ids:1
percpu: Embedded 46 pages/cpu @        (ptrval) s151552 r8192 d28672 u262144
pcpu-alloc: s151552 r8192 d28672 u262144 alloc=1*2097152
pcpu-alloc: [0] 0 1 2 3 4 5 6 7 
Built 1 zonelists, mobility grouping on.  Total pages: 7741318
Policy zone: Normal
Kernel command line: BOOT_IMAGE=/boot/vmlinuz-4.15.0-1024-gcp root=UUID=21b294f1-25bd-4265-9c4e-d6e4aeb57e97 ro scsi_mod.use_blk_mq=Y console=ttyS0
Calgary: detecting Calgary via BIOS EBDA area
Calgary: Unable to locate Rio Grande table in EBDA - bailing!
Memory: 30849568K/31456876K available (12300K kernel code, 2474K rwdata, 4188K rodata, 2408K init, 2404K bss, 607308K reserved, 0K cma-reserved)
SLUB: HWalign=64, Order=0-3, MinObjects=0, CPUs=8, Nodes=1
Kernel/User page tables isolation: enabled
ftrace: allocating 39338 entries in 154 pages
Hierarchical RCU implementation.
	RCU restricting CPUs from NR_CPUS=8192 to nr_cpu_ids=8.
	Tasks RCU enabled.
RCU: Adjusting geometry for rcu_fanout_leaf=16, nr_cpu_ids=8
NR_IRQS: 524544, nr_irqs: 488, preallocated irqs: 16
Console: colour VGA+ 80x25
console [ttyS0] enabled
ACPI: Core revision 20170831
ACPI: 2 ACPI AML tables successfully acquired and loaded
APIC: Switch to symmetric I/O mode setup
x2apic enabled
Switched APIC routing to physical x2apic.
..TIMER: vector=0x30 apic1=0 pin1=0 apic2=-1 pin2=-1
tsc: Detected 2200.000 MHz processor
Calibrating delay loop (skipped) preset value.. 4400.00 BogoMIPS (lpj=8800000)
pid_max: default: 32768 minimum: 301
Security Framework initialized
Yama: becoming mindful.
AppArmor: AppArmor initialized
Dentry cache hash table entries: 4194304 (order: 13, 33554432 bytes)
Inode-cache hash table entries: 2097152 (order: 12, 16777216 bytes)
Mount-cache hash table entries: 65536 (order: 7, 524288 bytes)
Mountpoint-cache hash table entries: 65536 (order: 7, 524288 bytes)
mce: CPU supports 32 MCE banks
Last level iTLB entries: 4KB 64, 2MB 8, 4MB 8
Last level dTLB entries: 4KB 64, 2MB 0, 4MB 0, 1GB 4
Spectre V2 : Mitigation: Full generic retpoline
Spectre V2 : Spectre v2 / SpectreRSB mitigation: Filling RSB on context switch
Speculative Store Bypass: Vulnerable
Freeing SMP alternatives memory: 36K
smpboot: CPU0: Intel(R) Xeon(R) CPU @ 2.20GHz (family: 0x6, model: 0x4f, stepping: 0x0)
Performance Events: unsupported p6 CPU model 79 no PMU driver, software events only.
Hierarchical SRCU implementation.
NMI watchdog: Perf event create on CPU 0 failed with -2
NMI watchdog: Perf NMI watchdog permanently disabled
smp: Bringing up secondary CPUs ...
x86: Booting SMP configuration:
.... node  #0, CPUs:      #1
kvm-clock: cpu 1, msr 7:bff54041, secondary cpu clock
 #2
kvm-clock: cpu 2, msr 7:bff54081, secondary cpu clock
 #3
kvm-clock: cpu 3, msr 7:bff540c1, secondary cpu clock
 #4
kvm-clock: cpu 4, msr 7:bff54101, secondary cpu clock
 #5
kvm-clock: cpu 5, msr 7:bff54141, secondary cpu clock
 #6
kvm-clock: cpu 6, msr 7:bff54181, secondary cpu clock
 #7
kvm-clock: cpu 7, msr 7:bff541c1, secondary cpu clock
smp: Brought up 1 node, 8 CPUs
smpboot: Max logical packages: 1
smpboot: Total of 8 processors activated (35200.00 BogoMIPS)
devtmpfs: initialized
x86/mm: Memory block size: 128MB
evm: security.selinux
evm: security.SMACK64
evm: security.SMACK64EXEC
evm: security.SMACK64TRANSMUTE
evm: security.SMACK64MMAP
evm: security.apparmor
evm: security.ima
evm: security.capability
clocksource: jiffies: mask: 0xffffffff max_cycles: 0xffffffff, max_idle_ns: 7645041785100000 ns
futex hash table entries: 2048 (order: 5, 131072 bytes)
pinctrl core: initialized pinctrl subsystem
RTC time: 19:57:44, date: 11/27/18
NET: Registered protocol family 16
audit: initializing netlink subsys (disabled)
audit: type=2000 audit(1543348664.236:1): state=initialized audit_enabled=0 res=1
cpuidle: using governor ladder
cpuidle: using governor menu
ACPI: bus type PCI registered
acpiphp: ACPI Hot Plug PCI Controller Driver version: 0.5
PCI: Using configuration type 1 for base access
HugeTLB registered 1.00 GiB page size, pre-allocated 0 pages
HugeTLB registered 2.00 MiB page size, pre-allocated 0 pages
ACPI: Added _OSI(Module Device)
ACPI: Added _OSI(Processor Device)
ACPI: Added _OSI(3.0 _SCP Extensions)
ACPI: Added _OSI(Processor Aggregator Device)
ACPI: Added _OSI(Linux-Dell-Video)
ACPI: Added _OSI(Linux-Lenovo-NV-HDMI-Audio)
ACPI: Executed 2 blocks of module-level executable AML code
ACPI: Interpreter enabled
ACPI: (supports S0 S3 S4 S5)
ACPI: Using IOAPIC for interrupt routing
PCI: Using host bridge windows from ACPI; if necessary, use "pci=nocrs" and report a bug
ACPI: Enabled 16 GPEs in block 00 to 0F
ACPI: PCI Root Bridge [PCI0] (domain 0000 [bus 00-ff])
acpi PNP0A03:00: _OSC: OS supports [ASPM ClockPM Segments MSI]
acpi PNP0A03:00: _OSC failed (AE_NOT_FOUND); disabling ASPM
acpi PNP0A03:00: fail to add MMCONFIG information, can't access extended PCI configuration space under this bridge.
PCI host bridge to bus 0000:00
pci_bus 0000:00: root bus resource [io  0x0000-0x0cf7 window]
pci_bus 0000:00: root bus resource [io  0x0d00-0xffff window]
pci_bus 0000:00: root bus resource [mem 0x000a0000-0x000bffff window]
pci_bus 0000:00: root bus resource [mem 0xc0000000-0xfebfffff window]
pci_bus 0000:00: root bus resource [bus 00-ff]
pci 0000:00:00.0: [8086:1237] type 00 class 0x060000
pci 0000:00:01.0: [8086:7110] type 00 class 0x060100
pci 0000:00:01.3: [8086:7113] type 00 class 0x068000
pci 0000:00:01.3: quirk: [io  0xb000-0xb03f] claimed by PIIX4 ACPI
pci 0000:00:03.0: [1af4:1004] type 00 class 0x000000
pci 0000:00:03.0: reg 0x10: [io  0xc000-0xc03f]
pci 0000:00:03.0: reg 0x14: [mem 0xfebfe000-0xfebfe07f]
pci 0000:00:04.0: [1af4:1000] type 00 class 0x020000
pci 0000:00:04.0: reg 0x10: [io  0xc040-0xc07f]
pci 0000:00:04.0: reg 0x14: [mem 0xfebff000-0xfebff1ff]
ACPI: PCI Interrupt Link [LNKA] (IRQs 5 *10 11)
ACPI: PCI Interrupt Link [LNKB] (IRQs 5 *10 11)
ACPI: PCI Interrupt Link [LNKC] (IRQs 5 10 *11)
ACPI: PCI Interrupt Link [LNKD] (IRQs 5 10 *11)
ACPI: PCI Interrupt Link [LNKS] (IRQs *9)
SCSI subsystem initialized
libata version 3.00 loaded.
vgaarb: loaded
ACPI: bus type USB registered
usbcore: registered new interface driver usbfs
usbcore: registered new interface driver hub
usbcore: registered new device driver usb
EDAC MC: Ver: 3.0.0
PCI: Using ACPI for IRQ routing
PCI: pci_cache_line_size set to 64 bytes
e820: reserve RAM buffer [mem 0x0009fc00-0x0009ffff]
e820: reserve RAM buffer [mem 0xbfffd000-0xbfffffff]
NetLabel: Initializing
NetLabel:  domain hash size = 128
NetLabel:  protocols = UNLABELED CIPSOv4 CALIPSO
NetLabel:  unlabeled traffic allowed by default
clocksource: Switched to clocksource kvm-clock
VFS: Disk quotas dquot_6.6.0
VFS: Dquot-cache hash table entries: 512 (order 0, 4096 bytes)
AppArmor: AppArmor Filesystem Enabled
pnp: PnP ACPI init
pnp 00:00: Plug and Play ACPI device, IDs PNP0b00 (active)
pnp 00:01: Plug and Play ACPI device, IDs PNP0303 (active)
pnp 00:02: Plug and Play ACPI device, IDs PNP0f13 (active)
pnp 00:03: Plug and Play ACPI device, IDs PNP0501 (active)
pnp 00:04: Plug and Play ACPI device, IDs PNP0501 (active)
pnp 00:05: Plug and Play ACPI device, IDs PNP0501 (active)
pnp 00:06: Plug and Play ACPI device, IDs PNP0501 (active)
pnp: PnP ACPI: found 7 devices
clocksource: acpi_pm: mask: 0xffffff max_cycles: 0xffffff, max_idle_ns: 2085701024 ns
pci_bus 0000:00: resource 4 [io  0x0000-0x0cf7 window]
pci_bus 0000:00: resource 5 [io  0x0d00-0xffff window]
pci_bus 0000:00: resource 6 [mem 0x000a0000-0x000bffff window]
pci_bus 0000:00: resource 7 [mem 0xc0000000-0xfebfffff window]
NET: Registered protocol family 2
TCP established hash table entries: 262144 (order: 9, 2097152 bytes)
TCP bind hash table entries: 65536 (order: 8, 1048576 bytes)
TCP: Hash tables configured (established 262144 bind 65536)
UDP hash table entries: 16384 (order: 7, 524288 bytes)
UDP-Lite hash table entries: 16384 (order: 7, 524288 bytes)
NET: Registered protocol family 1
pci 0000:00:00.0: Limiting direct PCI/PCI transfers
PCI: CLS 0 bytes, default 64
Unpacking initramfs...
Freeing initrd memory: 19592K
PCI-DMA: Using software bounce buffering for IO (SWIOTLB)
software IO TLB [mem 0xbbffd000-0xbfffd000] (64MB) mapped at [        (ptrval)-        (ptrval)]
Scanning for low memory corruption every 60 seconds
Initialise system trusted keyrings
Key type blacklist registered
workingset: timestamp_bits=36 max_order=23 bucket_order=0
zbud: loaded
squashfs: version 4.0 (2009/01/31) Phillip Lougher
fuse init (API version 7.26)
Key type asymmetric registered
Asymmetric key parser 'x509' registered
Block layer SCSI generic (bsg) driver version 0.4 loaded (major 246)
io scheduler noop registered
io scheduler deadline registered
io scheduler cfq registered (default)
intel_idle: Please enable MWAIT in BIOS SETUP
input: Power Button as /devices/LNXSYSTM:00/LNXPWRBN:00/input/input0
ACPI: Power Button [PWRF]
input: Sleep Button as /devices/LNXSYSTM:00/LNXSLPBN:00/input/input1
ACPI: Sleep Button [SLPF]
ACPI: PCI Interrupt Link [LNKC] enabled at IRQ 11
virtio-pci 0000:00:03.0: virtio_pci: leaving for legacy driver
ACPI: PCI Interrupt Link [LNKD] enabled at IRQ 10
virtio-pci 0000:00:04.0: virtio_pci: leaving for legacy driver
00:03: ttyS0 at I/O 0x3f8 (irq = 4, base_baud = 115200) is a 16550A
00:04: ttyS1 at I/O 0x2f8 (irq = 3, base_baud = 115200) is a 16550A
00:05: ttyS2 at I/O 0x3e8 (irq = 6, base_baud = 115200) is a 16550A
00:06: ttyS3 at I/O 0x2e8 (irq = 7, base_baud = 115200) is a 16550A
Linux agpgart interface v0.103
loop: module loaded
scsi host0: Virtio SCSI HBA
libphy: Fixed MDIO Bus: probed
tun: Universal TUN/TAP device driver, 1.6
PPP generic driver version 2.4.2
scsi 0:0:1:0: Direct-Access     Google   PersistentDisk   1    PQ: 0 ANSI: 6
ehci_hcd: USB 2.0 'Enhanced' Host Controller (EHCI) Driver
ehci-pci: EHCI PCI platform driver
ehci-platform: EHCI generic platform driver
ohci_hcd: USB 1.1 'Open' Host Controller (OHCI) Driver
ohci-pci: OHCI PCI platform driver
ohci-platform: OHCI generic platform driver
uhci_hcd: USB Universal Host Controller Interface driver
i8042: PNP: PS/2 Controller [PNP0303:KBD,PNP0f13:MOU] at 0x60,0x64 irq 1,12
i8042: Warning: Keylock active
serio: i8042 KBD port at 0x60,0x64 irq 1
serio: i8042 AUX port at 0x60,0x64 irq 12
mousedev: PS/2 mouse device common for all mice
rtc_cmos 00:00: RTC can wake from S4
rtc_cmos 00:00: rtc core: registered rtc_cmos as rtc0
rtc_cmos 00:00: alarms up to one day, 114 bytes nvram
i2c /dev entries driver
device-mapper: uevent: version 1.0.3
device-mapper: ioctl: 4.37.0-ioctl (2017-09-20) initialised: dm-devel@redhat.com
ledtrig-cpu: registered to indicate activity on CPUs
Netfilter messages via NETLINK v0.30.
nf_conntrack version 0.5.0 (65536 buckets, 262144 max)
ctnetlink v0.93: registering with nfnetlink.
NET: Registered protocol family 10
Segment Routing with IPv6
NET: Registered protocol family 17
Key type dns_resolver registered
RAS: Correctable Errors collector initialized.
sched_clock: Marking stable (860581784, 0)->(1557733881, -697152097)
registered taskstats version 1
Loading compiled-in X.509 certificates
Loaded X.509 cert 'Build time autogenerated kernel key: b7601344e2cea43d2d6036c81b0fae6029e0b0f2'
zswap: loaded using pool lzo/zbud
Key type big_key registered
Key type trusted registered
Key type encrypted registered
AppArmor: AppArmor sha1 policy hashing enabled
ima: No TPM chip found, activating TPM-bypass! (rc=-19)
ima: Allocated hash algorithm: sha1
evm: HMAC attrs: 0x1
  Magic number: 10:519:1002
serial 00:04: hash matches
memory memory41: hash matches
rtc_cmos 00:00: setting system clock to 2018-11-27 19:57:45 UTC (1543348665)
BIOS EDD facility v0.16 2004-Jun-25, 0 devices found
EDD information not available.
random: fast init done
sd 0:0:1:0: Attached scsi generic sg0 type 0
sd 0:0:1:0: [sda] 524288000 512-byte logical blocks: (268 GB/250 GiB)
sd 0:0:1:0: [sda] 4096-byte physical blocks
sd 0:0:1:0: [sda] Write Protect is off
sd 0:0:1:0: [sda] Mode Sense: 1f 00 00 08
sd 0:0:1:0: [sda] Write cache: enabled, read cache: enabled, doesn't support DPO or FUA
 sda: sda1 sda14 sda15
sd 0:0:1:0: [sda] Attached SCSI disk
input: AT Translated Set 2 keyboard as /devices/platform/i8042/serio0/input/input2
Freeing unused kernel memory: 2408K
Write protecting the kernel read-only data: 20480k
Freeing unused kernel memory: 2008K
Freeing unused kernel memory: 1956K
x86/mm: Checked W+X mappings: passed, no W+X pages found.
x86/mm: Checking user space page tables
x86/mm: Checked W+X mappings: passed, no W+X pages found.
random: systemd-udevd: uninitialized urandom read (16 bytes read)
random: udevadm: uninitialized urandom read (16 bytes read)
random: udevadm: uninitialized urandom read (16 bytes read)
AVX2 version of gcm_enc/dec engaged.
AES CTR mode by8 optimization enabled
virtio_net virtio1 ens4: renamed from eth0
tsc: Refined TSC clocksource calibration: 2199.804 MHz
clocksource: tsc: mask: 0xffffffffffffffff max_cycles: 0x1fb579a7781, max_idle_ns: 440795268821 ns
input: ImExPS/2 Generic Explorer Mouse as /devices/platform/i8042/serio1/input/input4
raid6: sse2x1   gen()  9167 MB/s
raid6: sse2x1   xor()  6728 MB/s
raid6: sse2x2   gen() 10922 MB/s
raid6: sse2x2   xor()  7563 MB/s
raid6: sse2x4   gen() 12641 MB/s
raid6: sse2x4   xor()  7767 MB/s
raid6: avx2x1   gen() 17742 MB/s
raid6: avx2x1   xor() 12681 MB/s
raid6: avx2x2   gen() 21792 MB/s
raid6: avx2x2   xor() 13784 MB/s
raid6: avx2x4   gen() 24270 MB/s
raid6: avx2x4   xor() 14089 MB/s
raid6: using algorithm avx2x4 gen() 24270 MB/s
raid6: .... xor() 14089 MB/s, rmw enabled
raid6: using avx2x2 recovery algorithm
xor: automatically using best checksumming function   avx       
async_tx: api initialized (async)
Btrfs loaded, crc32c=crc32c-intel
EXT4-fs (sda1): mounted filesystem with ordered data mode. Opts: (null)
ip_tables: (C) 2000-2006 Netfilter Core Team
systemd[1]: systemd 237 running in system mode. (+PAM +AUDIT +SELINUX +IMA +APPARMOR +SMACK +SYSVINIT +UTMP +LIBCRYPTSETUP +GCRYPT +GNUTLS +ACL +XZ +LZ4 +SECCOMP +BLKID +ELFUTILS +KMOD -IDN2 +IDN -PCRE2 default-hierarchy=hybrid)
systemd[1]: Detected virtualization kvm.
systemd[1]: Detected architecture x86-64.
systemd[1]: Set hostname to <instance-3>.
systemd[1]: Set up automount Arbitrary Executable File Formats File System Automount Point.
systemd[1]: Reached target Swap.
systemd[1]: Started Forward Password Requests to Wall Directory Watch.
systemd[1]: Reached target System Time Synchronized.
systemd[1]: Reached target Libvirt guests shutdown.
systemd[1]: Reached target User and Group Name Lookups.
Loading iSCSI transport class v2.0-870.
EXT4-fs (sda1): re-mounted. Opts: (null)
iscsi: registered transport (tcp)
iscsi: registered transport (iser)
arp_tables: arp_tables: (C) 2002 David S. Miller
systemd-journald[462]: Received request to flush runtime journal from PID 1
bridge: filtering via arp/ip/ip6tables is no longer available by default. Update your scripts to load br_netfilter if you need this.
Bridge firewalling registered
ip6_tables: (C) 2000-2006 Netfilter Core Team
VPID CAP should not exist if not support 1-setting enable VPID VM-execution control
audit: type=1400 audit(1543348675.812:2): apparmor="STATUS" operation="profile_load" profile="unconfined" name="/usr/bin/lxc-start" pid=792 comm="apparmor_parser"
audit: type=1400 audit(1543348675.816:3): apparmor="STATUS" operation="profile_load" profile="unconfined" name="/usr/sbin/libvirtd" pid=797 comm="apparmor_parser"
audit: type=1400 audit(1543348675.816:4): apparmor="STATUS" operation="profile_load" profile="unconfined" name="/usr/sbin/libvirtd//qemu_bridge_helper" pid=797 comm="apparmor_parser"
audit: type=1400 audit(1543348675.820:5): apparmor="STATUS" operation="profile_load" profile="unconfined" name="/usr/sbin/chronyd" pid=796 comm="apparmor_parser"
audit: type=1400 audit(1543348675.828:6): apparmor="STATUS" operation="profile_load" profile="unconfined" name="/usr/bin/man" pid=793 comm="apparmor_parser"
audit: type=1400 audit(1543348675.828:7): apparmor="STATUS" operation="profile_load" profile="unconfined" name="man_filter" pid=793 comm="apparmor_parser"
audit: type=1400 audit(1543348675.828:8): apparmor="STATUS" operation="profile_load" profile="unconfined" name="man_groff" pid=793 comm="apparmor_parser"
audit: type=1400 audit(1543348675.840:9): apparmor="STATUS" operation="profile_load" profile="unconfined" name="/usr/lib/snapd/snap-confine" pid=795 comm="apparmor_parser"
audit: type=1400 audit(1543348675.840:10): apparmor="STATUS" operation="profile_load" profile="unconfined" name="/usr/lib/snapd/snap-confine//mount-namespace-capture-helper" pid=795 comm="apparmor_parser"
audit: type=1400 audit(1543348675.840:11): apparmor="STATUS" operation="profile_load" profile="unconfined" name="lxc-container-default" pid=790 comm="apparmor_parser"
random: crng init done
random: 7 urandom warning(s) missed due to ratelimiting
new mount options do not match the existing superblock, will be ignored
aufs 4.15-20180219
aufs aufs_fill_super:912:mount[1308]: no arg
overlayfs: missing 'lowerdir'
Ebtables v2.0 registered
virbr0: port 1(virbr0-nic) entered blocking state
virbr0: port 1(virbr0-nic) entered disabled state
device virbr0-nic entered promiscuous mode
kauditd_printk_skb: 25 callbacks suppressed
audit: type=1400 audit(1543348687.559:37): apparmor="DENIED" operation="exec" profile="snap.docker.dockerd" name="/bin/kmod" pid=1542 comm="docker-containe" requested_mask="x" denied_mask="x" fsuid=0 ouid=0
virbr0: port 1(virbr0-nic) entered blocking state
virbr0: port 1(virbr0-nic) entered listening state
virbr0: port 1(virbr0-nic) entered disabled state
audit: type=1400 audit(1543348687.750:38): apparmor="STATUS" operation="profile_load" profile="snap.docker.dockerd" name="docker-default" pid=1561 comm="apparmor_parser"
audit: type=1400 audit(1543348687.754:39): apparmor="DENIED" operation="exec" profile="snap.docker.dockerd" name="/bin/kmod" pid=1569 comm="dockerd" requested_mask="x" denied_mask="x" fsuid=0 ouid=0
aufs au_opts_verify:1623:dockerd[1422]: dirperm1 breaks the protection by the permission bits on the lower branch
audit: type=1400 audit(1543348688.384:40): apparmor="DENIED" operation="exec" profile="snap.docker.dockerd" name="/bin/kmod" pid=1590 comm="dockerd" requested_mask="x" denied_mask="x" fsuid=0 ouid=0
audit: type=1400 audit(1543348688.384:41): apparmor="DENIED" operation="exec" profile="snap.docker.dockerd" name="/bin/kmod" pid=1591 comm="dockerd" requested_mask="x" denied_mask="x" fsuid=0 ouid=0
audit: type=1400 audit(1543348688.476:42): apparmor="DENIED" operation="exec" profile="snap.docker.dockerd" name="/bin/kmod" pid=1629 comm="dockerd" requested_mask="x" denied_mask="x" fsuid=0 ouid=0
Initializing XFRM netlink socket
audit: type=1400 audit(1543348688.516:43): apparmor="DENIED" operation="exec" profile="snap.docker.dockerd" name="/bin/kmod" pid=1636 comm="dockerd" requested_mask="x" denied_mask="x" fsuid=0 ouid=0
IPv6: ADDRCONF(NETDEV_UP): docker0: link is not ready
docker0: port 1(vethf578ebc) entered blocking state
docker0: port 1(vethf578ebc) entered disabled state
device vethf578ebc entered promiscuous mode
IPv6: ADDRCONF(NETDEV_UP): vethf578ebc: link is not ready
eth0: renamed from vetha3cb1df
IPv6: ADDRCONF(NETDEV_CHANGE): vethf578ebc: link becomes ready
docker0: port 1(vethf578ebc) entered blocking state
docker0: port 1(vethf578ebc) entered forwarding state
IPv6: ADDRCONF(NETDEV_CHANGE): docker0: link becomes ready
audit: type=1400 audit(1543348814.030:44): apparmor="DENIED" operation="open" profile="snap.docker.docker" name="/etc/init.d/" pid=3860 comm="bash" requested_mask="r" denied_mask="r" fsuid=1004 ouid=0
docker0: port 1(vethf578ebc) entered disabled state
vetha3cb1df: renamed from eth0
docker0: port 1(vethf578ebc) entered disabled state
device vethf578ebc left promiscuous mode
docker0: port 1(vethf578ebc) entered disabled state
docker0: port 1(vethd427fde) entered blocking state
docker0: port 1(vethd427fde) entered disabled state
device vethd427fde entered promiscuous mode
IPv6: ADDRCONF(NETDEV_UP): vethd427fde: link is not ready
docker0: port 1(vethd427fde) entered blocking state
docker0: port 1(vethd427fde) entered forwarding state
docker0: port 1(vethd427fde) entered disabled state
eth0: renamed from veth82c2731
IPv6: ADDRCONF(NETDEV_CHANGE): vethd427fde: link becomes ready
docker0: port 1(vethd427fde) entered blocking state
docker0: port 1(vethd427fde) entered forwarding state
audit: type=1400 audit(1543348884.449:45): apparmor="DENIED" operation="ptrace" profile="docker-default" pid=4360 comm="ps" requested_mask="tracedby" denied_mask="tracedby" peer="docker-default"
audit: type=1400 audit(1543348884.449:46): apparmor="DENIED" operation="ptrace" profile="docker-default" pid=4360 comm="ps" requested_mask="tracedby" denied_mask="tracedby" peer="docker-default"
audit: type=1400 audit(1543348884.449:47): apparmor="DENIED" operation="ptrace" profile="docker-default" pid=4360 comm="ps" requested_mask="tracedby" denied_mask="tracedby" peer="docker-default"
audit: type=1400 audit(1543348884.449:48): apparmor="DENIED" operation="ptrace" profile="docker-default" pid=4360 comm="ps" requested_mask="tracedby" denied_mask="tracedby" peer="docker-default"
audit: type=1400 audit(1543348884.449:49): apparmor="DENIED" operation="ptrace" profile="docker-default" pid=4360 comm="ps" requested_mask="tracedby" denied_mask="tracedby" peer="docker-default"
audit: type=1400 audit(1543348884.449:50): apparmor="DENIED" operation="ptrace" profile="docker-default" pid=4360 comm="ps" requested_mask="tracedby" denied_mask="tracedby" peer="docker-default"
audit: type=1400 audit(1543348884.457:51): apparmor="DENIED" operation="ptrace" profile="docker-default" pid=4362 comm="ps" requested_mask="tracedby" denied_mask="tracedby" peer="docker-default"
audit: type=1400 audit(1543348884.457:52): apparmor="DENIED" operation="ptrace" profile="docker-default" pid=4362 comm="ps" requested_mask="tracedby" denied_mask="tracedby" peer="docker-default"
audit: type=1400 audit(1543348884.457:53): apparmor="DENIED" operation="ptrace" profile="docker-default" pid=4362 comm="ps" requested_mask="tracedby" denied_mask="tracedby" peer="docker-default"
audit: type=1400 audit(1543348884.457:54): apparmor="DENIED" operation="ptrace" profile="docker-default" pid=4362 comm="ps" requested_mask="tracedby" denied_mask="tracedby" peer="docker-default"
kauditd_printk_skb: 152 callbacks suppressed
audit: type=1400 audit(1543348889.772:207): apparmor="DENIED" operation="ptrace" profile="docker-default" pid=4459 comm="systemd-detect-" requested_mask="tracedby" denied_mask="tracedby" peer="docker-default"
audit: type=1400 audit(1543348889.812:208): apparmor="DENIED" operation="ptrace" profile="docker-default" pid=4461 comm="ps" requested_mask="tracedby" denied_mask="tracedby" peer="docker-default"
audit: type=1400 audit(1543348889.812:209): apparmor="DENIED" operation="ptrace" profile="docker-default" pid=4461 comm="ps" requested_mask="tracedby" denied_mask="tracedby" peer="docker-default"
audit: type=1400 audit(1543348889.812:210): apparmor="DENIED" operation="ptrace" profile="docker-default" pid=4461 comm="ps" requested_mask="tracedby" denied_mask="tracedby" peer="docker-default"
audit: type=1400 audit(1543348889.812:211): apparmor="DENIED" operation="ptrace" profile="docker-default" pid=4461 comm="ps" requested_mask="tracedby" denied_mask="tracedby" peer="docker-default"
audit: type=1400 audit(1543348889.812:212): apparmor="DENIED" operation="ptrace" profile="docker-default" pid=4461 comm="ps" requested_mask="tracedby" denied_mask="tracedby" peer="docker-default"
audit: type=1400 audit(1543348889.812:213): apparmor="DENIED" operation="ptrace" profile="docker-default" pid=4461 comm="ps" requested_mask="tracedby" denied_mask="tracedby" peer="docker-default"
audit: type=1400 audit(1543348889.816:214): apparmor="DENIED" operation="ptrace" profile="docker-default" pid=4463 comm="ps" requested_mask="tracedby" denied_mask="tracedby" peer="docker-default"
audit: type=1400 audit(1543348889.820:215): apparmor="DENIED" operation="ptrace" profile="docker-default" pid=4463 comm="ps" requested_mask="tracedby" denied_mask="tracedby" peer="docker-default"
audit: type=1400 audit(1543348889.820:216): apparmor="DENIED" operation="ptrace" profile="docker-default" pid=4463 comm="ps" requested_mask="tracedby" denied_mask="tracedby" peer="docker-default"
kauditd_printk_skb: 681 callbacks suppressed
audit: type=1400 audit(1543348900.355:898): apparmor="DENIED" operation="ptrace" profile="docker-default" pid=4763 comm="ps" requested_mask="tracedby" denied_mask="tracedby" peer="docker-default"
audit: type=1400 audit(1543348900.355:899): apparmor="DENIED" operation="ptrace" profile="docker-default" pid=4763 comm="ps" requested_mask="tracedby" denied_mask="tracedby" peer="docker-default"
audit: type=1400 audit(1543348900.355:900): apparmor="DENIED" operation="ptrace" profile="docker-default" pid=4763 comm="ps" requested_mask="tracedby" denied_mask="tracedby" peer="docker-default"
audit: type=1400 audit(1543348900.355:901): apparmor="DENIED" operation="ptrace" profile="docker-default" pid=4763 comm="ps" requested_mask="tracedby" denied_mask="tracedby" peer="docker-default"
audit: type=1400 audit(1543348900.355:902): apparmor="DENIED" operation="ptrace" profile="docker-default" pid=4763 comm="ps" requested_mask="tracedby" denied_mask="tracedby" peer="docker-default"
audit: type=1400 audit(1543348900.355:903): apparmor="DENIED" operation="ptrace" profile="docker-default" pid=4763 comm="ps" requested_mask="tracedby" denied_mask="tracedby" peer="docker-default"
audit: type=1400 audit(1543348900.363:904): apparmor="DENIED" operation="ptrace" profile="docker-default" pid=4765 comm="ps" requested_mask="tracedby" denied_mask="tracedby" peer="docker-default"
audit: type=1400 audit(1543348900.363:905): apparmor="DENIED" operation="ptrace" profile="docker-default" pid=4765 comm="ps" requested_mask="tracedby" denied_mask="tracedby" peer="docker-default"
audit: type=1400 audit(1543348900.363:906): apparmor="DENIED" operation="ptrace" profile="docker-default" pid=4765 comm="ps" requested_mask="tracedby" denied_mask="tracedby" peer="docker-default"
audit: type=1400 audit(1543348900.363:907): apparmor="DENIED" operation="ptrace" profile="docker-default" pid=4765 comm="ps" requested_mask="tracedby" denied_mask="tracedby" peer="docker-default"
kauditd_printk_skb: 567 callbacks suppressed
audit: type=1400 audit(1543348936.779:1475): apparmor="DENIED" operation="ptrace" profile="docker-default" pid=5061 comm="ps" requested_mask="tracedby" denied_mask="tracedby" peer="docker-default"
audit: type=1400 audit(1543348936.779:1476): apparmor="DENIED" operation="ptrace" profile="docker-default" pid=5061 comm="ps" requested_mask="tracedby" denied_mask="tracedby" peer="docker-default"
audit: type=1400 audit(1543348936.779:1477): apparmor="DENIED" operation="ptrace" profile="docker-default" pid=5061 comm="ps" requested_mask="tracedby" denied_mask="tracedby" peer="docker-default"
audit: type=1400 audit(1543348936.779:1478): apparmor="DENIED" operation="ptrace" profile="docker-default" pid=5061 comm="ps" requested_mask="tracedby" denied_mask="tracedby" peer="docker-default"
audit: type=1400 audit(1543348936.783:1479): apparmor="DENIED" operation="ptrace" profile="docker-default" pid=5061 comm="ps" requested_mask="tracedby" denied_mask="tracedby" peer="docker-default"
audit: type=1400 audit(1543348936.783:1480): apparmor="DENIED" operation="ptrace" profile="docker-default" pid=5061 comm="ps" requested_mask="tracedby" denied_mask="tracedby" peer="docker-default"
audit: type=1400 audit(1543348936.783:1481): apparmor="DENIED" operation="ptrace" profile="docker-default" pid=5061 comm="ps" requested_mask="tracedby" denied_mask="tracedby" peer="docker-default"
audit: type=1400 audit(1543348936.783:1482): apparmor="DENIED" operation="ptrace" profile="docker-default" pid=5061 comm="ps" requested_mask="tracedby" denied_mask="tracedby" peer="docker-default"
audit: type=1400 audit(1543348936.783:1483): apparmor="DENIED" operation="ptrace" profile="docker-default" pid=5061 comm="ps" requested_mask="tracedby" denied_mask="tracedby" peer="docker-default"
audit: type=1400 audit(1543348936.787:1484): apparmor="DENIED" operation="ptrace" profile="docker-default" pid=5063 comm="ps" requested_mask="tracedby" denied_mask="tracedby" peer="docker-default"
kauditd_printk_skb: 1269 callbacks suppressed
audit: type=1400 audit(1543350027.343:2754): apparmor="DENIED" operation="ptrace" profile="docker-default" pid=6001 comm="ps" requested_mask="tracedby" denied_mask="tracedby" peer="docker-default"
audit: type=1400 audit(1543350027.343:2755): apparmor="DENIED" operation="ptrace" profile="docker-default" pid=6001 comm="ps" requested_mask="tracedby" denied_mask="tracedby" peer="docker-default"
audit: type=1400 audit(1543350027.343:2756): apparmor="DENIED" operation="ptrace" profile="docker-default" pid=6001 comm="ps" requested_mask="tracedby" denied_mask="tracedby" peer="docker-default"
audit: type=1400 audit(1543350027.343:2757): apparmor="DENIED" operation="ptrace" profile="docker-default" pid=6001 comm="ps" requested_mask="tracedby" denied_mask="tracedby" peer="docker-default"
audit: type=1400 audit(1543350027.343:2758): apparmor="DENIED" operation="ptrace" profile="docker-default" pid=6001 comm="ps" requested_mask="tracedby" denied_mask="tracedby" peer="docker-default"
audit: type=1400 audit(1543350027.343:2759): apparmor="DENIED" operation="ptrace" profile="docker-default" pid=6001 comm="ps" requested_mask="tracedby" denied_mask="tracedby" peer="docker-default"
audit: type=1400 audit(1543350027.343:2760): apparmor="DENIED" operation="ptrace" profile="docker-default" pid=6001 comm="ps" requested_mask="tracedby" denied_mask="tracedby" peer="docker-default"
audit: type=1400 audit(1543350027.343:2761): apparmor="DENIED" operation="ptrace" profile="docker-default" pid=6001 comm="ps" requested_mask="tracedby" denied_mask="tracedby" peer="docker-default"
audit: type=1400 audit(1543350027.343:2762): apparmor="DENIED" operation="ptrace" profile="docker-default" pid=6001 comm="ps" requested_mask="tracedby" denied_mask="tracedby" peer="docker-default"
audit: type=1400 audit(1543350027.351:2763): apparmor="DENIED" operation="ptrace" profile="docker-default" pid=6003 comm="ps" requested_mask="tracedby" denied_mask="tracedby" peer="docker-default"
kauditd_printk_skb: 2060 callbacks suppressed
audit: type=1400 audit(1543351181.506:4824): apparmor="DENIED" operation="ptrace" profile="docker-default" pid=6812 comm="ps" requested_mask="tracedby" denied_mask="tracedby" peer="docker-default"
audit: type=1400 audit(1543351181.506:4825): apparmor="DENIED" operation="ptrace" profile="docker-default" pid=6812 comm="ps" requested_mask="tracedby" denied_mask="tracedby" peer="docker-default"
audit: type=1400 audit(1543351181.506:4826): apparmor="DENIED" operation="ptrace" profile="docker-default" pid=6812 comm="ps" requested_mask="tracedby" denied_mask="tracedby" peer="docker-default"
audit: type=1400 audit(1543351181.506:4827): apparmor="DENIED" operation="ptrace" profile="docker-default" pid=6812 comm="ps" requested_mask="tracedby" denied_mask="tracedby" peer="docker-default"
audit: type=1400 audit(1543351181.506:4828): apparmor="DENIED" operation="ptrace" profile="docker-default" pid=6812 comm="ps" requested_mask="tracedby" denied_mask="tracedby" peer="docker-default"
audit: type=1400 audit(1543351181.506:4829): apparmor="DENIED" operation="ptrace" profile="docker-default" pid=6812 comm="ps" requested_mask="tracedby" denied_mask="tracedby" peer="docker-default"
audit: type=1400 audit(1543351181.506:4830): apparmor="DENIED" operation="ptrace" profile="docker-default" pid=6812 comm="ps" requested_mask="tracedby" denied_mask="tracedby" peer="docker-default"
audit: type=1400 audit(1543351181.506:4831): apparmor="DENIED" operation="ptrace" profile="docker-default" pid=6812 comm="ps" requested_mask="tracedby" denied_mask="tracedby" peer="docker-default"
audit: type=1400 audit(1543351181.506:4832): apparmor="DENIED" operation="ptrace" profile="docker-default" pid=6812 comm="ps" requested_mask="tracedby" denied_mask="tracedby" peer="docker-default"
audit: type=1400 audit(1543351181.510:4833): apparmor="DENIED" operation="ptrace" profile="docker-default" pid=6814 comm="ps" requested_mask="tracedby" denied_mask="tracedby" peer="docker-default"
kauditd_printk_skb: 1232 callbacks suppressed
audit: type=1400 audit(1543351187.175:6066): apparmor="DENIED" operation="ptrace" profile="docker-default" pid=7184 comm="ps" requested_mask="tracedby" denied_mask="tracedby" peer="docker-default"
audit: type=1400 audit(1543351187.175:6067): apparmor="DENIED" operation="ptrace" profile="docker-default" pid=7184 comm="ps" requested_mask="tracedby" denied_mask="tracedby" peer="docker-default"
audit: type=1400 audit(1543351187.175:6068): apparmor="DENIED" operation="ptrace" profile="docker-default" pid=7184 comm="ps" requested_mask="tracedby" denied_mask="tracedby" peer="docker-default"
audit: type=1400 audit(1543351187.175:6069): apparmor="DENIED" operation="ptrace" profile="docker-default" pid=7184 comm="ps" requested_mask="tracedby" denied_mask="tracedby" peer="docker-default"
audit: type=1400 audit(1543351187.175:6070): apparmor="DENIED" operation="ptrace" profile="docker-default" pid=7184 comm="ps" requested_mask="tracedby" denied_mask="tracedby" peer="docker-default"
audit: type=1400 audit(1543351187.175:6071): apparmor="DENIED" operation="ptrace" profile="docker-default" pid=7184 comm="ps" requested_mask="tracedby" denied_mask="tracedby" peer="docker-default"
audit: type=1400 audit(1543351187.175:6072): apparmor="DENIED" operation="ptrace" profile="docker-default" pid=7184 comm="ps" requested_mask="tracedby" denied_mask="tracedby" peer="docker-default"
audit: type=1400 audit(1543351187.175:6073): apparmor="DENIED" operation="ptrace" profile="docker-default" pid=7184 comm="ps" requested_mask="tracedby" denied_mask="tracedby" peer="docker-default"
audit: type=1400 audit(1543351187.175:6074): apparmor="DENIED" operation="ptrace" profile="docker-default" pid=7184 comm="ps" requested_mask="tracedby" denied_mask="tracedby" peer="docker-default"
audit: type=1400 audit(1543351187.179:6075): apparmor="DENIED" operation="ptrace" profile="docker-default" pid=7186 comm="ps" requested_mask="tracedby" denied_mask="tracedby" peer="docker-default"
kauditd_printk_skb: 1232 callbacks suppressed
audit: type=1400 audit(1543351296.256:7308): apparmor="DENIED" operation="ptrace" profile="docker-default" pid=7657 comm="ps" requested_mask="tracedby" denied_mask="tracedby" peer="docker-default"
audit: type=1400 audit(1543351296.256:7309): apparmor="DENIED" operation="ptrace" profile="docker-default" pid=7657 comm="ps" requested_mask="tracedby" denied_mask="tracedby" peer="docker-default"
audit: type=1400 audit(1543351296.256:7310): apparmor="DENIED" operation="ptrace" profile="docker-default" pid=7657 comm="ps" requested_mask="tracedby" denied_mask="tracedby" peer="docker-default"
audit: type=1400 audit(1543351296.256:7311): apparmor="DENIED" operation="ptrace" profile="docker-default" pid=7657 comm="ps" requested_mask="tracedby" denied_mask="tracedby" peer="docker-default"
audit: type=1400 audit(1543351296.256:7312): apparmor="DENIED" operation="ptrace" profile="docker-default" pid=7657 comm="ps" requested_mask="tracedby" denied_mask="tracedby" peer="docker-default"
audit: type=1400 audit(1543351296.256:7313): apparmor="DENIED" operation="ptrace" profile="docker-default" pid=7657 comm="ps" requested_mask="tracedby" denied_mask="tracedby" peer="docker-default"
audit: type=1400 audit(1543351296.256:7314): apparmor="DENIED" operation="ptrace" profile="docker-default" pid=7657 comm="ps" requested_mask="tracedby" denied_mask="tracedby" peer="docker-default"
audit: type=1400 audit(1543351296.256:7315): apparmor="DENIED" operation="ptrace" profile="docker-default" pid=7657 comm="ps" requested_mask="tracedby" denied_mask="tracedby" peer="docker-default"
audit: type=1400 audit(1543351296.256:7316): apparmor="DENIED" operation="ptrace" profile="docker-default" pid=7657 comm="ps" requested_mask="tracedby" denied_mask="tracedby" peer="docker-default"
audit: type=1400 audit(1543351296.264:7317): apparmor="DENIED" operation="ptrace" profile="docker-default" pid=7659 comm="ps" requested_mask="tracedby" denied_mask="tracedby" peer="docker-default"
kauditd_printk_skb: 1232 callbacks suppressed
audit: type=1400 audit(1543351480.129:8550): apparmor="DENIED" operation="ptrace" profile="docker-default" pid=8060 comm="ps" requested_mask="tracedby" denied_mask="tracedby" peer="docker-default"
audit: type=1400 audit(1543351480.129:8551): apparmor="DENIED" operation="ptrace" profile="docker-default" pid=8060 comm="ps" requested_mask="tracedby" denied_mask="tracedby" peer="docker-default"
audit: type=1400 audit(1543351480.129:8552): apparmor="DENIED" operation="ptrace" profile="docker-default" pid=8060 comm="ps" requested_mask="tracedby" denied_mask="tracedby" peer="docker-default"
audit: type=1400 audit(1543351480.129:8553): apparmor="DENIED" operation="ptrace" profile="docker-default" pid=8060 comm="ps" requested_mask="tracedby" denied_mask="tracedby" peer="docker-default"
audit: type=1400 audit(1543351480.129:8554): apparmor="DENIED" operation="ptrace" profile="docker-default" pid=8060 comm="ps" requested_mask="tracedby" denied_mask="tracedby" peer="docker-default"
audit: type=1400 audit(1543351480.129:8555): apparmor="DENIED" operation="ptrace" profile="docker-default" pid=8060 comm="ps" requested_mask="tracedby" denied_mask="tracedby" peer="docker-default"
audit: type=1400 audit(1543351480.129:8556): apparmor="DENIED" operation="ptrace" profile="docker-default" pid=8060 comm="ps" requested_mask="tracedby" denied_mask="tracedby" peer="docker-default"
audit: type=1400 audit(1543351480.129:8557): apparmor="DENIED" operation="ptrace" profile="docker-default" pid=8060 comm="ps" requested_mask="tracedby" denied_mask="tracedby" peer="docker-default"
audit: type=1400 audit(1543351480.129:8558): apparmor="DENIED" operation="ptrace" profile="docker-default" pid=8060 comm="ps" requested_mask="tracedby" denied_mask="tracedby" peer="docker-default"
audit: type=1400 audit(1543351480.137:8559): apparmor="DENIED" operation="ptrace" profile="docker-default" pid=8062 comm="ps" requested_mask="tracedby" denied_mask="tracedby" peer="docker-default"
kauditd_printk_skb: 1232 callbacks suppressed
audit: type=1400 audit(1543351541.518:9792): apparmor="DENIED" operation="ptrace" profile="docker-default" pid=8516 comm="ps" requested_mask="tracedby" denied_mask="tracedby" peer="docker-default"
audit: type=1400 audit(1543351541.518:9793): apparmor="DENIED" operation="ptrace" profile="docker-default" pid=8516 comm="ps" requested_mask="tracedby" denied_mask="tracedby" peer="docker-default"
audit: type=1400 audit(1543351541.518:9794): apparmor="DENIED" operation="ptrace" profile="docker-default" pid=8516 comm="ps" requested_mask="tracedby" denied_mask="tracedby" peer="docker-default"
audit: type=1400 audit(1543351541.518:9795): apparmor="DENIED" operation="ptrace" profile="docker-default" pid=8516 comm="ps" requested_mask="tracedby" denied_mask="tracedby" peer="docker-default"
audit: type=1400 audit(1543351541.518:9796): apparmor="DENIED" operation="ptrace" profile="docker-default" pid=8516 comm="ps" requested_mask="tracedby" denied_mask="tracedby" peer="docker-default"
audit: type=1400 audit(1543351541.518:9797): apparmor="DENIED" operation="ptrace" profile="docker-default" pid=8516 comm="ps" requested_mask="tracedby" denied_mask="tracedby" peer="docker-default"
audit: type=1400 audit(1543351541.518:9798): apparmor="DENIED" operation="ptrace" profile="docker-default" pid=8516 comm="ps" requested_mask="tracedby" denied_mask="tracedby" peer="docker-default"
audit: type=1400 audit(1543351541.518:9799): apparmor="DENIED" operation="ptrace" profile="docker-default" pid=8516 comm="ps" requested_mask="tracedby" denied_mask="tracedby" peer="docker-default"
audit: type=1400 audit(1543351541.518:9800): apparmor="DENIED" operation="ptrace" profile="docker-default" pid=8516 comm="ps" requested_mask="tracedby" denied_mask="tracedby" peer="docker-default"
audit: type=1400 audit(1543351541.522:9801): apparmor="DENIED" operation="ptrace" profile="docker-default" pid=8518 comm="ps" requested_mask="tracedby" denied_mask="tracedby" peer="docker-default"
kauditd_printk_skb: 1232 callbacks suppressed
audit: type=1400 audit(1543351831.632:11034): apparmor="DENIED" operation="ptrace" profile="docker-default" pid=8975 comm="ps" requested_mask="tracedby" denied_mask="tracedby" peer="docker-default"
audit: type=1400 audit(1543351831.632:11035): apparmor="DENIED" operation="ptrace" profile="docker-default" pid=8975 comm="ps" requested_mask="tracedby" denied_mask="tracedby" peer="docker-default"
audit: type=1400 audit(1543351831.632:11036): apparmor="DENIED" operation="ptrace" profile="docker-default" pid=8975 comm="ps" requested_mask="tracedby" denied_mask="tracedby" peer="docker-default"
audit: type=1400 audit(1543351831.632:11037): apparmor="DENIED" operation="ptrace" profile="docker-default" pid=8975 comm="ps" requested_mask="tracedby" denied_mask="tracedby" peer="docker-default"
audit: type=1400 audit(1543351831.632:11038): apparmor="DENIED" operation="ptrace" profile="docker-default" pid=8975 comm="ps" requested_mask="tracedby" denied_mask="tracedby" peer="docker-default"
audit: type=1400 audit(1543351831.632:11039): apparmor="DENIED" operation="ptrace" profile="docker-default" pid=8975 comm="ps" requested_mask="tracedby" denied_mask="tracedby" peer="docker-default"
audit: type=1400 audit(1543351831.632:11040): apparmor="DENIED" operation="ptrace" profile="docker-default" pid=8975 comm="ps" requested_mask="tracedby" denied_mask="tracedby" peer="docker-default"
audit: type=1400 audit(1543351831.632:11041): apparmor="DENIED" operation="ptrace" profile="docker-default" pid=8975 comm="ps" requested_mask="tracedby" denied_mask="tracedby" peer="docker-default"
audit: type=1400 audit(1543351831.632:11042): apparmor="DENIED" operation="ptrace" profile="docker-default" pid=8975 comm="ps" requested_mask="tracedby" denied_mask="tracedby" peer="docker-default"
audit: type=1400 audit(1543351831.636:11043): apparmor="DENIED" operation="ptrace" profile="docker-default" pid=8977 comm="ps" requested_mask="tracedby" denied_mask="tracedby" peer="docker-default"
kauditd_printk_skb: 1232 callbacks suppressed
audit: type=1400 audit(1543352683.160:12276): apparmor="DENIED" operation="ptrace" profile="docker-default" pid=9622 comm="ps" requested_mask="tracedby" denied_mask="tracedby" peer="docker-default"
audit: type=1400 audit(1543352683.164:12277): apparmor="DENIED" operation="ptrace" profile="docker-default" pid=9622 comm="ps" requested_mask="tracedby" denied_mask="tracedby" peer="docker-default"
audit: type=1400 audit(1543352683.164:12278): apparmor="DENIED" operation="ptrace" profile="docker-default" pid=9622 comm="ps" requested_mask="tracedby" denied_mask="tracedby" peer="docker-default"
audit: type=1400 audit(1543352683.164:12279): apparmor="DENIED" operation="ptrace" profile="docker-default" pid=9622 comm="ps" requested_mask="tracedby" denied_mask="tracedby" peer="docker-default"
audit: type=1400 audit(1543352683.164:12280): apparmor="DENIED" operation="ptrace" profile="docker-default" pid=9622 comm="ps" requested_mask="tracedby" denied_mask="tracedby" peer="docker-default"
audit: type=1400 audit(1543352683.164:12281): apparmor="DENIED" operation="ptrace" profile="docker-default" pid=9622 comm="ps" requested_mask="tracedby" denied_mask="tracedby" peer="docker-default"
audit: type=1400 audit(1543352683.164:12282): apparmor="DENIED" operation="ptrace" profile="docker-default" pid=9622 comm="ps" requested_mask="tracedby" denied_mask="tracedby" peer="docker-default"
audit: type=1400 audit(1543352683.164:12283): apparmor="DENIED" operation="ptrace" profile="docker-default" pid=9622 comm="ps" requested_mask="tracedby" denied_mask="tracedby" peer="docker-default"
audit: type=1400 audit(1543352683.164:12284): apparmor="DENIED" operation="ptrace" profile="docker-default" pid=9622 comm="ps" requested_mask="tracedby" denied_mask="tracedby" peer="docker-default"
audit: type=1400 audit(1543352683.168:12285): apparmor="DENIED" operation="ptrace" profile="docker-default" pid=9624 comm="ps" requested_mask="tracedby" denied_mask="tracedby" peer="docker-default"
kauditd_printk_skb: 1232 callbacks suppressed
audit: type=1400 audit(1543352875.181:13518): apparmor="DENIED" operation="ptrace" profile="docker-default" pid=10122 comm="ps" requested_mask="tracedby" denied_mask="tracedby" peer="docker-default"
audit: type=1400 audit(1543352875.181:13519): apparmor="DENIED" operation="ptrace" profile="docker-default" pid=10122 comm="ps" requested_mask="tracedby" denied_mask="tracedby" peer="docker-default"
audit: type=1400 audit(1543352875.181:13520): apparmor="DENIED" operation="ptrace" profile="docker-default" pid=10122 comm="ps" requested_mask="tracedby" denied_mask="tracedby" peer="docker-default"
audit: type=1400 audit(1543352875.181:13521): apparmor="DENIED" operation="ptrace" profile="docker-default" pid=10122 comm="ps" requested_mask="tracedby" denied_mask="tracedby" peer="docker-default"
audit: type=1400 audit(1543352875.181:13522): apparmor="DENIED" operation="ptrace" profile="docker-default" pid=10122 comm="ps" requested_mask="tracedby" denied_mask="tracedby" peer="docker-default"
audit: type=1400 audit(1543352875.181:13523): apparmor="DENIED" operation="ptrace" profile="docker-default" pid=10122 comm="ps" requested_mask="tracedby" denied_mask="tracedby" peer="docker-default"
audit: type=1400 audit(1543352875.181:13524): apparmor="DENIED" operation="ptrace" profile="docker-default" pid=10122 comm="ps" requested_mask="tracedby" denied_mask="tracedby" peer="docker-default"
audit: type=1400 audit(1543352875.181:13525): apparmor="DENIED" operation="ptrace" profile="docker-default" pid=10122 comm="ps" requested_mask="tracedby" denied_mask="tracedby" peer="docker-default"
audit: type=1400 audit(1543352875.181:13526): apparmor="DENIED" operation="ptrace" profile="docker-default" pid=10122 comm="ps" requested_mask="tracedby" denied_mask="tracedby" peer="docker-default"
audit: type=1400 audit(1543352875.185:13527): apparmor="DENIED" operation="ptrace" profile="docker-default" pid=10124 comm="ps" requested_mask="tracedby" denied_mask="tracedby" peer="docker-default"
kauditd_printk_skb: 1232 callbacks suppressed
audit: type=1400 audit(1543353893.076:14760): apparmor="DENIED" operation="ptrace" profile="docker-default" pid=10739 comm="ps" requested_mask="tracedby" denied_mask="tracedby" peer="docker-default"
audit: type=1400 audit(1543353893.076:14761): apparmor="DENIED" operation="ptrace" profile="docker-default" pid=10739 comm="ps" requested_mask="tracedby" denied_mask="tracedby" peer="docker-default"
audit: type=1400 audit(1543353893.076:14762): apparmor="DENIED" operation="ptrace" profile="docker-default" pid=10739 comm="ps" requested_mask="tracedby" denied_mask="tracedby" peer="docker-default"
audit: type=1400 audit(1543353893.076:14763): apparmor="DENIED" operation="ptrace" profile="docker-default" pid=10739 comm="ps" requested_mask="tracedby" denied_mask="tracedby" peer="docker-default"
audit: type=1400 audit(1543353893.076:14764): apparmor="DENIED" operation="ptrace" profile="docker-default" pid=10739 comm="ps" requested_mask="tracedby" denied_mask="tracedby" peer="docker-default"
audit: type=1400 audit(1543353893.076:14765): apparmor="DENIED" operation="ptrace" profile="docker-default" pid=10739 comm="ps" requested_mask="tracedby" denied_mask="tracedby" peer="docker-default"
audit: type=1400 audit(1543353893.076:14766): apparmor="DENIED" operation="ptrace" profile="docker-default" pid=10739 comm="ps" requested_mask="tracedby" denied_mask="tracedby" peer="docker-default"
audit: type=1400 audit(1543353893.076:14767): apparmor="DENIED" operation="ptrace" profile="docker-default" pid=10739 comm="ps" requested_mask="tracedby" denied_mask="tracedby" peer="docker-default"
audit: type=1400 audit(1543353893.076:14768): apparmor="DENIED" operation="ptrace" profile="docker-default" pid=10739 comm="ps" requested_mask="tracedby" denied_mask="tracedby" peer="docker-default"
audit: type=1400 audit(1543353893.080:14769): apparmor="DENIED" operation="ptrace" profile="docker-default" pid=10741 comm="ps" requested_mask="tracedby" denied_mask="tracedby" peer="docker-default"
kauditd_printk_skb: 1232 callbacks suppressed
audit: type=1400 audit(1543354765.982:16002): apparmor="DENIED" operation="ptrace" profile="docker-default" pid=11277 comm="ps" requested_mask="tracedby" denied_mask="tracedby" peer="docker-default"
audit: type=1400 audit(1543354765.982:16003): apparmor="DENIED" operation="ptrace" profile="docker-default" pid=11277 comm="ps" requested_mask="tracedby" denied_mask="tracedby" peer="docker-default"
audit: type=1400 audit(1543354765.982:16004): apparmor="DENIED" operation="ptrace" profile="docker-default" pid=11277 comm="ps" requested_mask="tracedby" denied_mask="tracedby" peer="docker-default"
audit: type=1400 audit(1543354765.982:16005): apparmor="DENIED" operation="ptrace" profile="docker-default" pid=11277 comm="ps" requested_mask="tracedby" denied_mask="tracedby" peer="docker-default"
audit: type=1400 audit(1543354765.982:16006): apparmor="DENIED" operation="ptrace" profile="docker-default" pid=11277 comm="ps" requested_mask="tracedby" denied_mask="tracedby" peer="docker-default"
audit: type=1400 audit(1543354765.982:16007): apparmor="DENIED" operation="ptrace" profile="docker-default" pid=11277 comm="ps" requested_mask="tracedby" denied_mask="tracedby" peer="docker-default"
audit: type=1400 audit(1543354765.982:16008): apparmor="DENIED" operation="ptrace" profile="docker-default" pid=11277 comm="ps" requested_mask="tracedby" denied_mask="tracedby" peer="docker-default"
audit: type=1400 audit(1543354765.982:16009): apparmor="DENIED" operation="ptrace" profile="docker-default" pid=11277 comm="ps" requested_mask="tracedby" denied_mask="tracedby" peer="docker-default"
audit: type=1400 audit(1543354765.982:16010): apparmor="DENIED" operation="ptrace" profile="docker-default" pid=11277 comm="ps" requested_mask="tracedby" denied_mask="tracedby" peer="docker-default"
audit: type=1400 audit(1543354765.986:16011): apparmor="DENIED" operation="ptrace" profile="docker-default" pid=11279 comm="ps" requested_mask="tracedby" denied_mask="tracedby" peer="docker-default"
kauditd_printk_skb: 1232 callbacks suppressed
audit: type=1400 audit(1543354916.083:17244): apparmor="DENIED" operation="ptrace" profile="docker-default" pid=22378 comm="ps" requested_mask="tracedby" denied_mask="tracedby" peer="docker-default"
audit: type=1400 audit(1543354916.083:17245): apparmor="DENIED" operation="ptrace" profile="docker-default" pid=22378 comm="ps" requested_mask="tracedby" denied_mask="tracedby" peer="docker-default"
audit: type=1400 audit(1543354916.083:17246): apparmor="DENIED" operation="ptrace" profile="docker-default" pid=22378 comm="ps" requested_mask="tracedby" denied_mask="tracedby" peer="docker-default"
audit: type=1400 audit(1543354916.083:17247): apparmor="DENIED" operation="ptrace" profile="docker-default" pid=22378 comm="ps" requested_mask="tracedby" denied_mask="tracedby" peer="docker-default"
audit: type=1400 audit(1543354916.083:17248): apparmor="DENIED" operation="ptrace" profile="docker-default" pid=22378 comm="ps" requested_mask="tracedby" denied_mask="tracedby" peer="docker-default"
audit: type=1400 audit(1543354916.083:17249): apparmor="DENIED" operation="ptrace" profile="docker-default" pid=22378 comm="ps" requested_mask="tracedby" denied_mask="tracedby" peer="docker-default"
audit: type=1400 audit(1543354916.083:17250): apparmor="DENIED" operation="ptrace" profile="docker-default" pid=22378 comm="ps" requested_mask="tracedby" denied_mask="tracedby" peer="docker-default"
audit: type=1400 audit(1543354916.083:17251): apparmor="DENIED" operation="ptrace" profile="docker-default" pid=22378 comm="ps" requested_mask="tracedby" denied_mask="tracedby" peer="docker-default"
audit: type=1400 audit(1543354916.083:17252): apparmor="DENIED" operation="ptrace" profile="docker-default" pid=22378 comm="ps" requested_mask="tracedby" denied_mask="tracedby" peer="docker-default"
audit: type=1400 audit(1543354916.087:17253): apparmor="DENIED" operation="ptrace" profile="docker-default" pid=22380 comm="ps" requested_mask="tracedby" denied_mask="tracedby" peer="docker-default"
kauditd_printk_skb: 1232 callbacks suppressed
audit: type=1400 audit(1543355132.434:18486): apparmor="DENIED" operation="ptrace" profile="docker-default" pid=22045 comm="ps" requested_mask="tracedby" denied_mask="tracedby" peer="docker-default"
audit: type=1400 audit(1543355132.434:18487): apparmor="DENIED" operation="ptrace" profile="docker-default" pid=22045 comm="ps" requested_mask="tracedby" denied_mask="tracedby" peer="docker-default"
audit: type=1400 audit(1543355132.434:18488): apparmor="DENIED" operation="ptrace" profile="docker-default" pid=22045 comm="ps" requested_mask="tracedby" denied_mask="tracedby" peer="docker-default"
audit: type=1400 audit(1543355132.434:18489): apparmor="DENIED" operation="ptrace" profile="docker-default" pid=22045 comm="ps" requested_mask="tracedby" denied_mask="tracedby" peer="docker-default"
audit: type=1400 audit(1543355132.434:18490): apparmor="DENIED" operation="ptrace" profile="docker-default" pid=22045 comm="ps" requested_mask="tracedby" denied_mask="tracedby" peer="docker-default"
audit: type=1400 audit(1543355132.434:18491): apparmor="DENIED" operation="ptrace" profile="docker-default" pid=22045 comm="ps" requested_mask="tracedby" denied_mask="tracedby" peer="docker-default"
audit: type=1400 audit(1543355132.434:18492): apparmor="DENIED" operation="ptrace" profile="docker-default" pid=22045 comm="ps" requested_mask="tracedby" denied_mask="tracedby" peer="docker-default"
audit: type=1400 audit(1543355132.434:18493): apparmor="DENIED" operation="ptrace" profile="docker-default" pid=22045 comm="ps" requested_mask="tracedby" denied_mask="tracedby" peer="docker-default"
audit: type=1400 audit(1543355132.434:18494): apparmor="DENIED" operation="ptrace" profile="docker-default" pid=22045 comm="ps" requested_mask="tracedby" denied_mask="tracedby" peer="docker-default"
audit: type=1400 audit(1543355132.438:18495): apparmor="DENIED" operation="ptrace" profile="docker-default" pid=22047 comm="ps" requested_mask="tracedby" denied_mask="tracedby" peer="docker-default"
kauditd_printk_skb: 1232 callbacks suppressed
audit: type=1400 audit(1543355328.912:19728): apparmor="DENIED" operation="ptrace" profile="docker-default" pid=22495 comm="ps" requested_mask="tracedby" denied_mask="tracedby" peer="docker-default"
audit: type=1400 audit(1543355328.912:19729): apparmor="DENIED" operation="ptrace" profile="docker-default" pid=22495 comm="ps" requested_mask="tracedby" denied_mask="tracedby" peer="docker-default"
audit: type=1400 audit(1543355328.912:19730): apparmor="DENIED" operation="ptrace" profile="docker-default" pid=22495 comm="ps" requested_mask="tracedby" denied_mask="tracedby" peer="docker-default"
audit: type=1400 audit(1543355328.912:19731): apparmor="DENIED" operation="ptrace" profile="docker-default" pid=22495 comm="ps" requested_mask="tracedby" denied_mask="tracedby" peer="docker-default"
audit: type=1400 audit(1543355328.916:19732): apparmor="DENIED" operation="ptrace" profile="docker-default" pid=22495 comm="ps" requested_mask="tracedby" denied_mask="tracedby" peer="docker-default"
audit: type=1400 audit(1543355328.916:19733): apparmor="DENIED" operation="ptrace" profile="docker-default" pid=22495 comm="ps" requested_mask="tracedby" denied_mask="tracedby" peer="docker-default"
audit: type=1400 audit(1543355328.916:19734): apparmor="DENIED" operation="ptrace" profile="docker-default" pid=22495 comm="ps" requested_mask="tracedby" denied_mask="tracedby" peer="docker-default"
audit: type=1400 audit(1543355328.916:19735): apparmor="DENIED" operation="ptrace" profile="docker-default" pid=22495 comm="ps" requested_mask="tracedby" denied_mask="tracedby" peer="docker-default"
audit: type=1400 audit(1543355328.916:19736): apparmor="DENIED" operation="ptrace" profile="docker-default" pid=22495 comm="ps" requested_mask="tracedby" denied_mask="tracedby" peer="docker-default"
audit: type=1400 audit(1543355328.920:19737): apparmor="DENIED" operation="ptrace" profile="docker-default" pid=22497 comm="ps" requested_mask="tracedby" denied_mask="tracedby" peer="docker-default"
kauditd_printk_skb: 1232 callbacks suppressed
audit: type=1400 audit(1543355577.586:20970): apparmor="DENIED" operation="ptrace" profile="docker-default" pid=22925 comm="ps" requested_mask="tracedby" denied_mask="tracedby" peer="docker-default"
audit: type=1400 audit(1543355577.586:20971): apparmor="DENIED" operation="ptrace" profile="docker-default" pid=22925 comm="ps" requested_mask="tracedby" denied_mask="tracedby" peer="docker-default"
audit: type=1400 audit(1543355577.586:20972): apparmor="DENIED" operation="ptrace" profile="docker-default" pid=22925 comm="ps" requested_mask="tracedby" denied_mask="tracedby" peer="docker-default"
audit: type=1400 audit(1543355577.586:20973): apparmor="DENIED" operation="ptrace" profile="docker-default" pid=22925 comm="ps" requested_mask="tracedby" denied_mask="tracedby" peer="docker-default"
audit: type=1400 audit(1543355577.586:20974): apparmor="DENIED" operation="ptrace" profile="docker-default" pid=22925 comm="ps" requested_mask="tracedby" denied_mask="tracedby" peer="docker-default"
audit: type=1400 audit(1543355577.586:20975): apparmor="DENIED" operation="ptrace" profile="docker-default" pid=22925 comm="ps" requested_mask="tracedby" denied_mask="tracedby" peer="docker-default"
audit: type=1400 audit(1543355577.586:20976): apparmor="DENIED" operation="ptrace" profile="docker-default" pid=22925 comm="ps" requested_mask="tracedby" denied_mask="tracedby" peer="docker-default"
audit: type=1400 audit(1543355577.586:20977): apparmor="DENIED" operation="ptrace" profile="docker-default" pid=22925 comm="ps" requested_mask="tracedby" denied_mask="tracedby" peer="docker-default"
audit: type=1400 audit(1543355577.586:20978): apparmor="DENIED" operation="ptrace" profile="docker-default" pid=22925 comm="ps" requested_mask="tracedby" denied_mask="tracedby" peer="docker-default"
audit: type=1400 audit(1543355577.594:20979): apparmor="DENIED" operation="ptrace" profile="docker-default" pid=22927 comm="ps" requested_mask="tracedby" denied_mask="tracedby" peer="docker-default"
kauditd_printk_skb: 2073 callbacks suppressed
audit: type=1400 audit(1543355584.070:23053): apparmor="DENIED" operation="ptrace" profile="docker-default" pid=23530 comm="ps" requested_mask="tracedby" denied_mask="tracedby" peer="docker-default"
audit: type=1400 audit(1543355584.070:23054): apparmor="DENIED" operation="ptrace" profile="docker-default" pid=23530 comm="ps" requested_mask="tracedby" denied_mask="tracedby" peer="docker-default"
audit: type=1400 audit(1543355584.070:23055): apparmor="DENIED" operation="ptrace" profile="docker-default" pid=23530 comm="ps" requested_mask="tracedby" denied_mask="tracedby" peer="docker-default"
audit: type=1400 audit(1543355584.070:23056): apparmor="DENIED" operation="ptrace" profile="docker-default" pid=23530 comm="ps" requested_mask="tracedby" denied_mask="tracedby" peer="docker-default"
audit: type=1400 audit(1543355584.070:23057): apparmor="DENIED" operation="ptrace" profile="docker-default" pid=23530 comm="ps" requested_mask="tracedby" denied_mask="tracedby" peer="docker-default"
audit: type=1400 audit(1543355584.070:23058): apparmor="DENIED" operation="ptrace" profile="docker-default" pid=23530 comm="ps" requested_mask="tracedby" denied_mask="tracedby" peer="docker-default"
audit: type=1400 audit(1543355584.070:23059): apparmor="DENIED" operation="ptrace" profile="docker-default" pid=23530 comm="ps" requested_mask="tracedby" denied_mask="tracedby" peer="docker-default"
audit: type=1400 audit(1543355584.070:23060): apparmor="DENIED" operation="ptrace" profile="docker-default" pid=23530 comm="ps" requested_mask="tracedby" denied_mask="tracedby" peer="docker-default"
audit: type=1400 audit(1543355584.070:23061): apparmor="DENIED" operation="ptrace" profile="docker-default" pid=23530 comm="ps" requested_mask="tracedby" denied_mask="tracedby" peer="docker-default"
audit: type=1400 audit(1543355584.074:23062): apparmor="DENIED" operation="ptrace" profile="docker-default" pid=23532 comm="ps" requested_mask="tracedby" denied_mask="tracedby" peer="docker-default"
kauditd_printk_skb: 404 callbacks suppressed
audit: type=1400 audit(1543355650.492:23467): apparmor="DENIED" operation="ptrace" profile="docker-default" pid=23706 comm="ps" requested_mask="tracedby" denied_mask="tracedby" peer="docker-default"
audit: type=1400 audit(1543355650.492:23468): apparmor="DENIED" operation="ptrace" profile="docker-default" pid=23706 comm="ps" requested_mask="tracedby" denied_mask="tracedby" peer="docker-default"
audit: type=1400 audit(1543355650.496:23469): apparmor="DENIED" operation="ptrace" profile="docker-default" pid=23706 comm="ps" requested_mask="tracedby" denied_mask="tracedby" peer="docker-default"
audit: type=1400 audit(1543355650.496:23470): apparmor="DENIED" operation="ptrace" profile="docker-default" pid=23706 comm="ps" requested_mask="tracedby" denied_mask="tracedby" peer="docker-default"
audit: type=1400 audit(1543355650.496:23471): apparmor="DENIED" operation="ptrace" profile="docker-default" pid=23706 comm="ps" requested_mask="tracedby" denied_mask="tracedby" peer="docker-default"
audit: type=1400 audit(1543355650.496:23472): apparmor="DENIED" operation="ptrace" profile="docker-default" pid=23706 comm="ps" requested_mask="tracedby" denied_mask="tracedby" peer="docker-default"
audit: type=1400 audit(1543355650.496:23473): apparmor="DENIED" operation="ptrace" profile="docker-default" pid=23706 comm="ps" requested_mask="tracedby" denied_mask="tracedby" peer="docker-default"
audit: type=1400 audit(1543355650.496:23474): apparmor="DENIED" operation="ptrace" profile="docker-default" pid=23706 comm="ps" requested_mask="tracedby" denied_mask="tracedby" peer="docker-default"
audit: type=1400 audit(1543355650.496:23475): apparmor="DENIED" operation="ptrace" profile="docker-default" pid=23706 comm="ps" requested_mask="tracedby" denied_mask="tracedby" peer="docker-default"
audit: type=1400 audit(1543355650.500:23476): apparmor="DENIED" operation="ptrace" profile="docker-default" pid=23708 comm="ps" requested_mask="tracedby" denied_mask="tracedby" peer="docker-default"
kauditd_printk_skb: 1232 callbacks suppressed
audit: type=1400 audit(1543361295.012:24709): apparmor="DENIED" operation="ptrace" profile="docker-default" pid=19458 comm="ps" requested_mask="tracedby" denied_mask="tracedby" peer="docker-default"
audit: type=1400 audit(1543361295.012:24710): apparmor="DENIED" operation="ptrace" profile="docker-default" pid=19458 comm="ps" requested_mask="tracedby" denied_mask="tracedby" peer="docker-default"
audit: type=1400 audit(1543361295.012:24711): apparmor="DENIED" operation="ptrace" profile="docker-default" pid=19458 comm="ps" requested_mask="tracedby" denied_mask="tracedby" peer="docker-default"
audit: type=1400 audit(1543361295.012:24712): apparmor="DENIED" operation="ptrace" profile="docker-default" pid=19458 comm="ps" requested_mask="tracedby" denied_mask="tracedby" peer="docker-default"
audit: type=1400 audit(1543361295.012:24713): apparmor="DENIED" operation="ptrace" profile="docker-default" pid=19458 comm="ps" requested_mask="tracedby" denied_mask="tracedby" peer="docker-default"
audit: type=1400 audit(1543361295.012:24714): apparmor="DENIED" operation="ptrace" profile="docker-default" pid=19458 comm="ps" requested_mask="tracedby" denied_mask="tracedby" peer="docker-default"
audit: type=1400 audit(1543361295.012:24715): apparmor="DENIED" operation="ptrace" profile="docker-default" pid=19458 comm="ps" requested_mask="tracedby" denied_mask="tracedby" peer="docker-default"
audit: type=1400 audit(1543361295.012:24716): apparmor="DENIED" operation="ptrace" profile="docker-default" pid=19458 comm="ps" requested_mask="tracedby" denied_mask="tracedby" peer="docker-default"
audit: type=1400 audit(1543361295.012:24717): apparmor="DENIED" operation="ptrace" profile="docker-default" pid=19458 comm="ps" requested_mask="tracedby" denied_mask="tracedby" peer="docker-default"
audit: type=1400 audit(1543361295.016:24718): apparmor="DENIED" operation="ptrace" profile="docker-default" pid=19460 comm="ps" requested_mask="tracedby" denied_mask="tracedby" peer="docker-default"
kauditd_printk_skb: 1232 callbacks suppressed
audit: type=1400 audit(1543361351.289:25951): apparmor="DENIED" operation="ptrace" profile="docker-default" pid=20151 comm="ps" requested_mask="tracedby" denied_mask="tracedby" peer="docker-default"
audit: type=1400 audit(1543361351.289:25952): apparmor="DENIED" operation="ptrace" profile="docker-default" pid=20151 comm="ps" requested_mask="tracedby" denied_mask="tracedby" peer="docker-default"
audit: type=1400 audit(1543361351.289:25953): apparmor="DENIED" operation="ptrace" profile="docker-default" pid=20151 comm="ps" requested_mask="tracedby" denied_mask="tracedby" peer="docker-default"
audit: type=1400 audit(1543361351.289:25954): apparmor="DENIED" operation="ptrace" profile="docker-default" pid=20151 comm="ps" requested_mask="tracedby" denied_mask="tracedby" peer="docker-default"
audit: type=1400 audit(1543361351.289:25955): apparmor="DENIED" operation="ptrace" profile="docker-default" pid=20151 comm="ps" requested_mask="tracedby" denied_mask="tracedby" peer="docker-default"
audit: type=1400 audit(1543361351.289:25956): apparmor="DENIED" operation="ptrace" profile="docker-default" pid=20151 comm="ps" requested_mask="tracedby" denied_mask="tracedby" peer="docker-default"
audit: type=1400 audit(1543361351.289:25957): apparmor="DENIED" operation="ptrace" profile="docker-default" pid=20151 comm="ps" requested_mask="tracedby" denied_mask="tracedby" peer="docker-default"
audit: type=1400 audit(1543361351.289:25958): apparmor="DENIED" operation="ptrace" profile="docker-default" pid=20151 comm="ps" requested_mask="tracedby" denied_mask="tracedby" peer="docker-default"
audit: type=1400 audit(1543361351.289:25959): apparmor="DENIED" operation="ptrace" profile="docker-default" pid=20151 comm="ps" requested_mask="tracedby" denied_mask="tracedby" peer="docker-default"
audit: type=1400 audit(1543361351.297:25960): apparmor="DENIED" operation="ptrace" profile="docker-default" pid=20153 comm="ps" requested_mask="tracedby" denied_mask="tracedby" peer="docker-default"
kauditd_printk_skb: 1232 callbacks suppressed
audit: type=1400 audit(1543361846.465:27193): apparmor="DENIED" operation="ptrace" profile="docker-default" pid=20609 comm="ps" requested_mask="tracedby" denied_mask="tracedby" peer="docker-default"
audit: type=1400 audit(1543361846.465:27194): apparmor="DENIED" operation="ptrace" profile="docker-default" pid=20609 comm="ps" requested_mask="tracedby" denied_mask="tracedby" peer="docker-default"
audit: type=1400 audit(1543361846.465:27195): apparmor="DENIED" operation="ptrace" profile="docker-default" pid=20609 comm="ps" requested_mask="tracedby" denied_mask="tracedby" peer="docker-default"
audit: type=1400 audit(1543361846.465:27196): apparmor="DENIED" operation="ptrace" profile="docker-default" pid=20609 comm="ps" requested_mask="tracedby" denied_mask="tracedby" peer="docker-default"
audit: type=1400 audit(1543361846.469:27197): apparmor="DENIED" operation="ptrace" profile="docker-default" pid=20609 comm="ps" requested_mask="tracedby" denied_mask="tracedby" peer="docker-default"
audit: type=1400 audit(1543361846.469:27198): apparmor="DENIED" operation="ptrace" profile="docker-default" pid=20609 comm="ps" requested_mask="tracedby" denied_mask="tracedby" peer="docker-default"
audit: type=1400 audit(1543361846.469:27199): apparmor="DENIED" operation="ptrace" profile="docker-default" pid=20609 comm="ps" requested_mask="tracedby" denied_mask="tracedby" peer="docker-default"
audit: type=1400 audit(1543361846.469:27200): apparmor="DENIED" operation="ptrace" profile="docker-default" pid=20609 comm="ps" requested_mask="tracedby" denied_mask="tracedby" peer="docker-default"
audit: type=1400 audit(1543361846.469:27201): apparmor="DENIED" operation="ptrace" profile="docker-default" pid=20609 comm="ps" requested_mask="tracedby" denied_mask="tracedby" peer="docker-default"
audit: type=1400 audit(1543361846.473:27202): apparmor="DENIED" operation="ptrace" profile="docker-default" pid=20611 comm="ps" requested_mask="tracedby" denied_mask="tracedby" peer="docker-default"
kauditd_printk_skb: 1232 callbacks suppressed
audit: type=1400 audit(1543361933.349:28435): apparmor="DENIED" operation="ptrace" profile="docker-default" pid=21065 comm="ps" requested_mask="tracedby" denied_mask="tracedby" peer="docker-default"
audit: type=1400 audit(1543361933.349:28436): apparmor="DENIED" operation="ptrace" profile="docker-default" pid=21065 comm="ps" requested_mask="tracedby" denied_mask="tracedby" peer="docker-default"
audit: type=1400 audit(1543361933.349:28437): apparmor="DENIED" operation="ptrace" profile="docker-default" pid=21065 comm="ps" requested_mask="tracedby" denied_mask="tracedby" peer="docker-default"
audit: type=1400 audit(1543361933.349:28438): apparmor="DENIED" operation="ptrace" profile="docker-default" pid=21065 comm="ps" requested_mask="tracedby" denied_mask="tracedby" peer="docker-default"
audit: type=1400 audit(1543361933.349:28439): apparmor="DENIED" operation="ptrace" profile="docker-default" pid=21065 comm="ps" requested_mask="tracedby" denied_mask="tracedby" peer="docker-default"
audit: type=1400 audit(1543361933.349:28440): apparmor="DENIED" operation="ptrace" profile="docker-default" pid=21065 comm="ps" requested_mask="tracedby" denied_mask="tracedby" peer="docker-default"
audit: type=1400 audit(1543361933.349:28441): apparmor="DENIED" operation="ptrace" profile="docker-default" pid=21065 comm="ps" requested_mask="tracedby" denied_mask="tracedby" peer="docker-default"
audit: type=1400 audit(1543361933.349:28442): apparmor="DENIED" operation="ptrace" profile="docker-default" pid=21065 comm="ps" requested_mask="tracedby" denied_mask="tracedby" peer="docker-default"
audit: type=1400 audit(1543361933.349:28443): apparmor="DENIED" operation="ptrace" profile="docker-default" pid=21065 comm="ps" requested_mask="tracedby" denied_mask="tracedby" peer="docker-default"
audit: type=1400 audit(1543361933.353:28444): apparmor="DENIED" operation="ptrace" profile="docker-default" pid=21067 comm="ps" requested_mask="tracedby" denied_mask="tracedby" peer="docker-default"
kauditd_printk_skb: 2474 callbacks suppressed
audit: type=1400 audit(1543361973.248:30919): apparmor="DENIED" operation="ptrace" profile="docker-default" pid=21883 comm="ps" requested_mask="tracedby" denied_mask="tracedby" peer="docker-default"
audit: type=1400 audit(1543361973.248:30920): apparmor="DENIED" operation="ptrace" profile="docker-default" pid=21883 comm="ps" requested_mask="tracedby" denied_mask="tracedby" peer="docker-default"
audit: type=1400 audit(1543361973.248:30921): apparmor="DENIED" operation="ptrace" profile="docker-default" pid=21883 comm="ps" requested_mask="tracedby" denied_mask="tracedby" peer="docker-default"
audit: type=1400 audit(1543361973.248:30922): apparmor="DENIED" operation="ptrace" profile="docker-default" pid=21883 comm="ps" requested_mask="tracedby" denied_mask="tracedby" peer="docker-default"
audit: type=1400 audit(1543361973.248:30923): apparmor="DENIED" operation="ptrace" profile="docker-default" pid=21883 comm="ps" requested_mask="tracedby" denied_mask="tracedby" peer="docker-default"
audit: type=1400 audit(1543361973.248:30924): apparmor="DENIED" operation="ptrace" profile="docker-default" pid=21883 comm="ps" requested_mask="tracedby" denied_mask="tracedby" peer="docker-default"
audit: type=1400 audit(1543361973.248:30925): apparmor="DENIED" operation="ptrace" profile="docker-default" pid=21883 comm="ps" requested_mask="tracedby" denied_mask="tracedby" peer="docker-default"
audit: type=1400 audit(1543361973.248:30926): apparmor="DENIED" operation="ptrace" profile="docker-default" pid=21883 comm="ps" requested_mask="tracedby" denied_mask="tracedby" peer="docker-default"
audit: type=1400 audit(1543361973.248:30927): apparmor="DENIED" operation="ptrace" profile="docker-default" pid=21883 comm="ps" requested_mask="tracedby" denied_mask="tracedby" peer="docker-default"
audit: type=1400 audit(1543361973.256:30928): apparmor="DENIED" operation="ptrace" profile="docker-default" pid=21885 comm="ps" requested_mask="tracedby" denied_mask="tracedby" peer="docker-default"
kauditd_printk_skb: 2060 callbacks suppressed
audit: type=1400 audit(1543361979.709:32989): apparmor="DENIED" operation="ptrace" profile="docker-default" pid=22491 comm="ps" requested_mask="tracedby" denied_mask="tracedby" peer="docker-default"
audit: type=1400 audit(1543361979.709:32990): apparmor="DENIED" operation="ptrace" profile="docker-default" pid=22491 comm="ps" requested_mask="tracedby" denied_mask="tracedby" peer="docker-default"
audit: type=1400 audit(1543361979.709:32991): apparmor="DENIED" operation="ptrace" profile="docker-default" pid=22491 comm="ps" requested_mask="tracedby" denied_mask="tracedby" peer="docker-default"
audit: type=1400 audit(1543361979.709:32992): apparmor="DENIED" operation="ptrace" profile="docker-default" pid=22491 comm="ps" requested_mask="tracedby" denied_mask="tracedby" peer="docker-default"
audit: type=1400 audit(1543361979.709:32993): apparmor="DENIED" operation="ptrace" profile="docker-default" pid=22491 comm="ps" requested_mask="tracedby" denied_mask="tracedby" peer="docker-default"
audit: type=1400 audit(1543361979.709:32994): apparmor="DENIED" operation="ptrace" profile="docker-default" pid=22491 comm="ps" requested_mask="tracedby" denied_mask="tracedby" peer="docker-default"
audit: type=1400 audit(1543361979.709:32995): apparmor="DENIED" operation="ptrace" profile="docker-default" pid=22491 comm="ps" requested_mask="tracedby" denied_mask="tracedby" peer="docker-default"
audit: type=1400 audit(1543361979.709:32996): apparmor="DENIED" operation="ptrace" profile="docker-default" pid=22491 comm="ps" requested_mask="tracedby" denied_mask="tracedby" peer="docker-default"
audit: type=1400 audit(1543361979.709:32997): apparmor="DENIED" operation="ptrace" profile="docker-default" pid=22491 comm="ps" requested_mask="tracedby" denied_mask="tracedby" peer="docker-default"
audit: type=1400 audit(1543361979.717:32998): apparmor="DENIED" operation="ptrace" profile="docker-default" pid=22493 comm="ps" requested_mask="tracedby" denied_mask="tracedby" peer="docker-default"
kauditd_printk_skb: 404 callbacks suppressed
audit: type=1400 audit(1543368418.207:33403): apparmor="DENIED" operation="ptrace" profile="docker-default" pid=23798 comm="ps" requested_mask="tracedby" denied_mask="tracedby" peer="docker-default"
audit: type=1400 audit(1543368418.207:33404): apparmor="DENIED" operation="ptrace" profile="docker-default" pid=23798 comm="ps" requested_mask="tracedby" denied_mask="tracedby" peer="docker-default"
audit: type=1400 audit(1543368418.207:33405): apparmor="DENIED" operation="ptrace" profile="docker-default" pid=23798 comm="ps" requested_mask="tracedby" denied_mask="tracedby" peer="docker-default"
audit: type=1400 audit(1543368418.207:33406): apparmor="DENIED" operation="ptrace" profile="docker-default" pid=23798 comm="ps" requested_mask="tracedby" denied_mask="tracedby" peer="docker-default"
audit: type=1400 audit(1543368418.207:33407): apparmor="DENIED" operation="ptrace" profile="docker-default" pid=23798 comm="ps" requested_mask="tracedby" denied_mask="tracedby" peer="docker-default"
audit: type=1400 audit(1543368418.207:33408): apparmor="DENIED" operation="ptrace" profile="docker-default" pid=23798 comm="ps" requested_mask="tracedby" denied_mask="tracedby" peer="docker-default"
audit: type=1400 audit(1543368418.207:33409): apparmor="DENIED" operation="ptrace" profile="docker-default" pid=23798 comm="ps" requested_mask="tracedby" denied_mask="tracedby" peer="docker-default"
audit: type=1400 audit(1543368418.207:33410): apparmor="DENIED" operation="ptrace" profile="docker-default" pid=23798 comm="ps" requested_mask="tracedby" denied_mask="tracedby" peer="docker-default"
audit: type=1400 audit(1543368418.207:33411): apparmor="DENIED" operation="ptrace" profile="docker-default" pid=23798 comm="ps" requested_mask="tracedby" denied_mask="tracedby" peer="docker-default"
audit: type=1400 audit(1543368418.207:33412): apparmor="DENIED" operation="ptrace" profile="docker-default" pid=23798 comm="ps" requested_mask="tracedby" denied_mask="tracedby" peer="docker-default"
kauditd_printk_skb: 1922 callbacks suppressed
audit: type=1400 audit(1543369479.569:35335): apparmor="DENIED" operation="ptrace" profile="docker-default" pid=24664 comm="ps" requested_mask="tracedby" denied_mask="tracedby" peer="docker-default"
audit: type=1400 audit(1543369479.569:35336): apparmor="DENIED" operation="ptrace" profile="docker-default" pid=24664 comm="ps" requested_mask="tracedby" denied_mask="tracedby" peer="docker-default"
audit: type=1400 audit(1543369479.569:35337): apparmor="DENIED" operation="ptrace" profile="docker-default" pid=24664 comm="ps" requested_mask="tracedby" denied_mask="tracedby" peer="docker-default"
audit: type=1400 audit(1543369479.569:35338): apparmor="DENIED" operation="ptrace" profile="docker-default" pid=24664 comm="ps" requested_mask="tracedby" denied_mask="tracedby" peer="docker-default"
audit: type=1400 audit(1543369479.569:35339): apparmor="DENIED" operation="ptrace" profile="docker-default" pid=24664 comm="ps" requested_mask="tracedby" denied_mask="tracedby" peer="docker-default"
audit: type=1400 audit(1543369479.569:35340): apparmor="DENIED" operation="ptrace" profile="docker-default" pid=24664 comm="ps" requested_mask="tracedby" denied_mask="tracedby" peer="docker-default"
audit: type=1400 audit(1543369479.569:35341): apparmor="DENIED" operation="ptrace" profile="docker-default" pid=24664 comm="ps" requested_mask="tracedby" denied_mask="tracedby" peer="docker-default"
audit: type=1400 audit(1543369479.569:35342): apparmor="DENIED" operation="ptrace" profile="docker-default" pid=24664 comm="ps" requested_mask="tracedby" denied_mask="tracedby" peer="docker-default"
audit: type=1400 audit(1543369479.569:35343): apparmor="DENIED" operation="ptrace" profile="docker-default" pid=24664 comm="ps" requested_mask="tracedby" denied_mask="tracedby" peer="docker-default"
audit: type=1400 audit(1543369479.569:35344): apparmor="DENIED" operation="ptrace" profile="docker-default" pid=24664 comm="ps" requested_mask="tracedby" denied_mask="tracedby" peer="docker-default"
kauditd_printk_skb: 1922 callbacks suppressed
audit: type=1400 audit(1543370196.833:37267): apparmor="DENIED" operation="ptrace" profile="docker-default" pid=25488 comm="ps" requested_mask="tracedby" denied_mask="tracedby" peer="docker-default"
audit: type=1400 audit(1543370196.833:37268): apparmor="DENIED" operation="ptrace" profile="docker-default" pid=25488 comm="ps" requested_mask="tracedby" denied_mask="tracedby" peer="docker-default"
audit: type=1400 audit(1543370196.833:37269): apparmor="DENIED" operation="ptrace" profile="docker-default" pid=25488 comm="ps" requested_mask="tracedby" denied_mask="tracedby" peer="docker-default"
audit: type=1400 audit(1543370196.833:37270): apparmor="DENIED" operation="ptrace" profile="docker-default" pid=25488 comm="ps" requested_mask="tracedby" denied_mask="tracedby" peer="docker-default"
audit: type=1400 audit(1543370196.833:37271): apparmor="DENIED" operation="ptrace" profile="docker-default" pid=25488 comm="ps" requested_mask="tracedby" denied_mask="tracedby" peer="docker-default"
audit: type=1400 audit(1543370196.833:37272): apparmor="DENIED" operation="ptrace" profile="docker-default" pid=25488 comm="ps" requested_mask="tracedby" denied_mask="tracedby" peer="docker-default"
audit: type=1400 audit(1543370196.833:37273): apparmor="DENIED" operation="ptrace" profile="docker-default" pid=25488 comm="ps" requested_mask="tracedby" denied_mask="tracedby" peer="docker-default"
audit: type=1400 audit(1543370196.833:37274): apparmor="DENIED" operation="ptrace" profile="docker-default" pid=25488 comm="ps" requested_mask="tracedby" denied_mask="tracedby" peer="docker-default"
audit: type=1400 audit(1543370196.837:37275): apparmor="DENIED" operation="ptrace" profile="docker-default" pid=25488 comm="ps" requested_mask="tracedby" denied_mask="tracedby" peer="docker-default"
audit: type=1400 audit(1543370196.837:37276): apparmor="DENIED" operation="ptrace" profile="docker-default" pid=25488 comm="ps" requested_mask="tracedby" denied_mask="tracedby" peer="docker-default"
kauditd_printk_skb: 1922 callbacks suppressed
audit: type=1400 audit(1543371349.388:39199): apparmor="DENIED" operation="ptrace" profile="docker-default" pid=26048 comm="ps" requested_mask="tracedby" denied_mask="tracedby" peer="docker-default"
audit: type=1400 audit(1543371349.388:39200): apparmor="DENIED" operation="ptrace" profile="docker-default" pid=26048 comm="ps" requested_mask="tracedby" denied_mask="tracedby" peer="docker-default"
audit: type=1400 audit(1543371349.388:39201): apparmor="DENIED" operation="ptrace" profile="docker-default" pid=26048 comm="ps" requested_mask="tracedby" denied_mask="tracedby" peer="docker-default"
audit: type=1400 audit(1543371349.388:39202): apparmor="DENIED" operation="ptrace" profile="docker-default" pid=26048 comm="ps" requested_mask="tracedby" denied_mask="tracedby" peer="docker-default"
audit: type=1400 audit(1543371349.388:39203): apparmor="DENIED" operation="ptrace" profile="docker-default" pid=26048 comm="ps" requested_mask="tracedby" denied_mask="tracedby" peer="docker-default"
audit: type=1400 audit(1543371349.388:39204): apparmor="DENIED" operation="ptrace" profile="docker-default" pid=26048 comm="ps" requested_mask="tracedby" denied_mask="tracedby" peer="docker-default"
audit: type=1400 audit(1543371349.388:39205): apparmor="DENIED" operation="ptrace" profile="docker-default" pid=26048 comm="ps" requested_mask="tracedby" denied_mask="tracedby" peer="docker-default"
audit: type=1400 audit(1543371349.388:39206): apparmor="DENIED" operation="ptrace" profile="docker-default" pid=26048 comm="ps" requested_mask="tracedby" denied_mask="tracedby" peer="docker-default"
audit: type=1400 audit(1543371349.388:39207): apparmor="DENIED" operation="ptrace" profile="docker-default" pid=26048 comm="ps" requested_mask="tracedby" denied_mask="tracedby" peer="docker-default"
audit: type=1400 audit(1543371349.388:39208): apparmor="DENIED" operation="ptrace" profile="docker-default" pid=26048 comm="ps" requested_mask="tracedby" denied_mask="tracedby" peer="docker-default"
kauditd_printk_skb: 1922 callbacks suppressed
audit: type=1400 audit(1543371355.116:41131): apparmor="DENIED" operation="ptrace" profile="docker-default" pid=26421 comm="ps" requested_mask="tracedby" denied_mask="tracedby" peer="docker-default"
audit: type=1400 audit(1543371355.116:41132): apparmor="DENIED" operation="ptrace" profile="docker-default" pid=26421 comm="ps" requested_mask="tracedby" denied_mask="tracedby" peer="docker-default"
audit: type=1400 audit(1543371355.116:41133): apparmor="DENIED" operation="ptrace" profile="docker-default" pid=26421 comm="ps" requested_mask="tracedby" denied_mask="tracedby" peer="docker-default"
audit: type=1400 audit(1543371355.116:41134): apparmor="DENIED" operation="ptrace" profile="docker-default" pid=26421 comm="ps" requested_mask="tracedby" denied_mask="tracedby" peer="docker-default"
audit: type=1400 audit(1543371355.116:41135): apparmor="DENIED" operation="ptrace" profile="docker-default" pid=26421 comm="ps" requested_mask="tracedby" denied_mask="tracedby" peer="docker-default"
audit: type=1400 audit(1543371355.116:41136): apparmor="DENIED" operation="ptrace" profile="docker-default" pid=26421 comm="ps" requested_mask="tracedby" denied_mask="tracedby" peer="docker-default"
audit: type=1400 audit(1543371355.116:41137): apparmor="DENIED" operation="ptrace" profile="docker-default" pid=26421 comm="ps" requested_mask="tracedby" denied_mask="tracedby" peer="docker-default"
audit: type=1400 audit(1543371355.116:41138): apparmor="DENIED" operation="ptrace" profile="docker-default" pid=26421 comm="ps" requested_mask="tracedby" denied_mask="tracedby" peer="docker-default"
audit: type=1400 audit(1543371355.116:41139): apparmor="DENIED" operation="ptrace" profile="docker-default" pid=26421 comm="ps" requested_mask="tracedby" denied_mask="tracedby" peer="docker-default"
audit: type=1400 audit(1543371355.116:41140): apparmor="DENIED" operation="ptrace" profile="docker-default" pid=26421 comm="ps" requested_mask="tracedby" denied_mask="tracedby" peer="docker-default"
kauditd_printk_skb: 1922 callbacks suppressed
audit: type=1400 audit(1543371464.118:43063): apparmor="DENIED" operation="ptrace" profile="docker-default" pid=26897 comm="ps" requested_mask="tracedby" denied_mask="tracedby" peer="docker-default"
audit: type=1400 audit(1543371464.118:43064): apparmor="DENIED" operation="ptrace" profile="docker-default" pid=26897 comm="ps" requested_mask="tracedby" denied_mask="tracedby" peer="docker-default"
audit: type=1400 audit(1543371464.118:43065): apparmor="DENIED" operation="ptrace" profile="docker-default" pid=26897 comm="ps" requested_mask="tracedby" denied_mask="tracedby" peer="docker-default"
audit: type=1400 audit(1543371464.118:43066): apparmor="DENIED" operation="ptrace" profile="docker-default" pid=26897 comm="ps" requested_mask="tracedby" denied_mask="tracedby" peer="docker-default"
audit: type=1400 audit(1543371464.118:43067): apparmor="DENIED" operation="ptrace" profile="docker-default" pid=26897 comm="ps" requested_mask="tracedby" denied_mask="tracedby" peer="docker-default"
audit: type=1400 audit(1543371464.118:43068): apparmor="DENIED" operation="ptrace" profile="docker-default" pid=26897 comm="ps" requested_mask="tracedby" denied_mask="tracedby" peer="docker-default"
audit: type=1400 audit(1543371464.118:43069): apparmor="DENIED" operation="ptrace" profile="docker-default" pid=26897 comm="ps" requested_mask="tracedby" denied_mask="tracedby" peer="docker-default"
audit: type=1400 audit(1543371464.118:43070): apparmor="DENIED" operation="ptrace" profile="docker-default" pid=26897 comm="ps" requested_mask="tracedby" denied_mask="tracedby" peer="docker-default"
audit: type=1400 audit(1543371464.118:43071): apparmor="DENIED" operation="ptrace" profile="docker-default" pid=26897 comm="ps" requested_mask="tracedby" denied_mask="tracedby" peer="docker-default"
audit: type=1400 audit(1543371464.118:43072): apparmor="DENIED" operation="ptrace" profile="docker-default" pid=26897 comm="ps" requested_mask="tracedby" denied_mask="tracedby" peer="docker-default"
kauditd_printk_skb: 1922 callbacks suppressed
audit: type=1400 audit(1543371647.270:44995): apparmor="DENIED" operation="ptrace" profile="docker-default" pid=27297 comm="ps" requested_mask="tracedby" denied_mask="tracedby" peer="docker-default"
audit: type=1400 audit(1543371647.270:44996): apparmor="DENIED" operation="ptrace" profile="docker-default" pid=27297 comm="ps" requested_mask="tracedby" denied_mask="tracedby" peer="docker-default"
audit: type=1400 audit(1543371647.270:44997): apparmor="DENIED" operation="ptrace" profile="docker-default" pid=27297 comm="ps" requested_mask="tracedby" denied_mask="tracedby" peer="docker-default"
audit: type=1400 audit(1543371647.270:44998): apparmor="DENIED" operation="ptrace" profile="docker-default" pid=27297 comm="ps" requested_mask="tracedby" denied_mask="tracedby" peer="docker-default"
audit: type=1400 audit(1543371647.270:44999): apparmor="DENIED" operation="ptrace" profile="docker-default" pid=27297 comm="ps" requested_mask="tracedby" denied_mask="tracedby" peer="docker-default"
audit: type=1400 audit(1543371647.270:45000): apparmor="DENIED" operation="ptrace" profile="docker-default" pid=27297 comm="ps" requested_mask="tracedby" denied_mask="tracedby" peer="docker-default"
audit: type=1400 audit(1543371647.270:45001): apparmor="DENIED" operation="ptrace" profile="docker-default" pid=27297 comm="ps" requested_mask="tracedby" denied_mask="tracedby" peer="docker-default"
audit: type=1400 audit(1543371647.270:45002): apparmor="DENIED" operation="ptrace" profile="docker-default" pid=27297 comm="ps" requested_mask="tracedby" denied_mask="tracedby" peer="docker-default"
audit: type=1400 audit(1543371647.270:45003): apparmor="DENIED" operation="ptrace" profile="docker-default" pid=27297 comm="ps" requested_mask="tracedby" denied_mask="tracedby" peer="docker-default"
audit: type=1400 audit(1543371647.270:45004): apparmor="DENIED" operation="ptrace" profile="docker-default" pid=27297 comm="ps" requested_mask="tracedby" denied_mask="tracedby" peer="docker-default"
kauditd_printk_skb: 1922 callbacks suppressed
audit: type=1400 audit(1543371707.156:46927): apparmor="DENIED" operation="ptrace" profile="docker-default" pid=27753 comm="ps" requested_mask="tracedby" denied_mask="tracedby" peer="docker-default"
audit: type=1400 audit(1543371707.156:46928): apparmor="DENIED" operation="ptrace" profile="docker-default" pid=27753 comm="ps" requested_mask="tracedby" denied_mask="tracedby" peer="docker-default"
audit: type=1400 audit(1543371707.156:46929): apparmor="DENIED" operation="ptrace" profile="docker-default" pid=27753 comm="ps" requested_mask="tracedby" denied_mask="tracedby" peer="docker-default"
audit: type=1400 audit(1543371707.156:46930): apparmor="DENIED" operation="ptrace" profile="docker-default" pid=27753 comm="ps" requested_mask="tracedby" denied_mask="tracedby" peer="docker-default"
audit: type=1400 audit(1543371707.156:46931): apparmor="DENIED" operation="ptrace" profile="docker-default" pid=27753 comm="ps" requested_mask="tracedby" denied_mask="tracedby" peer="docker-default"
audit: type=1400 audit(1543371707.156:46932): apparmor="DENIED" operation="ptrace" profile="docker-default" pid=27753 comm="ps" requested_mask="tracedby" denied_mask="tracedby" peer="docker-default"
audit: type=1400 audit(1543371707.156:46933): apparmor="DENIED" operation="ptrace" profile="docker-default" pid=27753 comm="ps" requested_mask="tracedby" denied_mask="tracedby" peer="docker-default"
audit: type=1400 audit(1543371707.156:46934): apparmor="DENIED" operation="ptrace" profile="docker-default" pid=27753 comm="ps" requested_mask="tracedby" denied_mask="tracedby" peer="docker-default"
audit: type=1400 audit(1543371707.156:46935): apparmor="DENIED" operation="ptrace" profile="docker-default" pid=27753 comm="ps" requested_mask="tracedby" denied_mask="tracedby" peer="docker-default"
audit: type=1400 audit(1543371707.156:46936): apparmor="DENIED" operation="ptrace" profile="docker-default" pid=27753 comm="ps" requested_mask="tracedby" denied_mask="tracedby" peer="docker-default"
kauditd_printk_skb: 1922 callbacks suppressed
audit: type=1400 audit(1543372035.241:48859): apparmor="DENIED" operation="ptrace" profile="docker-default" pid=28213 comm="ps" requested_mask="tracedby" denied_mask="tracedby" peer="docker-default"
audit: type=1400 audit(1543372035.241:48860): apparmor="DENIED" operation="ptrace" profile="docker-default" pid=28213 comm="ps" requested_mask="tracedby" denied_mask="tracedby" peer="docker-default"
audit: type=1400 audit(1543372035.241:48861): apparmor="DENIED" operation="ptrace" profile="docker-default" pid=28213 comm="ps" requested_mask="tracedby" denied_mask="tracedby" peer="docker-default"
audit: type=1400 audit(1543372035.241:48862): apparmor="DENIED" operation="ptrace" profile="docker-default" pid=28213 comm="ps" requested_mask="tracedby" denied_mask="tracedby" peer="docker-default"
audit: type=1400 audit(1543372035.241:48863): apparmor="DENIED" operation="ptrace" profile="docker-default" pid=28213 comm="ps" requested_mask="tracedby" denied_mask="tracedby" peer="docker-default"
audit: type=1400 audit(1543372035.241:48864): apparmor="DENIED" operation="ptrace" profile="docker-default" pid=28213 comm="ps" requested_mask="tracedby" denied_mask="tracedby" peer="docker-default"
audit: type=1400 audit(1543372035.241:48865): apparmor="DENIED" operation="ptrace" profile="docker-default" pid=28213 comm="ps" requested_mask="tracedby" denied_mask="tracedby" peer="docker-default"
audit: type=1400 audit(1543372035.245:48866): apparmor="DENIED" operation="ptrace" profile="docker-default" pid=28213 comm="ps" requested_mask="tracedby" denied_mask="tracedby" peer="docker-default"
audit: type=1400 audit(1543372035.245:48867): apparmor="DENIED" operation="ptrace" profile="docker-default" pid=28213 comm="ps" requested_mask="tracedby" denied_mask="tracedby" peer="docker-default"
audit: type=1400 audit(1543372035.245:48868): apparmor="DENIED" operation="ptrace" profile="docker-default" pid=28213 comm="ps" requested_mask="tracedby" denied_mask="tracedby" peer="docker-default"
kauditd_printk_skb: 1922 callbacks suppressed
