MemTotal:       30875568 kB
MemFree:        27303152 kB
MemAvailable:   30002872 kB
Buffers:           92832 kB
Cached:          2812352 kB
SwapCached:            0 kB
Active:          2482976 kB
Inactive:         607048 kB
Active(anon):     185560 kB
Inactive(anon):      156 kB
Active(file):    2297416 kB
Inactive(file):   606892 kB
Unevictable:           0 kB
Mlocked:               0 kB
SwapTotal:             0 kB
SwapFree:              0 kB
Dirty:                44 kB
Writeback:             0 kB
AnonPages:        184816 kB
Mapped:            66932 kB
Shmem:               880 kB
Slab:             323068 kB
SReclaimable:     245920 kB
SUnreclaim:        77148 kB
KernelStack:        4912 kB
PageTables:         5996 kB
NFS_Unstable:          0 kB
Bounce:                0 kB
WritebackTmp:          0 kB
CommitLimit:    15437784 kB
Committed_AS:    1454060 kB
VmallocTotal:   34359738367 kB
VmallocUsed:           0 kB
VmallocChunk:          0 kB
HardwareCorrupted:     0 kB
AnonHugePages:     14336 kB
ShmemHugePages:        0 kB
ShmemPmdMapped:        0 kB
CmaTotal:              0 kB
CmaFree:               0 kB
HugePages_Total:       0
HugePages_Free:        0
HugePages_Rsvd:        0
HugePages_Surp:        0
Hugepagesize:       2048 kB
DirectMap4k:       94196 kB
DirectMap2M:     5148672 kB
DirectMap1G:    28311552 kB
