MemTotal:       30875568 kB
MemFree:        28041020 kB
MemAvailable:   29955292 kB
Buffers:          464876 kB
Cached:          1408704 kB
SwapCached:            0 kB
Active:          1721096 kB
Inactive:         354924 kB
Active(anon):     203276 kB
Inactive(anon):       72 kB
Active(file):    1517820 kB
Inactive(file):   354852 kB
Unevictable:           0 kB
Mlocked:               0 kB
SwapTotal:             0 kB
SwapFree:              0 kB
Dirty:                48 kB
Writeback:             0 kB
AnonPages:        202132 kB
Mapped:            68096 kB
Shmem:               880 kB
Slab:             573632 kB
SReclaimable:     492108 kB
SUnreclaim:        81524 kB
KernelStack:        3328 kB
PageTables:         5628 kB
NFS_Unstable:          0 kB
Bounce:                0 kB
WritebackTmp:          0 kB
CommitLimit:    15437784 kB
Committed_AS:     584896 kB
VmallocTotal:   34359738367 kB
VmallocUsed:           0 kB
VmallocChunk:          0 kB
HardwareCorrupted:     0 kB
AnonHugePages:      6144 kB
ShmemHugePages:        0 kB
ShmemPmdMapped:        0 kB
CmaTotal:              0 kB
CmaFree:               0 kB
HugePages_Total:       0
HugePages_Free:        0
HugePages_Rsvd:        0
HugePages_Surp:        0
Hugepagesize:       2048 kB
DirectMap4k:      153588 kB
DirectMap2M:     6137856 kB
DirectMap1G:    27262976 kB
