MemTotal:       30875568 kB
MemFree:        28158068 kB
MemAvailable:   29961816 kB
Buffers:          382780 kB
Cached:          1590096 kB
SwapCached:            0 kB
Active:          1681712 kB
Inactive:         462700 kB
Active(anon):     182608 kB
Inactive(anon):     9940 kB
Active(file):    1499104 kB
Inactive(file):   452760 kB
Unevictable:           0 kB
Mlocked:               0 kB
SwapTotal:             0 kB
SwapFree:              0 kB
Dirty:               480 kB
Writeback:             0 kB
AnonPages:        171492 kB
Mapped:           206248 kB
Shmem:             21160 kB
Slab:             398344 kB
SReclaimable:     302404 kB
SUnreclaim:        95940 kB
KernelStack:        4400 kB
PageTables:         6220 kB
NFS_Unstable:          0 kB
Bounce:                0 kB
WritebackTmp:          0 kB
CommitLimit:    15437784 kB
Committed_AS:    1442440 kB
VmallocTotal:   34359738367 kB
VmallocUsed:           0 kB
VmallocChunk:          0 kB
HardwareCorrupted:     0 kB
AnonHugePages:    479232 kB
ShmemHugePages:        0 kB
ShmemPmdMapped:        0 kB
CmaTotal:              0 kB
CmaFree:               0 kB
HugePages_Total:       0
HugePages_Free:        0
HugePages_Rsvd:        0
HugePages_Surp:        0
Hugepagesize:       2048 kB
DirectMap4k:      184308 kB
DirectMap2M:    10301440 kB
DirectMap1G:    23068672 kB
