MemTotal:       30875568 kB
MemFree:        15255988 kB
MemAvailable:   29654284 kB
Buffers:          221816 kB
Cached:         14079452 kB
SwapCached:            0 kB
Active:          1738080 kB
Inactive:       12968752 kB
Active(anon):     415396 kB
Inactive(anon):    19756 kB
Active(file):    1322684 kB
Inactive(file): 12948996 kB
Unevictable:           0 kB
Mlocked:               0 kB
SwapTotal:             0 kB
SwapFree:              0 kB
Dirty:              9752 kB
Writeback:             0 kB
AnonPages:        405840 kB
Mapped:           253512 kB
Shmem:             29424 kB
Slab:             732592 kB
SReclaimable:     577136 kB
SUnreclaim:       155456 kB
KernelStack:        6448 kB
PageTables:        11172 kB
NFS_Unstable:          0 kB
Bounce:                0 kB
WritebackTmp:          0 kB
CommitLimit:    15437784 kB
Committed_AS:    2340028 kB
VmallocTotal:   34359738367 kB
VmallocUsed:           0 kB
VmallocChunk:          0 kB
HardwareCorrupted:     0 kB
AnonHugePages:     57344 kB
ShmemHugePages:        0 kB
ShmemPmdMapped:        0 kB
CmaTotal:              0 kB
CmaFree:               0 kB
HugePages_Total:       0
HugePages_Free:        0
HugePages_Rsvd:        0
HugePages_Surp:        0
Hugepagesize:       2048 kB
DirectMap4k:      380916 kB
DirectMap2M:     6959104 kB
DirectMap1G:    26214400 kB
