MemTotal:       30875568 kB
MemFree:        27509664 kB
MemAvailable:   29969820 kB
Buffers:          218432 kB
Cached:          2408084 kB
SwapCached:            0 kB
Active:          2307144 kB
Inactive:         539764 kB
Active(anon):     220956 kB
Inactive(anon):      152 kB
Active(file):    2086188 kB
Inactive(file):   539612 kB
Unevictable:           0 kB
Mlocked:               0 kB
SwapTotal:             0 kB
SwapFree:              0 kB
Dirty:              3480 kB
Writeback:             0 kB
AnonPages:        220096 kB
Mapped:            74864 kB
Shmem:               880 kB
Slab:             369036 kB
SReclaimable:     284864 kB
SUnreclaim:        84172 kB
KernelStack:        5264 kB
PageTables:         6616 kB
NFS_Unstable:          0 kB
Bounce:                0 kB
WritebackTmp:          0 kB
CommitLimit:    15437784 kB
Committed_AS:    1504740 kB
VmallocTotal:   34359738367 kB
VmallocUsed:           0 kB
VmallocChunk:          0 kB
HardwareCorrupted:     0 kB
AnonHugePages:     20480 kB
ShmemHugePages:        0 kB
ShmemPmdMapped:        0 kB
CmaTotal:              0 kB
CmaFree:               0 kB
HugePages_Total:       0
HugePages_Free:        0
HugePages_Rsvd:        0
HugePages_Surp:        0
Hugepagesize:       2048 kB
DirectMap4k:      102388 kB
DirectMap2M:     7237632 kB
DirectMap1G:    26214400 kB
