MemTotal:       30875568 kB
MemFree:        15462996 kB
MemAvailable:   29735464 kB
Buffers:          204840 kB
Cached:         14000272 kB
SwapCached:            0 kB
Active:          1572304 kB
Inactive:       12964612 kB
Active(anon):     340764 kB
Inactive(anon):    19828 kB
Active(file):    1231540 kB
Inactive(file): 12944784 kB
Unevictable:           0 kB
Mlocked:               0 kB
SwapTotal:             0 kB
SwapFree:              0 kB
Dirty:               120 kB
Writeback:             0 kB
AnonPages:        332120 kB
Mapped:           306784 kB
Shmem:             28644 kB
Slab:             696224 kB
SReclaimable:     546664 kB
SUnreclaim:       149560 kB
KernelStack:        5824 kB
PageTables:         9512 kB
NFS_Unstable:          0 kB
Bounce:                0 kB
WritebackTmp:          0 kB
CommitLimit:    15437784 kB
Committed_AS:    2073944 kB
VmallocTotal:   34359738367 kB
VmallocUsed:           0 kB
VmallocChunk:          0 kB
HardwareCorrupted:     0 kB
AnonHugePages:     45056 kB
ShmemHugePages:        0 kB
ShmemPmdMapped:        0 kB
CmaTotal:              0 kB
CmaFree:               0 kB
HugePages_Total:       0
HugePages_Free:        0
HugePages_Rsvd:        0
HugePages_Surp:        0
Hugepagesize:       2048 kB
DirectMap4k:      348148 kB
DirectMap2M:     6991872 kB
DirectMap1G:    26214400 kB
