MemTotal:       30875568 kB
MemFree:        27510556 kB
MemAvailable:   29970164 kB
Buffers:          218368 kB
Cached:          2407888 kB
SwapCached:            0 kB
Active:          2306584 kB
Inactive:         539728 kB
Active(anon):     220780 kB
Inactive(anon):      152 kB
Active(file):    2085804 kB
Inactive(file):   539576 kB
Unevictable:           0 kB
Mlocked:               0 kB
SwapTotal:             0 kB
SwapFree:              0 kB
Dirty:               184 kB
Writeback:             0 kB
AnonPages:        220088 kB
Mapped:            74928 kB
Shmem:               880 kB
Slab:             368376 kB
SReclaimable:     284736 kB
SUnreclaim:        83640 kB
KernelStack:        5296 kB
PageTables:         7032 kB
NFS_Unstable:          0 kB
Bounce:                0 kB
WritebackTmp:          0 kB
CommitLimit:    15437784 kB
Committed_AS:    1510716 kB
VmallocTotal:   34359738367 kB
VmallocUsed:           0 kB
VmallocChunk:          0 kB
HardwareCorrupted:     0 kB
AnonHugePages:     20480 kB
ShmemHugePages:        0 kB
ShmemPmdMapped:        0 kB
CmaTotal:              0 kB
CmaFree:               0 kB
HugePages_Total:       0
HugePages_Free:        0
HugePages_Rsvd:        0
HugePages_Surp:        0
Hugepagesize:       2048 kB
DirectMap4k:      102388 kB
DirectMap2M:     7237632 kB
DirectMap1G:    26214400 kB
