MemTotal:       30875568 kB
MemFree:        15679420 kB
MemAvailable:   29890920 kB
Buffers:          197548 kB
Cached:         13945000 kB
SwapCached:            0 kB
Active:          1405328 kB
Inactive:       12934160 kB
Active(anon):     205700 kB
Inactive(anon):     5472 kB
Active(file):    1199628 kB
Inactive(file): 12928688 kB
Unevictable:           0 kB
Mlocked:               0 kB
SwapTotal:             0 kB
SwapFree:              0 kB
Dirty:                60 kB
Writeback:             0 kB
AnonPages:        197324 kB
Mapped:           281440 kB
Shmem:             14092 kB
Slab:             678888 kB
SReclaimable:     533704 kB
SUnreclaim:       145184 kB
KernelStack:        5328 kB
PageTables:         8408 kB
NFS_Unstable:          0 kB
Bounce:                0 kB
WritebackTmp:          0 kB
CommitLimit:    15437784 kB
Committed_AS:    1518028 kB
VmallocTotal:   34359738367 kB
VmallocUsed:           0 kB
VmallocChunk:          0 kB
HardwareCorrupted:     0 kB
AnonHugePages:      4096 kB
ShmemHugePages:        0 kB
ShmemPmdMapped:        0 kB
CmaTotal:              0 kB
CmaFree:               0 kB
HugePages_Total:       0
HugePages_Free:        0
HugePages_Rsvd:        0
HugePages_Surp:        0
Hugepagesize:       2048 kB
DirectMap4k:      313332 kB
DirectMap2M:     7026688 kB
DirectMap1G:    26214400 kB
