MemTotal:       30875568 kB
MemFree:        15339604 kB
MemAvailable:   29690104 kB
Buffers:          213200 kB
Cached:         14047100 kB
SwapCached:            0 kB
Active:          1676340 kB
Inactive:       12958484 kB
Active(anon):     383784 kB
Inactive(anon):    19808 kB
Active(file):    1292556 kB
Inactive(file): 12938676 kB
Unevictable:           0 kB
Mlocked:               0 kB
SwapTotal:             0 kB
SwapFree:              0 kB
Dirty:              4836 kB
Writeback:             0 kB
AnonPages:        374680 kB
Mapped:           235560 kB
Shmem:             28920 kB
Slab:             722736 kB
SReclaimable:     569788 kB
SUnreclaim:       152948 kB
KernelStack:        6304 kB
PageTables:        10636 kB
NFS_Unstable:          0 kB
Bounce:                0 kB
WritebackTmp:          0 kB
CommitLimit:    15437784 kB
Committed_AS:    2285976 kB
VmallocTotal:   34359738367 kB
VmallocUsed:           0 kB
VmallocChunk:          0 kB
HardwareCorrupted:     0 kB
AnonHugePages:     36864 kB
ShmemHugePages:        0 kB
ShmemPmdMapped:        0 kB
CmaTotal:              0 kB
CmaFree:               0 kB
HugePages_Total:       0
HugePages_Free:        0
HugePages_Rsvd:        0
HugePages_Surp:        0
Hugepagesize:       2048 kB
DirectMap4k:      356340 kB
DirectMap2M:     6983680 kB
DirectMap1G:    26214400 kB
