MemTotal:       28754832 kB
MemFree:        27221324 kB
MemAvailable:   28215680 kB
Buffers:          290508 kB
Cached:           892392 kB
SwapCached:            0 kB
Active:          1071448 kB
Inactive:         147168 kB
Active(anon):      38500 kB
Inactive(anon):     8372 kB
Active(file):    1032948 kB
Inactive(file):   138796 kB
Unevictable:        3652 kB
Mlocked:            3652 kB
SwapTotal:             0 kB
SwapFree:              0 kB
Dirty:                48 kB
Writeback:             0 kB
AnonPages:         39260 kB
Mapped:            47036 kB
Shmem:              8736 kB
Slab:             232376 kB
SReclaimable:     209128 kB
SUnreclaim:        23248 kB
KernelStack:        2752 kB
PageTables:         2352 kB
NFS_Unstable:          0 kB
Bounce:                0 kB
WritebackTmp:          0 kB
CommitLimit:    14377416 kB
Committed_AS:     291956 kB
VmallocTotal:   34359738367 kB
VmallocUsed:           0 kB
VmallocChunk:          0 kB
HardwareCorrupted:     0 kB
AnonHugePages:      8192 kB
CmaTotal:              0 kB
CmaFree:               0 kB
HugePages_Total:       0
HugePages_Free:        0
HugePages_Rsvd:        0
HugePages_Surp:        0
Hugepagesize:       2048 kB
DirectMap4k:       72688 kB
DirectMap2M:    29224960 kB
