MemTotal:       30875568 kB
MemFree:        27704012 kB
MemAvailable:   29952840 kB
Buffers:          546324 kB
Cached:          1728984 kB
SwapCached:            0 kB
Active:          1877524 kB
Inactive:         579268 kB
Active(anon):     193624 kB
Inactive(anon):     9940 kB
Active(file):    1683900 kB
Inactive(file):   569328 kB
Unevictable:           0 kB
Mlocked:               0 kB
SwapTotal:             0 kB
SwapFree:              0 kB
Dirty:                96 kB
Writeback:             0 kB
AnonPages:        181500 kB
Mapped:           264596 kB
Shmem:             21936 kB
Slab:             549412 kB
SReclaimable:     446120 kB
SUnreclaim:       103292 kB
KernelStack:        4352 kB
PageTables:         6568 kB
NFS_Unstable:          0 kB
Bounce:                0 kB
WritebackTmp:          0 kB
CommitLimit:    15437784 kB
Committed_AS:    1497548 kB
VmallocTotal:   34359738367 kB
VmallocUsed:           0 kB
VmallocChunk:          0 kB
HardwareCorrupted:     0 kB
AnonHugePages:      8192 kB
ShmemHugePages:        0 kB
ShmemPmdMapped:        0 kB
CmaTotal:              0 kB
CmaFree:               0 kB
HugePages_Total:       0
HugePages_Free:        0
HugePages_Rsvd:        0
HugePages_Surp:        0
Hugepagesize:       2048 kB
DirectMap4k:      245748 kB
DirectMap2M:    24920064 kB
DirectMap1G:     8388608 kB
