MemTotal:       28754832 kB
MemFree:        27225640 kB
MemAvailable:   28213144 kB
Buffers:          290428 kB
Cached:           885948 kB
SwapCached:            0 kB
Active:          1067544 kB
Inactive:         145444 kB
Active(anon):      39396 kB
Inactive(anon):     8372 kB
Active(file):    1028148 kB
Inactive(file):   137072 kB
Unevictable:        3652 kB
Mlocked:            3652 kB
SwapTotal:             0 kB
SwapFree:              0 kB
Dirty:                 0 kB
Writeback:             0 kB
AnonPages:         40260 kB
Mapped:            47264 kB
Shmem:              8736 kB
Slab:             232072 kB
SReclaimable:     208800 kB
SUnreclaim:        23272 kB
KernelStack:        2800 kB
PageTables:         2960 kB
NFS_Unstable:          0 kB
Bounce:                0 kB
WritebackTmp:          0 kB
CommitLimit:    14377416 kB
Committed_AS:     284392 kB
VmallocTotal:   34359738367 kB
VmallocUsed:           0 kB
VmallocChunk:          0 kB
HardwareCorrupted:     0 kB
AnonHugePages:      6144 kB
CmaTotal:              0 kB
CmaFree:               0 kB
HugePages_Total:       0
HugePages_Free:        0
HugePages_Rsvd:        0
HugePages_Surp:        0
Hugepagesize:       2048 kB
DirectMap4k:       66544 kB
DirectMap2M:    29231104 kB
