MemTotal:       30875568 kB
MemFree:        27704040 kB
MemAvailable:   29954240 kB
Buffers:          546448 kB
Cached:          1730308 kB
SwapCached:            0 kB
Active:          1877188 kB
Inactive:         580732 kB
Active(anon):     193156 kB
Inactive(anon):     9916 kB
Active(file):    1684032 kB
Inactive(file):   570816 kB
Unevictable:           0 kB
Mlocked:               0 kB
SwapTotal:             0 kB
SwapFree:              0 kB
Dirty:                76 kB
Writeback:             0 kB
AnonPages:        181164 kB
Mapped:           265892 kB
Shmem:             21912 kB
Slab:             548248 kB
SReclaimable:     445872 kB
SUnreclaim:       102376 kB
KernelStack:        4352 kB
PageTables:         6412 kB
NFS_Unstable:          0 kB
Bounce:                0 kB
WritebackTmp:          0 kB
CommitLimit:    15437784 kB
Committed_AS:    1552332 kB
VmallocTotal:   34359738367 kB
VmallocUsed:           0 kB
VmallocChunk:          0 kB
HardwareCorrupted:     0 kB
AnonHugePages:      8192 kB
ShmemHugePages:        0 kB
ShmemPmdMapped:        0 kB
CmaTotal:              0 kB
CmaFree:               0 kB
HugePages_Total:       0
HugePages_Free:        0
HugePages_Rsvd:        0
HugePages_Surp:        0
Hugepagesize:       2048 kB
DirectMap4k:      245748 kB
DirectMap2M:    24920064 kB
DirectMap1G:     8388608 kB
