MemTotal:       30875568 kB
MemFree:        29357624 kB
MemAvailable:   30027576 kB
Buffers:          429456 kB
Cached:           214284 kB
SwapCached:            0 kB
Active:           616592 kB
Inactive:         160740 kB
Active(anon):     134580 kB
Inactive(anon):       72 kB
Active(file):     482012 kB
Inactive(file):   160668 kB
Unevictable:           0 kB
Mlocked:               0 kB
SwapTotal:             0 kB
SwapFree:              0 kB
Dirty:             12988 kB
Writeback:             0 kB
AnonPages:        133772 kB
Mapped:            58736 kB
Shmem:               880 kB
Slab:             546380 kB
SReclaimable:     477780 kB
SUnreclaim:        68600 kB
KernelStack:        2976 kB
PageTables:         5300 kB
NFS_Unstable:          0 kB
Bounce:                0 kB
WritebackTmp:          0 kB
CommitLimit:    15437784 kB
Committed_AS:     449020 kB
VmallocTotal:   34359738367 kB
VmallocUsed:           0 kB
VmallocChunk:          0 kB
HardwareCorrupted:     0 kB
AnonHugePages:      8192 kB
ShmemHugePages:        0 kB
ShmemPmdMapped:        0 kB
CmaTotal:              0 kB
CmaFree:               0 kB
HugePages_Total:       0
HugePages_Free:        0
HugePages_Rsvd:        0
HugePages_Surp:        0
Hugepagesize:       2048 kB
DirectMap4k:      153588 kB
DirectMap2M:     6137856 kB
DirectMap1G:    27262976 kB
